stm32f1xx_it.c:53:6:NMI_Handler	0	static
stm32f1xx_it.c:132:6:UsageFault_Handler	8	static
stm32f1xx_it.c:110:6:BusFault_Handler	8	static
stm32f1xx_it.c:88:6:MemManage_Handler	8	static
stm32f1xx_it.c:66:6:HardFault_Handler	8	static
stm32f1xx_it.c:154:6:SVC_Handler	0	static
stm32f1xx_it.c:167:6:DebugMon_Handler	0	static
stm32f1xx_it.c:180:6:PendSV_Handler	0	static
stm32f1xx_it.c:193:6:SysTick_Handler	8	static
stm32f1xx_it.c:215:6:DMA1_Channel4_IRQHandler	0	static
stm32f1xx_it.c:229:6:EXTI9_5_IRQHandler	0	static
stm32f1xx_it.c:243:6:USART1_IRQHandler	0	static
