Archive member included to satisfy reference by file (symbol)

c:/program files (x86)/atollic/truestudio for stm32 9.3.0/armtools/bin/../lib/gcc/arm-atollic-eabi/6.3.1/../../../../arm-atollic-eabi/lib/armv7-m\libc_nano.a(lib_a-init.o)
                              startup\startup_stm32f107xc.o (__libc_init_array)
c:/program files (x86)/atollic/truestudio for stm32 9.3.0/armtools/bin/../lib/gcc/arm-atollic-eabi/6.3.1/../../../../arm-atollic-eabi/lib/armv7-m\libc_nano.a(lib_a-memcmp.o)
                              Middlewares\Third_Party\LwIP\src\netif\ethernet.o (memcmp)
c:/program files (x86)/atollic/truestudio for stm32 9.3.0/armtools/bin/../lib/gcc/arm-atollic-eabi/6.3.1/../../../../arm-atollic-eabi/lib/armv7-m\libc_nano.a(lib_a-memcpy-stub.o)
                              App\app.o (memcpy)
c:/program files (x86)/atollic/truestudio for stm32 9.3.0/armtools/bin/../lib/gcc/arm-atollic-eabi/6.3.1/../../../../arm-atollic-eabi/lib/armv7-m\libc_nano.a(lib_a-memmove.o)
                              App\app.o (memmove)
c:/program files (x86)/atollic/truestudio for stm32 9.3.0/armtools/bin/../lib/gcc/arm-atollic-eabi/6.3.1/../../../../arm-atollic-eabi/lib/armv7-m\libc_nano.a(lib_a-memset.o)
                              App\interfaces\tcp_server.o (memset)
c:/program files (x86)/atollic/truestudio for stm32 9.3.0/armtools/bin/../lib/gcc/arm-atollic-eabi/6.3.1/../../../../arm-atollic-eabi/lib/armv7-m\libc_nano.a(lib_a-strlen.o)
                              Middlewares\Third_Party\LwIP\src\core\def.o (strlen)
c:/program files (x86)/atollic/truestudio for stm32 9.3.0/armtools/bin/../lib/gcc/arm-atollic-eabi/6.3.1/../../../../arm-atollic-eabi/lib/armv7-m\libc_nano.a(lib_a-strncmp.o)
                              Middlewares\Third_Party\LwIP\src\core\def.o (strncmp)
c:/program files (x86)/atollic/truestudio for stm32 9.3.0/armtools/bin/../lib/gcc/arm-atollic-eabi/6.3.1/armv7-m\libgcc.a(_lshrdi3.o)
                              Drivers\STM32F1xx_HAL_Driver\Src\stm32f1xx_hal_flash.o (__aeabi_llsr)
c:/program files (x86)/atollic/truestudio for stm32 9.3.0/armtools/bin/../lib/gcc/arm-atollic-eabi/6.3.1/armv7-m\libgcc.a(_aeabi_uldivmod.o)
                              Drivers\STM32F1xx_HAL_Driver\Src\stm32f1xx_hal_rcc.o (__aeabi_uldivmod)
c:/program files (x86)/atollic/truestudio for stm32 9.3.0/armtools/bin/../lib/gcc/arm-atollic-eabi/6.3.1/armv7-m\libgcc.a(_udivmoddi4.o)
                              c:/program files (x86)/atollic/truestudio for stm32 9.3.0/armtools/bin/../lib/gcc/arm-atollic-eabi/6.3.1/armv7-m\libgcc.a(_aeabi_uldivmod.o) (__udivmoddi4)
c:/program files (x86)/atollic/truestudio for stm32 9.3.0/armtools/bin/../lib/gcc/arm-atollic-eabi/6.3.1/armv7-m\libgcc.a(_dvmd_tls.o)
                              c:/program files (x86)/atollic/truestudio for stm32 9.3.0/armtools/bin/../lib/gcc/arm-atollic-eabi/6.3.1/armv7-m\libgcc.a(_aeabi_uldivmod.o) (__aeabi_ldiv0)

Allocating common symbols
Common symbol       size              file

netif_list          0x4               Middlewares\Third_Party\LwIP\src\core\netif.o
ip_data             0x18              Middlewares\Third_Party\LwIP\src\core\ip.o
GATEWAY_ADDRESS     0x4               Src\lwip.o
tcp_active_pcbs_changed
                    0x1               Middlewares\Third_Party\LwIP\src\core\tcp.o
tcp_active_pcbs     0x4               Middlewares\Third_Party\LwIP\src\core\tcp.o
udp_pcbs            0x4               Middlewares\Third_Party\LwIP\src\core\udp.o
hiwdg               0xc               Src\main.o
tcp_ticks           0x4               Middlewares\Third_Party\LwIP\src\core\tcp.o
tcp_listen_pcbs     0x4               Middlewares\Third_Party\LwIP\src\core\tcp.o
hcrc                0x8               Src\main.o
memp_memory_TCP_SEG_base
                    0x103             Middlewares\Third_Party\LwIP\src\core\memp.o
gnetif              0x30              Src\lwip.o
ipaddr              0x4               Src\lwip.o
uwTick              0x4               Drivers\STM32F1xx_HAL_Driver\Src\stm32f1xx_hal.o
memp_memory_PBUF_POOL_base
                    0x2603            Middlewares\Third_Party\LwIP\src\core\memp.o
pFlash              0x20              Drivers\STM32F1xx_HAL_Driver\Src\stm32f1xx_hal_flash.o
NETMASK_ADDRESS     0x4               Src\lwip.o
memp_memory_FRAG_PBUF_base
                    0x16b             Middlewares\Third_Party\LwIP\src\core\memp.o
IP_ADDRESS          0x4               Src\lwip.o
hdma_usart1_tx      0x44              Src\main.o
tcp_input_pcb       0x4               Middlewares\Third_Party\LwIP\src\core\tcp_in.o
netmask             0x4               Src\lwip.o
DMATxDscrTab        0x40              Src\ethernetif.o
huart1              0x40              Src\main.o
Rx_Buff             0x2fa0            Src\ethernetif.o
memp_memory_PBUF_base
                    0x103             Middlewares\Third_Party\LwIP\src\core\memp.o
[...]
Memory Configuration

Name             Origin             Length             Attributes
RAM              0x20000010         0x0000fff0         xrw
FLASH            0x08008000         0x00018000         xr
*default*        0x00000000         0xffffffff

Linker script and memory map

LOAD c:/program files (x86)/atollic/truestudio for stm32 9.3.0/armtools/bin/../lib/gcc/arm-atollic-eabi/6.3.1/armv7-m/crti.o
LOAD c:/program files (x86)/atollic/truestudio for stm32 9.3.0/armtools/bin/../lib/gcc/arm-atollic-eabi/6.3.1/armv7-m/crtbegin.o
LOAD App\app.o
LOAD App\crc.o
LOAD App\dio.o
LOAD App\interfaces\tcp_server.o
LOAD App\raspi_link.o
LOAD App\timers.o
LOAD Drivers\STM32F1xx_HAL_Driver\Src\stm32f1xx_hal.o
LOAD Drivers\STM32F1xx_HAL_Driver\Src\stm32f1xx_hal_cortex.o
LOAD Drivers\STM32F1xx_HAL_Driver\Src\stm32f1xx_hal_crc.o
LOAD Drivers\STM32F1xx_HAL_Driver\Src\stm32f1xx_hal_dma.o
LOAD Drivers\STM32F1xx_HAL_Driver\Src\stm32f1xx_hal_eth.o
LOAD Drivers\STM32F1xx_HAL_Driver\Src\stm32f1xx_hal_flash.o
LOAD Drivers\STM32F1xx_HAL_Driver\Src\stm32f1xx_hal_flash_ex.o
LOAD Drivers\STM32F1xx_HAL_Driver\Src\stm32f1xx_hal_gpio.o
LOAD Drivers\STM32F1xx_HAL_Driver\Src\stm32f1xx_hal_gpio_ex.o
LOAD Drivers\STM32F1xx_HAL_Driver\Src\stm32f1xx_hal_iwdg.o
LOAD Drivers\STM32F1xx_HAL_Driver\Src\stm32f1xx_hal_pwr.o
LOAD Drivers\STM32F1xx_HAL_Driver\Src\stm32f1xx_hal_rcc.o
LOAD Drivers\STM32F1xx_HAL_Driver\Src\stm32f1xx_hal_rcc_ex.o
LOAD Drivers\STM32F1xx_HAL_Driver\Src\stm32f1xx_hal_tim.o
LOAD Drivers\STM32F1xx_HAL_Driver\Src\stm32f1xx_hal_tim_ex.o
LOAD Drivers\STM32F1xx_HAL_Driver\Src\stm32f1xx_hal_uart.o
LOAD Middlewares\Third_Party\LwIP\src\api\api_lib.o
LOAD Middlewares\Third_Party\LwIP\src\api\api_msg.o
LOAD Middlewares\Third_Party\LwIP\src\api\err.o
LOAD Middlewares\Third_Party\LwIP\src\api\netbuf.o
LOAD Middlewares\Third_Party\LwIP\src\api\netdb.o
LOAD Middlewares\Third_Party\LwIP\src\api\netifapi.o
LOAD Middlewares\Third_Party\LwIP\src\api\sockets.o
LOAD Middlewares\Third_Party\LwIP\src\api\tcpip.o
LOAD Middlewares\Third_Party\LwIP\src\core\def.o
LOAD Middlewares\Third_Party\LwIP\src\core\dns.o
LOAD Middlewares\Third_Party\LwIP\src\core\inet_chksum.o
LOAD Middlewares\Third_Party\LwIP\src\core\init.o
LOAD Middlewares\Third_Party\LwIP\src\core\ip.o
LOAD Middlewares\Third_Party\LwIP\src\core\ipv4\autoip.o
LOAD Middlewares\Third_Party\LwIP\src\core\ipv4\dhcp.o
LOAD Middlewares\Third_Party\LwIP\src\core\ipv4\etharp.o
LOAD Middlewares\Third_Party\LwIP\src\core\ipv4\icmp.o
LOAD Middlewares\Third_Party\LwIP\src\core\ipv4\igmp.o
LOAD Middlewares\Third_Party\LwIP\src\core\ipv4\ip4.o
LOAD Middlewares\Third_Party\LwIP\src\core\ipv4\ip4_addr.o
LOAD Middlewares\Third_Party\LwIP\src\core\ipv4\ip4_frag.o
LOAD Middlewares\Third_Party\LwIP\src\core\ipv6\dhcp6.o
LOAD Middlewares\Third_Party\LwIP\src\core\ipv6\ethip6.o
LOAD Middlewares\Third_Party\LwIP\src\core\ipv6\icmp6.o
LOAD Middlewares\Third_Party\LwIP\src\core\ipv6\inet6.o
LOAD Middlewares\Third_Party\LwIP\src\core\ipv6\ip6.o
LOAD Middlewares\Third_Party\LwIP\src\core\ipv6\ip6_addr.o
LOAD Middlewares\Third_Party\LwIP\src\core\ipv6\ip6_frag.o
LOAD Middlewares\Third_Party\LwIP\src\core\ipv6\mld6.o
LOAD Middlewares\Third_Party\LwIP\src\core\ipv6\nd6.o
LOAD Middlewares\Third_Party\LwIP\src\core\mem.o
LOAD Middlewares\Third_Party\LwIP\src\core\memp.o
LOAD Middlewares\Third_Party\LwIP\src\core\netif.o
LOAD Middlewares\Third_Party\LwIP\src\core\pbuf.o
LOAD Middlewares\Third_Party\LwIP\src\core\raw.o
LOAD Middlewares\Third_Party\LwIP\src\core\stats.o
LOAD Middlewares\Third_Party\LwIP\src\core\sys.o
LOAD Middlewares\Third_Party\LwIP\src\core\tcp.o
LOAD Middlewares\Third_Party\LwIP\src\core\tcp_in.o
LOAD Middlewares\Third_Party\LwIP\src\core\tcp_out.o
LOAD Middlewares\Third_Party\LwIP\src\core\timeouts.o
LOAD Middlewares\Third_Party\LwIP\src\core\udp.o
LOAD Middlewares\Third_Party\LwIP\src\netif\ethernet.o
LOAD Middlewares\Third_Party\LwIP\src\netif\lowpan6.o
LOAD Middlewares\Third_Party\LwIP\src\netif\ppp\auth.o
LOAD Middlewares\Third_Party\LwIP\src\netif\ppp\ccp.o
LOAD Middlewares\Third_Party\LwIP\src\netif\ppp\chap-md5.o
LOAD Middlewares\Third_Party\LwIP\src\netif\ppp\chap-new.o
LOAD Middlewares\Third_Party\LwIP\src\netif\ppp\chap_ms.o
LOAD Middlewares\Third_Party\LwIP\src\netif\ppp\demand.o
LOAD Middlewares\Third_Party\LwIP\src\netif\ppp\eap.o
LOAD Middlewares\Third_Party\LwIP\src\netif\ppp\ecp.o
LOAD Middlewares\Third_Party\LwIP\src\netif\ppp\eui64.o
LOAD Middlewares\Third_Party\LwIP\src\netif\ppp\fsm.o
LOAD Middlewares\Third_Party\LwIP\src\netif\ppp\ipcp.o
LOAD Middlewares\Third_Party\LwIP\src\netif\ppp\ipv6cp.o
LOAD Middlewares\Third_Party\LwIP\src\netif\ppp\lcp.o
LOAD Middlewares\Third_Party\LwIP\src\netif\ppp\magic.o
LOAD Middlewares\Third_Party\LwIP\src\netif\ppp\mppe.o
LOAD Middlewares\Third_Party\LwIP\src\netif\ppp\multilink.o
LOAD Middlewares\Third_Party\LwIP\src\netif\ppp\ppp.o
LOAD Middlewares\Third_Party\LwIP\src\netif\ppp\pppapi.o
LOAD Middlewares\Third_Party\LwIP\src\netif\ppp\pppcrypt.o
LOAD Middlewares\Third_Party\LwIP\src\netif\ppp\pppoe.o
LOAD Middlewares\Third_Party\LwIP\src\netif\ppp\pppol2tp.o
LOAD Middlewares\Third_Party\LwIP\src\netif\ppp\pppos.o
LOAD Middlewares\Third_Party\LwIP\src\netif\ppp\upap.o
LOAD Middlewares\Third_Party\LwIP\src\netif\ppp\utils.o
LOAD Middlewares\Third_Party\LwIP\src\netif\ppp\vj.o
LOAD Middlewares\Third_Party\LwIP\src\netif\slipif.o
LOAD Src\ethernetif.o
LOAD Src\lwip.o
LOAD Src\main.o
LOAD Src\stm32f1xx_hal_msp.o
LOAD Src\stm32f1xx_it.o
LOAD Src\system_stm32f1xx.o
LOAD startup\startup_stm32f107xc.o
                0x00000080                malloc_getpagesize_P = 0x80
START GROUP
LOAD c:/program files (x86)/atollic/truestudio for stm32 9.3.0/armtools/bin/../lib/gcc/arm-atollic-eabi/6.3.1/../../../../arm-atollic-eabi/lib/armv7-m\libc_nano.a
LOAD c:/program files (x86)/atollic/truestudio for stm32 9.3.0/armtools/bin/../lib/gcc/arm-atollic-eabi/6.3.1/../../../../arm-atollic-eabi/lib/armv7-m\libm.a
END GROUP
START GROUP
LOAD c:/program files (x86)/atollic/truestudio for stm32 9.3.0/armtools/bin/../lib/gcc/arm-atollic-eabi/6.3.1/armv7-m\libgcc.a
LOAD c:/program files (x86)/atollic/truestudio for stm32 9.3.0/armtools/bin/../lib/gcc/arm-atollic-eabi/6.3.1/../../../../arm-atollic-eabi/lib/armv7-m\libc_nano.a
END GROUP
START GROUP
LOAD c:/program files (x86)/atollic/truestudio for stm32 9.3.0/armtools/bin/../lib/gcc/arm-atollic-eabi/6.3.1/armv7-m\libgcc.a
LOAD c:/program files (x86)/atollic/truestudio for stm32 9.3.0/armtools/bin/../lib/gcc/arm-atollic-eabi/6.3.1/../../../../arm-atollic-eabi/lib/armv7-m\libc_nano.a
LOAD c:/program files (x86)/atollic/truestudio for stm32 9.3.0/armtools/bin/../lib/gcc/arm-atollic-eabi/6.3.1/../../../../arm-atollic-eabi/lib/armv7-m\libnosys.a
END GROUP
START GROUP
LOAD c:/program files (x86)/atollic/truestudio for stm32 9.3.0/armtools/bin/../lib/gcc/arm-atollic-eabi/6.3.1/armv7-m\libgcc.a
LOAD c:/program files (x86)/atollic/truestudio for stm32 9.3.0/armtools/bin/../lib/gcc/arm-atollic-eabi/6.3.1/../../../../arm-atollic-eabi/lib/armv7-m\libc_nano.a
LOAD c:/program files (x86)/atollic/truestudio for stm32 9.3.0/armtools/bin/../lib/gcc/arm-atollic-eabi/6.3.1/../../../../arm-atollic-eabi/lib/armv7-m\libnosys.a
END GROUP
LOAD c:/program files (x86)/atollic/truestudio for stm32 9.3.0/armtools/bin/../lib/gcc/arm-atollic-eabi/6.3.1/armv7-m/crtend.o
LOAD c:/program files (x86)/atollic/truestudio for stm32 9.3.0/armtools/bin/../lib/gcc/arm-atollic-eabi/6.3.1/armv7-m/crtn.o
                0x20010000                _estack = 0x20010000
                0x00000200                _Min_Heap_Size = 0x200
                0x00000400                _Min_Stack_Size = 0x400

.isr_vector     0x08008000      0x1e4
                0x08008000                . = ALIGN (0x4)
 *(.isr_vector)
 .isr_vector    0x08008000      0x1e4 startup\startup_stm32f107xc.o
                0x08008000                g_pfnVectors
                0x080081e4                . = ALIGN (0x4)

.text           0x080081e4     0x75dc
                0x080081e4                . = ALIGN (0x4)
 *(.text)
 .text          0x080081e4       0x40 c:/program files (x86)/atollic/truestudio for stm32 9.3.0/armtools/bin/../lib/gcc/arm-atollic-eabi/6.3.1/armv7-m/crtbegin.o
 .text          0x08008224       0x30 c:/program files (x86)/atollic/truestudio for stm32 9.3.0/armtools/bin/../lib/gcc/arm-atollic-eabi/6.3.1/armv7-m\libgcc.a(_aeabi_uldivmod.o)
                0x08008224                __aeabi_uldivmod
 .text          0x08008254      0x2dc c:/program files (x86)/atollic/truestudio for stm32 9.3.0/armtools/bin/../lib/gcc/arm-atollic-eabi/6.3.1/armv7-m\libgcc.a(_udivmoddi4.o)
                0x08008254                __udivmoddi4
 .text          0x08008530        0x4 c:/program files (x86)/atollic/truestudio for stm32 9.3.0/armtools/bin/../lib/gcc/arm-atollic-eabi/6.3.1/armv7-m\libgcc.a(_dvmd_tls.o)
                0x08008530                __aeabi_idiv0
                0x08008530                __aeabi_ldiv0
 *(.text*)
 .text.__tcp_rx_data_add
                0x08008534       0x32 App\app.o
                0x08008534                __tcp_rx_data_add
 .text.__tcp_rx_sync_kadr
                0x08008566       0x1a App\app.o
                0x08008566                __tcp_rx_sync_kadr
 .text.tcp_handle_kadrs
                0x08008580      0x200 App\app.o
                0x08008580                tcp_handle_kadrs
 .text.tcp_handle_data
                0x08008780       0x60 App\app.o
                0x08008780                tcp_handle_data
 .text.raspi_check_st
                0x080087e0       0x9c App\app.o
                0x080087e0                raspi_check_st
 .text.but_rst_ctrl
                0x0800887c       0xc0 App\app.o
                0x0800887c                but_rst_ctrl
 .text.app_init
                0x0800893c       0x90 App\app.o
                0x0800893c                app_init
 .text.app_step
                0x080089cc      0x19c App\app.o
                0x080089cc                app_step
 .text.HAL_GPIO_EXTI_Callback
                0x08008b68        0xa App\app.o
                0x08008b68                HAL_GPIO_EXTI_Callback
 .text.reverse_32
                0x08008b72       0x20 App\crc.o
                0x08008b72                reverse_32
 *fill*         0x08008b92        0x2 
 .text.crc32    0x08008b94       0x10 App\crc.o
                0x08008b94                crc32
 .text.crc32_ether
                0x08008ba4       0x9c App\crc.o
                0x08008ba4                crc32_ether
 .text.dio_out_bit_read
                0x08008c40       0x1c App\dio.o
                0x08008c40                dio_out_bit_read
 .text.dio_out_write
                0x08008c5c       0x2c App\dio.o
                0x08008c5c                dio_out_write
 .text.dio_out_bit_write
                0x08008c88       0x24 App\dio.o
                0x08008c88                dio_out_bit_write
 .text.dio_in_read
                0x08008cac       0x5c App\dio.o
                0x08008cac                dio_in_read
 .text.dio_in_filter
                0x08008d08       0x54 App\dio.o
                0x08008d08                dio_in_filter
 .text.dio_key_press
                0x08008d5c       0x20 App\dio.o
                0x08008d5c                dio_key_press
 .text.dio_key_reset
                0x08008d7c        0x2 App\dio.o
                0x08008d7c                dio_key_reset
 .text.tcp_server_poll
                0x08008d7e        0x4 App\interfaces\tcp_server.o
                0x08008d7e                tcp_server_poll
 *fill*         0x08008d82        0x2 
 .text.tcp_server_recv
                0x08008d84       0x60 App\interfaces\tcp_server.o
                0x08008d84                tcp_server_recv
 .text.tcp_server_init
                0x08008de4       0x70 App\interfaces\tcp_server.o
                0x08008de4                tcp_server_init
 .text.socket_allock
                0x08008e54       0x24 App\interfaces\tcp_server.o
                0x08008e54                socket_allock
 .text.tcp_server_accept
                0x08008e78       0x68 App\interfaces\tcp_server.o
                0x08008e78                tcp_server_accept
 .text.socket_free
                0x08008ee0       0x44 App\interfaces\tcp_server.o
                0x08008ee0                socket_free
 .text.tcp_server_connection_close
                0x08008f24        0x8 App\interfaces\tcp_server.o
                0x08008f24                tcp_server_connection_close
 .text.tcp_server_error
                0x08008f2c        0x8 App\interfaces\tcp_server.o
                0x08008f2c                tcp_server_error
 .text.tcp_server_send_tss
                0x08008f34       0x40 App\interfaces\tcp_server.o
                0x08008f34                tcp_server_send_tss
 .text.tcp_server_send_data
                0x08008f74       0x40 App\interfaces\tcp_server.o
                0x08008f74                tcp_server_send_data
 .text.tsp_server_close_all_connections
                0x08008fb4       0x14 App\interfaces\tcp_server.o
                0x08008fb4                tsp_server_close_all_connections
 .text.ethernet_get_link
                0x08008fc8       0x64 App\interfaces\tcp_server.o
                0x08008fc8                ethernet_get_link
 .text.tcp_server_svc
                0x0800902c       0x38 App\interfaces\tcp_server.o
                0x0800902c                tcp_server_svc
 .text.raspi_link_init
                0x08009064       0x1c App\raspi_link.o
                0x08009064                raspi_link_init
 .text.raspi_link_swith_cam
                0x08009080       0x44 App\raspi_link.o
                0x08009080                raspi_link_swith_cam
 .text.raspi_link_set_time
                0x080090c4       0x80 App\raspi_link.o
                0x080090c4                raspi_link_set_time
 .text.raspi_link_set_cam
                0x08009144       0x3c App\raspi_link.o
                0x08009144                raspi_link_set_cam
 .text.raspi_link_step
                0x08009180       0x78 App\raspi_link.o
                0x08009180                raspi_link_step
 .text.timers_get_finish_time
                0x080091f8        0xc App\timers.o
                0x080091f8                timers_get_finish_time
 .text.timers_get_time_left
                0x08009204       0x12 App\timers.o
                0x08009204                timers_get_time_left
 *fill*         0x08009216        0x2 
 .text.HAL_InitTick
                0x08009218       0x48 Drivers\STM32F1xx_HAL_Driver\Src\stm32f1xx_hal.o
                0x08009218                HAL_InitTick
 .text.HAL_Init
                0x08009260       0x24 Drivers\STM32F1xx_HAL_Driver\Src\stm32f1xx_hal.o
                0x08009260                HAL_Init
 .text.HAL_IncTick
                0x08009284       0x18 Drivers\STM32F1xx_HAL_Driver\Src\stm32f1xx_hal.o
                0x08009284                HAL_IncTick
 .text.HAL_GetTick
                0x0800929c        0xc Drivers\STM32F1xx_HAL_Driver\Src\stm32f1xx_hal.o
                0x0800929c                HAL_GetTick
 .text.HAL_Delay
                0x080092a8       0x24 Drivers\STM32F1xx_HAL_Driver\Src\stm32f1xx_hal.o
                0x080092a8                HAL_Delay
 .text.HAL_NVIC_SetPriorityGrouping
                0x080092cc       0x24 Drivers\STM32F1xx_HAL_Driver\Src\stm32f1xx_hal_cortex.o
                0x080092cc                HAL_NVIC_SetPriorityGrouping
 .text.HAL_NVIC_SetPriority
                0x080092f0       0x68 Drivers\STM32F1xx_HAL_Driver\Src\stm32f1xx_hal_cortex.o
                0x080092f0                HAL_NVIC_SetPriority
 .text.HAL_NVIC_EnableIRQ
                0x08009358       0x18 Drivers\STM32F1xx_HAL_Driver\Src\stm32f1xx_hal_cortex.o
                0x08009358                HAL_NVIC_EnableIRQ
 .text.HAL_SYSTICK_Config
                0x08009370       0x2c Drivers\STM32F1xx_HAL_Driver\Src\stm32f1xx_hal_cortex.o
                0x08009370                HAL_SYSTICK_Config
 .text.HAL_SYSTICK_CLKSourceConfig
                0x0800939c       0x18 Drivers\STM32F1xx_HAL_Driver\Src\stm32f1xx_hal_cortex.o
                0x0800939c                HAL_SYSTICK_CLKSourceConfig
 .text.HAL_SYSTICK_Callback
                0x080093b4        0x2 Drivers\STM32F1xx_HAL_Driver\Src\stm32f1xx_hal_cortex.o
                0x080093b4                HAL_SYSTICK_Callback
 .text.HAL_SYSTICK_IRQHandler
                0x080093b6        0x8 Drivers\STM32F1xx_HAL_Driver\Src\stm32f1xx_hal_cortex.o
                0x080093b6                HAL_SYSTICK_IRQHandler
 .text.HAL_CRC_Init
                0x080093be       0x20 Drivers\STM32F1xx_HAL_Driver\Src\stm32f1xx_hal_crc.o
                0x080093be                HAL_CRC_Init
 *fill*         0x080093de        0x2 
 .text.HAL_DMA_Init
                0x080093e0       0x88 Drivers\STM32F1xx_HAL_Driver\Src\stm32f1xx_hal_dma.o
                0x080093e0                HAL_DMA_Init
 .text.HAL_DMA_Start_IT
                0x08009468       0x7a Drivers\STM32F1xx_HAL_Driver\Src\stm32f1xx_hal_dma.o
                0x08009468                HAL_DMA_Start_IT
 *fill*         0x080094e2        0x2 
 .text.HAL_DMA_Abort_IT
                0x080094e4       0xdc Drivers\STM32F1xx_HAL_Driver\Src\stm32f1xx_hal_dma.o
                0x080094e4                HAL_DMA_Abort_IT
 .text.HAL_DMA_IRQHandler
                0x080095c0      0x1b8 Drivers\STM32F1xx_HAL_Driver\Src\stm32f1xx_hal_dma.o
                0x080095c0                HAL_DMA_IRQHandler
 .text.ETH_Delay.constprop.4
                0x08009778       0x24 Drivers\STM32F1xx_HAL_Driver\Src\stm32f1xx_hal_eth.o
 .text.ETH_FlushTransmitFIFO
                0x0800979c       0x28 Drivers\STM32F1xx_HAL_Driver\Src\stm32f1xx_hal_eth.o
 .text.ETH_MACDMAConfig
                0x080097c4       0xf4 Drivers\STM32F1xx_HAL_Driver\Src\stm32f1xx_hal_eth.o
 .text.HAL_ETH_DMATxDescListInit
                0x080098b8       0x7a Drivers\STM32F1xx_HAL_Driver\Src\stm32f1xx_hal_eth.o
                0x080098b8                HAL_ETH_DMATxDescListInit
 .text.HAL_ETH_DMARxDescListInit
                0x08009932       0x78 Drivers\STM32F1xx_HAL_Driver\Src\stm32f1xx_hal_eth.o
                0x08009932                HAL_ETH_DMARxDescListInit
 *fill*         0x080099aa        0x2 
 .text.HAL_ETH_TransmitFrame
                0x080099ac       0xec Drivers\STM32F1xx_HAL_Driver\Src\stm32f1xx_hal_eth.o
                0x080099ac                HAL_ETH_TransmitFrame
 .text.HAL_ETH_GetReceivedFrame
                0x08009a98       0x7e Drivers\STM32F1xx_HAL_Driver\Src\stm32f1xx_hal_eth.o
                0x08009a98                HAL_ETH_GetReceivedFrame
 .text.HAL_ETH_ReadPHYRegister
                0x08009b16       0x74 Drivers\STM32F1xx_HAL_Driver\Src\stm32f1xx_hal_eth.o
                0x08009b16                HAL_ETH_ReadPHYRegister
 .text.HAL_ETH_WritePHYRegister
                0x08009b8a       0x6e Drivers\STM32F1xx_HAL_Driver\Src\stm32f1xx_hal_eth.o
                0x08009b8a                HAL_ETH_WritePHYRegister
 .text.HAL_ETH_Init
                0x08009bf8      0x1ac Drivers\STM32F1xx_HAL_Driver\Src\stm32f1xx_hal_eth.o
                0x08009bf8                HAL_ETH_Init
 .text.HAL_ETH_Start
                0x08009da4       0x78 Drivers\STM32F1xx_HAL_Driver\Src\stm32f1xx_hal_eth.o
                0x08009da4                HAL_ETH_Start
 .text.HAL_GPIO_Init
                0x08009e1c      0x1c0 Drivers\STM32F1xx_HAL_Driver\Src\stm32f1xx_hal_gpio.o
                0x08009e1c                HAL_GPIO_Init
 .text.HAL_GPIO_ReadPin
                0x08009fdc        0xc Drivers\STM32F1xx_HAL_Driver\Src\stm32f1xx_hal_gpio.o
                0x08009fdc                HAL_GPIO_ReadPin
 .text.HAL_GPIO_WritePin
                0x08009fe8        0xa Drivers\STM32F1xx_HAL_Driver\Src\stm32f1xx_hal_gpio.o
                0x08009fe8                HAL_GPIO_WritePin
 .text.HAL_GPIO_TogglePin
                0x08009ff2        0x8 Drivers\STM32F1xx_HAL_Driver\Src\stm32f1xx_hal_gpio.o
                0x08009ff2                HAL_GPIO_TogglePin
 *fill*         0x08009ffa        0x2 
 .text.HAL_GPIO_EXTI_IRQHandler
                0x08009ffc       0x18 Drivers\STM32F1xx_HAL_Driver\Src\stm32f1xx_hal_gpio.o
                0x08009ffc                HAL_GPIO_EXTI_IRQHandler
 .text.HAL_IWDG_Init
                0x0800a014       0x42 Drivers\STM32F1xx_HAL_Driver\Src\stm32f1xx_hal_iwdg.o
                0x0800a014                HAL_IWDG_Init
 .text.HAL_IWDG_Refresh
                0x0800a056        0xc Drivers\STM32F1xx_HAL_Driver\Src\stm32f1xx_hal_iwdg.o
                0x0800a056                HAL_IWDG_Refresh
 *fill*         0x0800a062        0x2 
 .text.HAL_RCC_OscConfig
                0x0800a064      0x3d8 Drivers\STM32F1xx_HAL_Driver\Src\stm32f1xx_hal_rcc.o
                0x0800a064                HAL_RCC_OscConfig
 .text.HAL_RCC_GetSysClockFreq
                0x0800a43c       0xd0 Drivers\STM32F1xx_HAL_Driver\Src\stm32f1xx_hal_rcc.o
                0x0800a43c                HAL_RCC_GetSysClockFreq
 .text.HAL_RCC_ClockConfig
                0x0800a50c      0x148 Drivers\STM32F1xx_HAL_Driver\Src\stm32f1xx_hal_rcc.o
                0x0800a50c                HAL_RCC_ClockConfig
 .text.HAL_RCC_GetHCLKFreq
                0x0800a654        0xc Drivers\STM32F1xx_HAL_Driver\Src\stm32f1xx_hal_rcc.o
                0x0800a654                HAL_RCC_GetHCLKFreq
 .text.HAL_RCC_GetPCLK1Freq
                0x0800a660       0x20 Drivers\STM32F1xx_HAL_Driver\Src\stm32f1xx_hal_rcc.o
                0x0800a660                HAL_RCC_GetPCLK1Freq
 .text.HAL_RCC_GetPCLK2Freq
                0x0800a680       0x20 Drivers\STM32F1xx_HAL_Driver\Src\stm32f1xx_hal_rcc.o
                0x0800a680                HAL_RCC_GetPCLK2Freq
 .text.UART_EndRxTransfer
                0x0800a6a0       0x1a Drivers\STM32F1xx_HAL_Driver\Src\stm32f1xx_hal_uart.o
 *fill*         0x0800a6ba        0x2 
 .text.UART_SetConfig
                0x0800a6bc      0x13c Drivers\STM32F1xx_HAL_Driver\Src\stm32f1xx_hal_uart.o
 .text.HAL_UART_Init
                0x0800a7f8       0x5c Drivers\STM32F1xx_HAL_Driver\Src\stm32f1xx_hal_uart.o
                0x0800a7f8                HAL_UART_Init
 .text.HAL_UART_Transmit_DMA
                0x0800a854       0x74 Drivers\STM32F1xx_HAL_Driver\Src\stm32f1xx_hal_uart.o
                0x0800a854                HAL_UART_Transmit_DMA
 .text.HAL_UART_TxCpltCallback
                0x0800a8c8        0x2 Drivers\STM32F1xx_HAL_Driver\Src\stm32f1xx_hal_uart.o
                0x0800a8c8                HAL_UART_TxCpltCallback
 .text.UART_DMATransmitCplt
                0x0800a8ca       0x2c Drivers\STM32F1xx_HAL_Driver\Src\stm32f1xx_hal_uart.o
 .text.HAL_UART_TxHalfCpltCallback
                0x0800a8f6        0x2 Drivers\STM32F1xx_HAL_Driver\Src\stm32f1xx_hal_uart.o
                0x0800a8f6                HAL_UART_TxHalfCpltCallback
 .text.UART_DMATxHalfCplt
                0x0800a8f8        0xa Drivers\STM32F1xx_HAL_Driver\Src\stm32f1xx_hal_uart.o
 .text.HAL_UART_RxCpltCallback
                0x0800a902        0x2 Drivers\STM32F1xx_HAL_Driver\Src\stm32f1xx_hal_uart.o
                0x0800a902                HAL_UART_RxCpltCallback
 .text.UART_Receive_IT
                0x0800a904       0x7c Drivers\STM32F1xx_HAL_Driver\Src\stm32f1xx_hal_uart.o
 .text.HAL_UART_ErrorCallback
                0x0800a980        0x2 Drivers\STM32F1xx_HAL_Driver\Src\stm32f1xx_hal_uart.o
                0x0800a980                HAL_UART_ErrorCallback
 .text.UART_DMAError
                0x0800a982       0x4e Drivers\STM32F1xx_HAL_Driver\Src\stm32f1xx_hal_uart.o
 .text.HAL_UART_IRQHandler
                0x0800a9d0      0x140 Drivers\STM32F1xx_HAL_Driver\Src\stm32f1xx_hal_uart.o
                0x0800a9d0                HAL_UART_IRQHandler
 .text.UART_DMAAbortOnError
                0x0800ab10       0x10 Drivers\STM32F1xx_HAL_Driver\Src\stm32f1xx_hal_uart.o
 .text.lwip_htons
                0x0800ab20        0x6 Middlewares\Third_Party\LwIP\src\core\def.o
                0x0800ab20                lwip_htons
 .text.lwip_htonl
                0x0800ab26        0x4 Middlewares\Third_Party\LwIP\src\core\def.o
                0x0800ab26                lwip_htonl
 .text.lwip_init
                0x0800ab2a       0x1e Middlewares\Third_Party\LwIP\src\core\init.o
                0x0800ab2a                lwip_init
 .text.etharp_free_entry
                0x0800ab48       0x28 Middlewares\Third_Party\LwIP\src\core\ipv4\etharp.o
 .text.etharp_find_entry.isra.0
                0x0800ab70       0xd0 Middlewares\Third_Party\LwIP\src\core\ipv4\etharp.o
 .text.etharp_raw.constprop.1
                0x0800ac40       0x88 Middlewares\Third_Party\LwIP\src\core\ipv4\etharp.o
 .text.etharp_cleanup_netif
                0x0800acc8       0x28 Middlewares\Third_Party\LwIP\src\core\ipv4\etharp.o
                0x0800acc8                etharp_cleanup_netif
 .text.etharp_input
                0x0800acf0      0x114 Middlewares\Third_Party\LwIP\src\core\ipv4\etharp.o
                0x0800acf0                etharp_input
 .text.etharp_request
                0x0800ae04       0x20 Middlewares\Third_Party\LwIP\src\core\ipv4\etharp.o
                0x0800ae04                etharp_request
 .text.etharp_tmr
                0x0800ae24       0x54 Middlewares\Third_Party\LwIP\src\core\ipv4\etharp.o
                0x0800ae24                etharp_tmr
 .text.etharp_output_to_arp_index
                0x0800ae78       0x74 Middlewares\Third_Party\LwIP\src\core\ipv4\etharp.o
 .text.etharp_query
                0x0800aeec       0xf0 Middlewares\Third_Party\LwIP\src\core\ipv4\etharp.o
                0x0800aeec                etharp_query
 .text.etharp_output
                0x0800afdc       0xe4 Middlewares\Third_Party\LwIP\src\core\ipv4\etharp.o
                0x0800afdc                etharp_output
 .text.icmp_send_response.isra.0
                0x0800b0c0       0x72 Middlewares\Third_Party\LwIP\src\core\ipv4\icmp.o
 *fill*         0x0800b132        0x2 
 .text.icmp_input
                0x0800b134      0x108 Middlewares\Third_Party\LwIP\src\core\ipv4\icmp.o
                0x0800b134                icmp_input
 .text.icmp_dest_unreach
                0x0800b23c        0xa Middlewares\Third_Party\LwIP\src\core\ipv4\icmp.o
                0x0800b23c                icmp_dest_unreach
 .text.icmp_time_exceeded
                0x0800b246        0xa Middlewares\Third_Party\LwIP\src\core\ipv4\icmp.o
                0x0800b246                icmp_time_exceeded
 .text.ip4_route
                0x0800b250       0x58 Middlewares\Third_Party\LwIP\src\core\ipv4\ip4.o
                0x0800b250                ip4_route
 .text.ip4_input
                0x0800b2a8      0x17c Middlewares\Third_Party\LwIP\src\core\ipv4\ip4.o
                0x0800b2a8                ip4_input
 .text.ip4_output_if_src
                0x0800b424       0xb8 Middlewares\Third_Party\LwIP\src\core\ipv4\ip4.o
                0x0800b424                ip4_output_if_src
 .text.ip4_output_if
                0x0800b4dc       0x22 Middlewares\Third_Party\LwIP\src\core\ipv4\ip4.o
                0x0800b4dc                ip4_output_if
 .text.ip4_addr_isbroadcast_u32
                0x0800b4fe       0x32 Middlewares\Third_Party\LwIP\src\core\ipv4\ip4_addr.o
                0x0800b4fe                ip4_addr_isbroadcast_u32
 .text.ipfrag_free_pbuf_custom
                0x0800b530       0x18 Middlewares\Third_Party\LwIP\src\core\ipv4\ip4_frag.o
 .text.ip_reass_free_complete_datagram
                0x0800b548       0x8c Middlewares\Third_Party\LwIP\src\core\ipv4\ip4_frag.o
 .text.ip_reass_remove_oldest_datagram
                0x0800b5d4       0x78 Middlewares\Third_Party\LwIP\src\core\ipv4\ip4_frag.o
 .text.ip_reass_tmr
                0x0800b64c       0x28 Middlewares\Third_Party\LwIP\src\core\ipv4\ip4_frag.o
                0x0800b64c                ip_reass_tmr
 .text.ip4_reass
                0x0800b674      0x2c8 Middlewares\Third_Party\LwIP\src\core\ipv4\ip4_frag.o
                0x0800b674                ip4_reass
 .text.ip4_frag
                0x0800b93c      0x174 Middlewares\Third_Party\LwIP\src\core\ipv4\ip4_frag.o
                0x0800b93c                ip4_frag
 .text.mem_init
                0x0800bab0       0x40 Middlewares\Third_Party\LwIP\src\core\mem.o
                0x0800bab0                mem_init
 .text.mem_free
                0x0800baf0       0x88 Middlewares\Third_Party\LwIP\src\core\mem.o
                0x0800baf0                mem_free
 .text.mem_trim
                0x0800bb78       0xac Middlewares\Third_Party\LwIP\src\core\mem.o
                0x0800bb78                mem_trim
 .text.mem_malloc
                0x0800bc24       0xb8 Middlewares\Third_Party\LwIP\src\core\mem.o
                0x0800bc24                mem_malloc
 .text.memp_init_pool
                0x0800bcdc       0x26 Middlewares\Third_Party\LwIP\src\core\memp.o
                0x0800bcdc                memp_init_pool
 *fill*         0x0800bd02        0x2 
 .text.memp_init
                0x0800bd04       0x1c Middlewares\Third_Party\LwIP\src\core\memp.o
                0x0800bd04                memp_init
 .text.memp_malloc
                0x0800bd20       0x20 Middlewares\Third_Party\LwIP\src\core\memp.o
                0x0800bd20                memp_malloc
 .text.memp_free
                0x0800bd40       0x1c Middlewares\Third_Party\LwIP\src\core\memp.o
                0x0800bd40                memp_free
 .text.netif_issue_reports.part.0
                0x0800bd5c       0x12 Middlewares\Third_Party\LwIP\src\core\netif.o
 .text.netif_init
                0x0800bd6e        0x2 Middlewares\Third_Party\LwIP\src\core\netif.o
                0x0800bd6e                netif_init
 .text.netif_set_ipaddr
                0x0800bd70       0x44 Middlewares\Third_Party\LwIP\src\core\netif.o
                0x0800bd70                netif_set_ipaddr
 .text.netif_set_addr
                0x0800bdb4       0x38 Middlewares\Third_Party\LwIP\src\core\netif.o
                0x0800bdb4                netif_set_addr
 .text.netif_add
                0x0800bdec       0x54 Middlewares\Third_Party\LwIP\src\core\netif.o
                0x0800bdec                netif_add
 .text.netif_set_default
                0x0800be40        0xc Middlewares\Third_Party\LwIP\src\core\netif.o
                0x0800be40                netif_set_default
 .text.netif_set_up
                0x0800be4c       0x1e Middlewares\Third_Party\LwIP\src\core\netif.o
                0x0800be4c                netif_set_up
 .text.netif_set_down
                0x0800be6a       0x1a Middlewares\Third_Party\LwIP\src\core\netif.o
                0x0800be6a                netif_set_down
 .text.netif_set_link_up
                0x0800be84       0x1e Middlewares\Third_Party\LwIP\src\core\netif.o
                0x0800be84                netif_set_link_up
 .text.netif_set_link_down
                0x0800bea2       0x12 Middlewares\Third_Party\LwIP\src\core\netif.o
                0x0800bea2                netif_set_link_down
 .text.pbuf_header_impl.part.0
                0x0800beb4       0x5a Middlewares\Third_Party\LwIP\src\core\pbuf.o
 *fill*         0x0800bf0e        0x2 
 .text.pbuf_free_ooseq
                0x0800bf10       0x2c Middlewares\Third_Party\LwIP\src\core\pbuf.o
                0x0800bf10                pbuf_free_ooseq
 .text.pbuf_alloced_custom
                0x0800bf3c       0x56 Middlewares\Third_Party\LwIP\src\core\pbuf.o
                0x0800bf3c                pbuf_alloced_custom
 .text.pbuf_header
                0x0800bf92        0xe Middlewares\Third_Party\LwIP\src\core\pbuf.o
                0x0800bf92                pbuf_header
 .text.pbuf_header_force
                0x0800bfa0        0xe Middlewares\Third_Party\LwIP\src\core\pbuf.o
                0x0800bfa0                pbuf_header_force
 .text.pbuf_free
                0x0800bfae       0x4e Middlewares\Third_Party\LwIP\src\core\pbuf.o
                0x0800bfae                pbuf_free
 .text.pbuf_alloc
                0x0800bffc      0x118 Middlewares\Third_Party\LwIP\src\core\pbuf.o
                0x0800bffc                pbuf_alloc
 .text.pbuf_realloc
                0x0800c114       0x52 Middlewares\Third_Party\LwIP\src\core\pbuf.o
                0x0800c114                pbuf_realloc
 .text.pbuf_clen
                0x0800c166       0x10 Middlewares\Third_Party\LwIP\src\core\pbuf.o
                0x0800c166                pbuf_clen
 .text.pbuf_ref
                0x0800c176        0xa Middlewares\Third_Party\LwIP\src\core\pbuf.o
                0x0800c176                pbuf_ref
 .text.pbuf_cat
                0x0800c180       0x1c Middlewares\Third_Party\LwIP\src\core\pbuf.o
                0x0800c180                pbuf_cat
 .text.pbuf_copy
                0x0800c19c       0x9c Middlewares\Third_Party\LwIP\src\core\pbuf.o
                0x0800c19c                pbuf_copy
 .text.pbuf_copy_partial
                0x0800c238       0x5e Middlewares\Third_Party\LwIP\src\core\pbuf.o
                0x0800c238                pbuf_copy_partial
 *fill*         0x0800c296        0x2 
 .text.tcp_new_port
                0x0800c298       0x54 Middlewares\Third_Party\LwIP\src\core\tcp.o
 .text.tcp_init
                0x0800c2ec        0x2 Middlewares\Third_Party\LwIP\src\core\tcp.o
                0x0800c2ec                tcp_init
 *fill*         0x0800c2ee        0x2 
 .text.tcp_bind
                0x0800c2f0       0x78 Middlewares\Third_Party\LwIP\src\core\tcp.o
                0x0800c2f0                tcp_bind
 .text.tcp_listen_with_backlog
                0x0800c368       0x84 Middlewares\Third_Party\LwIP\src\core\tcp.o
                0x0800c368                tcp_listen_with_backlog
 .text.tcp_update_rcv_ann_wnd
                0x0800c3ec       0x34 Middlewares\Third_Party\LwIP\src\core\tcp.o
                0x0800c3ec                tcp_update_rcv_ann_wnd
 .text.tcp_recved
                0x0800c420       0x48 Middlewares\Third_Party\LwIP\src\core\tcp.o
                0x0800c420                tcp_recved
 .text.tcp_seg_free
                0x0800c468       0x1c Middlewares\Third_Party\LwIP\src\core\tcp.o
                0x0800c468                tcp_seg_free
 .text.tcp_segs_free
                0x0800c484       0x10 Middlewares\Third_Party\LwIP\src\core\tcp.o
                0x0800c484                tcp_segs_free
 .text.tcp_setprio
                0x0800c494        0x4 Middlewares\Third_Party\LwIP\src\core\tcp.o
                0x0800c494                tcp_setprio
 .text.tcp_seg_copy
                0x0800c498       0x2c Middlewares\Third_Party\LwIP\src\core\tcp.o
                0x0800c498                tcp_seg_copy
 .text.tcp_arg  0x0800c4c4        0x6 Middlewares\Third_Party\LwIP\src\core\tcp.o
                0x0800c4c4                tcp_arg
 .text.tcp_recv
                0x0800c4ca        0x8 Middlewares\Third_Party\LwIP\src\core\tcp.o
                0x0800c4ca                tcp_recv
 .text.tcp_err  0x0800c4d2        0x8 Middlewares\Third_Party\LwIP\src\core\tcp.o
                0x0800c4d2                tcp_err
 .text.tcp_accept
                0x0800c4da        0xc Middlewares\Third_Party\LwIP\src\core\tcp.o
                0x0800c4da                tcp_accept
 .text.tcp_poll
                0x0800c4e6        0x8 Middlewares\Third_Party\LwIP\src\core\tcp.o
                0x0800c4e6                tcp_poll
 .text.tcp_pcb_purge
                0x0800c4ee       0x40 Middlewares\Third_Party\LwIP\src\core\tcp.o
                0x0800c4ee                tcp_pcb_purge
 *fill*         0x0800c52e        0x2 
 .text.tcp_slowtmr
                0x0800c530      0x2f0 Middlewares\Third_Party\LwIP\src\core\tcp.o
                0x0800c530                tcp_slowtmr
 .text.tcp_pcb_remove
                0x0800c820       0x4e Middlewares\Third_Party\LwIP\src\core\tcp.o
                0x0800c820                tcp_pcb_remove
 *fill*         0x0800c86e        0x2 
 .text.tcp_close_shutdown
                0x0800c870      0x164 Middlewares\Third_Party\LwIP\src\core\tcp.o
 .text.tcp_close
                0x0800c9d4       0x14 Middlewares\Third_Party\LwIP\src\core\tcp.o
                0x0800c9d4                tcp_close
 .text.tcp_recv_null
                0x0800c9e8       0x24 Middlewares\Third_Party\LwIP\src\core\tcp.o
                0x0800c9e8                tcp_recv_null
 .text.tcp_process_refused_data
                0x0800ca0c       0x66 Middlewares\Third_Party\LwIP\src\core\tcp.o
                0x0800ca0c                tcp_process_refused_data
 *fill*         0x0800ca72        0x2 
 .text.tcp_fasttmr
                0x0800ca74       0x70 Middlewares\Third_Party\LwIP\src\core\tcp.o
                0x0800ca74                tcp_fasttmr
 .text.tcp_tmr  0x0800cae4       0x24 Middlewares\Third_Party\LwIP\src\core\tcp.o
                0x0800cae4                tcp_tmr
 .text.tcp_abandon
                0x0800cb08       0xcc Middlewares\Third_Party\LwIP\src\core\tcp.o
                0x0800cb08                tcp_abandon
 .text.tcp_abort
                0x0800cbd4        0x6 Middlewares\Third_Party\LwIP\src\core\tcp.o
                0x0800cbd4                tcp_abort
 .text.tcp_accept_null
                0x0800cbda        0xe Middlewares\Third_Party\LwIP\src\core\tcp.o
 .text.tcp_netif_ip_addr_changed_pcblist
                0x0800cbe8       0x1c Middlewares\Third_Party\LwIP\src\core\tcp.o
 .text.tcp_kill_state
                0x0800cc04       0x3c Middlewares\Third_Party\LwIP\src\core\tcp.o
 .text.tcp_next_iss
                0x0800cc40       0x18 Middlewares\Third_Party\LwIP\src\core\tcp.o
                0x0800cc40                tcp_next_iss
 .text.tcp_alloc
                0x0800cc58      0x118 Middlewares\Third_Party\LwIP\src\core\tcp.o
                0x0800cc58                tcp_alloc
 .text.tcp_eff_send_mss_impl
                0x0800cd70       0x1e Middlewares\Third_Party\LwIP\src\core\tcp.o
                0x0800cd70                tcp_eff_send_mss_impl
 *fill*         0x0800cd8e        0x2 
 .text.tcp_netif_ip_addr_changed
                0x0800cd90       0x4c Middlewares\Third_Party\LwIP\src\core\tcp.o
                0x0800cd90                tcp_netif_ip_addr_changed
 .text.tcp_oos_insert_segment
                0x0800cddc       0x7c Middlewares\Third_Party\LwIP\src\core\tcp_in.o
 .text.tcp_receive
                0x0800ce58      0x7b8 Middlewares\Third_Party\LwIP\src\core\tcp_in.o
 .text.tcp_getoptbyte
                0x0800d610       0x40 Middlewares\Third_Party\LwIP\src\core\tcp_in.o
 .text.tcp_parseopt.isra.1.part.2
                0x0800d650       0x70 Middlewares\Third_Party\LwIP\src\core\tcp_in.o
 .text.tcp_input
                0x0800d6c0      0x88c Middlewares\Third_Party\LwIP\src\core\tcp_in.o
                0x0800d6c0                tcp_input
 .text.tcp_trigger_input_pcb_close
                0x0800df4c       0x10 Middlewares\Third_Party\LwIP\src\core\tcp_in.o
                0x0800df4c                tcp_trigger_input_pcb_close
 .text.tcp_pbuf_prealloc
                0x0800df5c       0x50 Middlewares\Third_Party\LwIP\src\core\tcp_out.o
 .text.tcp_create_segment
                0x0800dfac       0xae Middlewares\Third_Party\LwIP\src\core\tcp_out.o
 .text.tcp_output_alloc_header.constprop.0
                0x0800e05a       0x5a Middlewares\Third_Party\LwIP\src\core\tcp_out.o
 .text.tcp_write
                0x0800e0b4      0x322 Middlewares\Third_Party\LwIP\src\core\tcp_out.o
                0x0800e0b4                tcp_write
 .text.tcp_enqueue_flags
                0x0800e3d6       0x96 Middlewares\Third_Party\LwIP\src\core\tcp_out.o
                0x0800e3d6                tcp_enqueue_flags
 .text.tcp_send_fin
                0x0800e46c       0x44 Middlewares\Third_Party\LwIP\src\core\tcp_out.o
                0x0800e46c                tcp_send_fin
 .text.tcp_send_empty_ack
                0x0800e4b0       0x6a Middlewares\Third_Party\LwIP\src\core\tcp_out.o
                0x0800e4b0                tcp_send_empty_ack
 *fill*         0x0800e51a        0x2 
 .text.tcp_output
                0x0800e51c      0x284 Middlewares\Third_Party\LwIP\src\core\tcp_out.o
                0x0800e51c                tcp_output
 .text.tcp_rst  0x0800e7a0       0x90 Middlewares\Third_Party\LwIP\src\core\tcp_out.o
                0x0800e7a0                tcp_rst
 .text.tcp_rexmit_rto
                0x0800e830       0x2e Middlewares\Third_Party\LwIP\src\core\tcp_out.o
                0x0800e830                tcp_rexmit_rto
 .text.tcp_rexmit
                0x0800e85e       0x4e Middlewares\Third_Party\LwIP\src\core\tcp_out.o
                0x0800e85e                tcp_rexmit
 .text.tcp_rexmit_fast
                0x0800e8ac       0x54 Middlewares\Third_Party\LwIP\src\core\tcp_out.o
                0x0800e8ac                tcp_rexmit_fast
 .text.tcp_keepalive
                0x0800e900       0x54 Middlewares\Third_Party\LwIP\src\core\tcp_out.o
                0x0800e900                tcp_keepalive
 .text.tcp_zero_window_probe
                0x0800e954       0xbe Middlewares\Third_Party\LwIP\src\core\tcp_out.o
                0x0800e954                tcp_zero_window_probe
 *fill*         0x0800ea12        0x2 
 .text.sys_timeout
                0x0800ea14       0x84 Middlewares\Third_Party\LwIP\src\core\timeouts.o
                0x0800ea14                sys_timeout
 .text.tcp_timer_needed
                0x0800ea98       0x34 Middlewares\Third_Party\LwIP\src\core\timeouts.o
                0x0800ea98                tcp_timer_needed
 .text.tcpip_tcp_timer
                0x0800eacc       0x38 Middlewares\Third_Party\LwIP\src\core\timeouts.o
 .text.sys_timeouts_init
                0x0800eb04       0x38 Middlewares\Third_Party\LwIP\src\core\timeouts.o
                0x0800eb04                sys_timeouts_init
 .text.cyclic_timer
                0x0800eb3c       0x1c Middlewares\Third_Party\LwIP\src\core\timeouts.o
 .text.sys_check_timeouts
                0x0800eb58       0x60 Middlewares\Third_Party\LwIP\src\core\timeouts.o
                0x0800eb58                sys_check_timeouts
 .text.udp_init
                0x0800ebb8        0x2 Middlewares\Third_Party\LwIP\src\core\udp.o
                0x0800ebb8                udp_init
 *fill*         0x0800ebba        0x2 
 .text.udp_input
                0x0800ebbc      0x118 Middlewares\Third_Party\LwIP\src\core\udp.o
                0x0800ebbc                udp_input
 .text.udp_netif_ip_addr_changed
                0x0800ecd4       0x2c Middlewares\Third_Party\LwIP\src\core\udp.o
                0x0800ecd4                udp_netif_ip_addr_changed
 .text.ethernet_input
                0x0800ed00       0x98 Middlewares\Third_Party\LwIP\src\netif\ethernet.o
                0x0800ed00                ethernet_input
 .text.ethernet_output
                0x0800ed98       0x4c Middlewares\Third_Party\LwIP\src\netif\ethernet.o
                0x0800ed98                ethernet_output
 .text.low_level_output
                0x0800ede4       0xa0 Src\ethernetif.o
 .text.HAL_ETH_MspInit
                0x0800ee84       0xc0 Src\ethernetif.o
                0x0800ee84                HAL_ETH_MspInit
 .text.ethernetif_input
                0x0800ef44       0xdc Src\ethernetif.o
                0x0800ef44                ethernetif_input
 .text.ethernetif_init
                0x0800f020      0x120 Src\ethernetif.o
                0x0800f020                ethernetif_init
 .text.sys_now  0x0800f140        0x4 Src\ethernetif.o
                0x0800f140                sys_now
 .text.MX_LWIP_Init
                0x0800f144       0xa0 Src\lwip.o
                0x0800f144                MX_LWIP_Init
 .text.MX_LWIP_Process
                0x0800f1e4       0x14 Src\lwip.o
                0x0800f1e4                MX_LWIP_Process
 .text.SystemClock_Config
                0x0800f1f8       0x88 Src\main.o
                0x0800f1f8                SystemClock_Config
 .text.startup.main
                0x0800f280      0x1e8 Src\main.o
                0x0800f280                main
 .text._Error_Handler
                0x0800f468        0x2 Src\main.o
                0x0800f468                _Error_Handler
 *fill*         0x0800f46a        0x2 
 .text.HAL_MspInit
                0x0800f46c       0xa0 Src\stm32f1xx_hal_msp.o
                0x0800f46c                HAL_MspInit
 .text.HAL_CRC_MspInit
                0x0800f50c       0x28 Src\stm32f1xx_hal_msp.o
                0x0800f50c                HAL_CRC_MspInit
 .text.HAL_UART_MspInit
                0x0800f534       0xa4 Src\stm32f1xx_hal_msp.o
                0x0800f534                HAL_UART_MspInit
 .text.NMI_Handler
                0x0800f5d8        0x2 Src\stm32f1xx_it.o
                0x0800f5d8                NMI_Handler
 *fill*         0x0800f5da        0x2 
 .text.UsageFault_Handler
                0x0800f5dc       0x20 Src\stm32f1xx_it.o
                0x0800f5dc                UsageFault_Handler
 .text.BusFault_Handler
                0x0800f5fc        0x6 Src\stm32f1xx_it.o
                0x0800f5fc                BusFault_Handler
 .text.MemManage_Handler
                0x0800f602        0x6 Src\stm32f1xx_it.o
                0x0800f602                MemManage_Handler
 .text.HardFault_Handler
                0x0800f608        0x6 Src\stm32f1xx_it.o
                0x0800f608                HardFault_Handler
 .text.SVC_Handler
                0x0800f60e        0x2 Src\stm32f1xx_it.o
                0x0800f60e                SVC_Handler
 .text.DebugMon_Handler
                0x0800f610        0x2 Src\stm32f1xx_it.o
                0x0800f610                DebugMon_Handler
 .text.PendSV_Handler
                0x0800f612        0x2 Src\stm32f1xx_it.o
                0x0800f612                PendSV_Handler
 .text.SysTick_Handler
                0x0800f614        0xe Src\stm32f1xx_it.o
                0x0800f614                SysTick_Handler
 *fill*         0x0800f622        0x2 
 .text.DMA1_Channel4_IRQHandler
                0x0800f624        0xc Src\stm32f1xx_it.o
                0x0800f624                DMA1_Channel4_IRQHandler
 .text.EXTI9_5_IRQHandler
                0x0800f630        0x6 Src\stm32f1xx_it.o
                0x0800f630                EXTI9_5_IRQHandler
 *fill*         0x0800f636        0x2 
 .text.USART1_IRQHandler
                0x0800f638        0xc Src\stm32f1xx_it.o
                0x0800f638                USART1_IRQHandler
 .text.SystemInit
                0x0800f644       0x58 Src\system_stm32f1xx.o
                0x0800f644                SystemInit
 .text.Reset_Handler
                0x0800f69c       0x48 startup\startup_stm32f107xc.o
                0x0800f69c                Reset_Handler
 .text.Default_Handler
                0x0800f6e4        0x2 startup\startup_stm32f107xc.o
                0x0800f6e4                RTC_Alarm_IRQHandler
                0x0800f6e4                EXTI2_IRQHandler
                0x0800f6e4                TIM1_CC_IRQHandler
                0x0800f6e4                TIM6_IRQHandler
                0x0800f6e4                PVD_IRQHandler
                0x0800f6e4                CAN2_RX1_IRQHandler
                0x0800f6e4                EXTI3_IRQHandler
                0x0800f6e4                EXTI0_IRQHandler
                0x0800f6e4                I2C2_EV_IRQHandler
                0x0800f6e4                CAN1_RX0_IRQHandler
                0x0800f6e4                CAN2_SCE_IRQHandler
                0x0800f6e4                ADC1_2_IRQHandler
                0x0800f6e4                SPI1_IRQHandler
                0x0800f6e4                TAMPER_IRQHandler
                0x0800f6e4                CAN2_RX0_IRQHandler
                0x0800f6e4                DMA2_Channel2_IRQHandler
                0x0800f6e4                USART3_IRQHandler
                0x0800f6e4                RTC_IRQHandler
                0x0800f6e4                DMA1_Channel7_IRQHandler
                0x0800f6e4                CAN1_RX1_IRQHandler
                0x0800f6e4                UART5_IRQHandler
                0x0800f6e4                TIM4_IRQHandler
                0x0800f6e4                DMA2_Channel1_IRQHandler
                0x0800f6e4                I2C1_EV_IRQHandler
                0x0800f6e4                DMA1_Channel6_IRQHandler
                0x0800f6e4                UART4_IRQHandler
                0x0800f6e4                DMA2_Channel4_IRQHandler
                0x0800f6e4                TIM3_IRQHandler
                0x0800f6e4                RCC_IRQHandler
                0x0800f6e4                TIM1_TRG_COM_IRQHandler
                0x0800f6e4                DMA1_Channel1_IRQHandler
                0x0800f6e4                Default_Handler
                0x0800f6e4                EXTI15_10_IRQHandler
                0x0800f6e4                TIM7_IRQHandler
                0x0800f6e4                CAN2_TX_IRQHandler
                0x0800f6e4                TIM5_IRQHandler
                0x0800f6e4                ETH_WKUP_IRQHandler
                0x0800f6e4                SPI2_IRQHandler
                0x0800f6e4                CAN1_TX_IRQHandler
                0x0800f6e4                DMA2_Channel5_IRQHandler
                0x0800f6e4                DMA1_Channel5_IRQHandler
                0x0800f6e4                EXTI4_IRQHandler
                0x0800f6e4                DMA1_Channel3_IRQHandler
                0x0800f6e4                ETH_IRQHandler
                0x0800f6e4                TIM1_UP_IRQHandler
                0x0800f6e4                WWDG_IRQHandler
                0x0800f6e4                TIM2_IRQHandler
                0x0800f6e4                OTG_FS_WKUP_IRQHandler
                0x0800f6e4                TIM1_BRK_IRQHandler
                0x0800f6e4                EXTI1_IRQHandler
                0x0800f6e4                USART2_IRQHandler
                0x0800f6e4                I2C2_ER_IRQHandler
                0x0800f6e4                DMA1_Channel2_IRQHandler
                0x0800f6e4                CAN1_SCE_IRQHandler
                0x0800f6e4                FLASH_IRQHandler
                0x0800f6e4                OTG_FS_IRQHandler
                0x0800f6e4                SPI3_IRQHandler
                0x0800f6e4                I2C1_ER_IRQHandler
                0x0800f6e4                DMA2_Channel3_IRQHandler
 *fill*         0x0800f6e6        0x2 
 .text.__libc_init_array
                0x0800f6e8       0x48 c:/program files (x86)/atollic/truestudio for stm32 9.3.0/armtools/bin/../lib/gcc/arm-atollic-eabi/6.3.1/../../../../arm-atollic-eabi/lib/armv7-m\libc_nano.a(lib_a-init.o)
                0x0800f6e8                __libc_init_array
 .text.memcmp   0x0800f730       0x1e c:/program files (x86)/atollic/truestudio for stm32 9.3.0/armtools/bin/../lib/gcc/arm-atollic-eabi/6.3.1/../../../../arm-atollic-eabi/lib/armv7-m\libc_nano.a(lib_a-memcmp.o)
                0x0800f730                memcmp
 .text.memcpy   0x0800f74e       0x16 c:/program files (x86)/atollic/truestudio for stm32 9.3.0/armtools/bin/../lib/gcc/arm-atollic-eabi/6.3.1/../../../../arm-atollic-eabi/lib/armv7-m\libc_nano.a(lib_a-memcpy-stub.o)
                0x0800f74e                memcpy
 .text.memmove  0x0800f764       0x34 c:/program files (x86)/atollic/truestudio for stm32 9.3.0/armtools/bin/../lib/gcc/arm-atollic-eabi/6.3.1/../../../../arm-atollic-eabi/lib/armv7-m\libc_nano.a(lib_a-memmove.o)
                0x0800f764                memmove
 .text.memset   0x0800f798       0x10 c:/program files (x86)/atollic/truestudio for stm32 9.3.0/armtools/bin/../lib/gcc/arm-atollic-eabi/6.3.1/../../../../arm-atollic-eabi/lib/armv7-m\libc_nano.a(lib_a-memset.o)
                0x0800f798                memset
 *(.glue_7)
 .glue_7        0x0800f7a8        0x0 linker stubs
 *(.glue_7t)
 .glue_7t       0x0800f7a8        0x0 linker stubs
 *(.eh_frame)
 .eh_frame      0x0800f7a8        0x0 c:/program files (x86)/atollic/truestudio for stm32 9.3.0/armtools/bin/../lib/gcc/arm-atollic-eabi/6.3.1/armv7-m/crtbegin.o
 *(.init)
 .init          0x0800f7a8        0x4 c:/program files (x86)/atollic/truestudio for stm32 9.3.0/armtools/bin/../lib/gcc/arm-atollic-eabi/6.3.1/armv7-m/crti.o
                0x0800f7a8                _init
 .init          0x0800f7ac        0x8 c:/program files (x86)/atollic/truestudio for stm32 9.3.0/armtools/bin/../lib/gcc/arm-atollic-eabi/6.3.1/armv7-m/crtn.o
 *(.fini)
 .fini          0x0800f7b4        0x4 c:/program files (x86)/atollic/truestudio for stm32 9.3.0/armtools/bin/../lib/gcc/arm-atollic-eabi/6.3.1/armv7-m/crti.o
                0x0800f7b4                _fini
 .fini          0x0800f7b8        0x8 c:/program files (x86)/atollic/truestudio for stm32 9.3.0/armtools/bin/../lib/gcc/arm-atollic-eabi/6.3.1/armv7-m/crtn.o
                0x0800f7c0                . = ALIGN (0x4)
                0x0800f7c0                _etext = .

.vfp11_veneer   0x0800f7c0        0x0
 .vfp11_veneer  0x0800f7c0        0x0 linker stubs

.v4_bx          0x0800f7c0        0x0
 .v4_bx         0x0800f7c0        0x0 linker stubs

.iplt           0x0800f7c0        0x0
 .iplt          0x0800f7c0        0x0 c:/program files (x86)/atollic/truestudio for stm32 9.3.0/armtools/bin/../lib/gcc/arm-atollic-eabi/6.3.1/armv7-m/crtbegin.o

.rodata         0x0800f7c0      0x168
                0x0800f7c0                . = ALIGN (0x4)
 *(.rodata)
 .rodata        0x0800f7c0       0x1e Drivers\STM32F1xx_HAL_Driver\Src\stm32f1xx_hal_rcc.o
 *(.rodata*)
 .rodata.dev_info
                0x0800f7de        0xe App\app.o
 .rodata.dio_outs_pins
                0x0800f7ec       0x28 App\dio.o
 .rodata.ip_addr_any
                0x0800f814        0x4 Middlewares\Third_Party\LwIP\src\core\ipv4\ip4_addr.o
                0x0800f814                ip_addr_any
 .rodata.memp_FRAG_PBUF
                0x0800f818        0xc Middlewares\Third_Party\LwIP\src\core\memp.o
                0x0800f818                memp_FRAG_PBUF
 .rodata.memp_PBUF
                0x0800f824        0xc Middlewares\Third_Party\LwIP\src\core\memp.o
                0x0800f824                memp_PBUF
 .rodata.memp_PBUF_POOL
                0x0800f830        0xc Middlewares\Third_Party\LwIP\src\core\memp.o
                0x0800f830                memp_PBUF_POOL
 .rodata.memp_REASSDATA
                0x0800f83c        0xc Middlewares\Third_Party\LwIP\src\core\memp.o
                0x0800f83c                memp_REASSDATA
 .rodata.memp_SYS_TIMEOUT
                0x0800f848        0xc Middlewares\Third_Party\LwIP\src\core\memp.o
                0x0800f848                memp_SYS_TIMEOUT
 .rodata.memp_TCP_PCB
                0x0800f854        0xc Middlewares\Third_Party\LwIP\src\core\memp.o
                0x0800f854                memp_TCP_PCB
 .rodata.memp_TCP_PCB_LISTEN
                0x0800f860        0xc Middlewares\Third_Party\LwIP\src\core\memp.o
                0x0800f860                memp_TCP_PCB_LISTEN
 .rodata.memp_TCP_SEG
                0x0800f86c        0xc Middlewares\Third_Party\LwIP\src\core\memp.o
                0x0800f86c                memp_TCP_SEG
 .rodata.memp_UDP_PCB
                0x0800f878        0xc Middlewares\Third_Party\LwIP\src\core\memp.o
                0x0800f878                memp_UDP_PCB
 .rodata.memp_pools
                0x0800f884       0x24 Middlewares\Third_Party\LwIP\src\core\memp.o
                0x0800f884                memp_pools
 .rodata.tcp_backoff
                0x0800f8a8        0xd Middlewares\Third_Party\LwIP\src\core\tcp.o
 *fill*         0x0800f8b5        0x3 
 .rodata.tcp_pcb_lists
                0x0800f8b8       0x10 Middlewares\Third_Party\LwIP\src\core\tcp.o
                0x0800f8b8                tcp_pcb_lists
 .rodata.tcp_persist_backoff
                0x0800f8c8        0x7 Middlewares\Third_Party\LwIP\src\core\tcp.o
 *fill*         0x0800f8cf        0x1 
 .rodata.lwip_cyclic_timers
                0x0800f8d0       0x18 Middlewares\Third_Party\LwIP\src\core\timeouts.o
                0x0800f8d0                lwip_cyclic_timers
 .rodata.ethbroadcast
                0x0800f8e8        0x6 Middlewares\Third_Party\LwIP\src\netif\ethernet.o
                0x0800f8e8                ethbroadcast
 .rodata.ethzero
                0x0800f8ee        0x6 Middlewares\Third_Party\LwIP\src\netif\ethernet.o
                0x0800f8ee                ethzero
 .rodata.HAL_UART_MspInit.str1.1
                0x0800f8f4       0x1b Src\stm32f1xx_hal_msp.o
 .rodata.AHBPrescTable
                0x0800f90f       0x10 Src\system_stm32f1xx.o
                0x0800f90f                AHBPrescTable
 .rodata.APBPrescTable
                0x0800f91f        0x8 Src\system_stm32f1xx.o
                0x0800f91f                APBPrescTable
                0x0800f928                . = ALIGN (0x4)
 *fill*         0x0800f927        0x1 

.ARM.extab
 *(.ARM.extab* .gnu.linkonce.armextab.*)

.ARM            0x0800f928        0x8
                0x0800f928                __exidx_start = .
 *(.ARM.exidx*)
 .ARM.exidx     0x0800f928        0x8 c:/program files (x86)/atollic/truestudio for stm32 9.3.0/armtools/bin/../lib/gcc/arm-atollic-eabi/6.3.1/armv7-m\libgcc.a(_udivmoddi4.o)
                0x0800f930                __exidx_end = .

.rel.dyn        0x0800f930        0x0
 .rel.iplt      0x0800f930        0x0 c:/program files (x86)/atollic/truestudio for stm32 9.3.0/armtools/bin/../lib/gcc/arm-atollic-eabi/6.3.1/armv7-m/crtbegin.o

.preinit_array  0x0800f930        0x0
                0x0800f930                PROVIDE (__preinit_array_start, .)
 *(.preinit_array*)
                0x0800f930                PROVIDE (__preinit_array_end, .)

.init_array     0x0800f930        0x4
                0x0800f930                PROVIDE (__init_array_start, .)
 *(SORT(.init_array.*))
 *(.init_array*)
 .init_array    0x0800f930        0x4 c:/program files (x86)/atollic/truestudio for stm32 9.3.0/armtools/bin/../lib/gcc/arm-atollic-eabi/6.3.1/armv7-m/crtbegin.o
                0x0800f934                PROVIDE (__init_array_end, .)

.fini_array     0x0800f934        0x4
                [!provide]                PROVIDE (__fini_array_start, .)
 *(SORT(.fini_array.*))
 *(.fini_array*)
 .fini_array    0x0800f934        0x4 c:/program files (x86)/atollic/truestudio for stm32 9.3.0/armtools/bin/../lib/gcc/arm-atollic-eabi/6.3.1/armv7-m/crtbegin.o
                [!provide]                PROVIDE (__fini_array_end, .)
                0x0800f938                _sidata = LOADADDR (.data)

.data           0x20000010       0x18 load address 0x0800f938
                0x20000010                . = ALIGN (0x4)
                0x20000010                _sdata = .
 *(.data)
 *(.data*)
 .data.prev_reset_btn
                0x20000010        0x1 App\app.o
                0x20000010                prev_reset_btn
 *fill*         0x20000011        0x1 
 .data.dio_filter_set
                0x20000012        0x2 App\dio.o
 .data.def_prio
                0x20000014        0x1 App\interfaces\tcp_server.o
 .data.eth_link
                0x20000015        0x1 App\interfaces\tcp_server.o
 .data.uwTickFreq
                0x20000016        0x1 Drivers\STM32F1xx_HAL_Driver\Src\stm32f1xx_hal.o
                0x20000016                uwTickFreq
 *fill*         0x20000017        0x1 
 .data.uwTickPrio
                0x20000018        0x4 Drivers\STM32F1xx_HAL_Driver\Src\stm32f1xx_hal.o
                0x20000018                uwTickPrio
 .data.iss.8417
                0x2000001c        0x4 Middlewares\Third_Party\LwIP\src\core\tcp.o
 .data.tcp_port
                0x20000020        0x2 Middlewares\Third_Party\LwIP\src\core\tcp.o
 *fill*         0x20000022        0x2 
 .data.SystemCoreClock
                0x20000024        0x4 Src\system_stm32f1xx.o
                0x20000024                SystemCoreClock
                0x20000028                . = ALIGN (0x4)
                0x20000028                _edata = .

.igot.plt       0x20000028        0x0 load address 0x0800f950
 .igot.plt      0x20000028        0x0 c:/program files (x86)/atollic/truestudio for stm32 9.3.0/armtools/bin/../lib/gcc/arm-atollic-eabi/6.3.1/armv7-m/crtbegin.o
                0x20000028                . = ALIGN (0x4)

.bss            0x20000028     0x86f4 load address 0x0800f950
                0x20000028                _sbss = .
                0x20000028                __bss_start__ = _sbss
 *(.bss)
 .bss           0x20000028       0x1c c:/program files (x86)/atollic/truestudio for stm32 9.3.0/armtools/bin/../lib/gcc/arm-atollic-eabi/6.3.1/armv7-m/crtbegin.o
 *(.bss*)
 .bss.blink_cnt
                0x20000044        0x1 App\app.o
                0x20000044                blink_cnt
 .bss.blink_found
                0x20000045        0x1 App\app.o
                0x20000045                blink_found
 *fill*         0x20000046        0x2 
 .bss.cam_switch_time
                0x20000048        0x4 App\app.o
                0x20000048                cam_switch_time
 .bss.channel   0x2000004c        0x1 App\app.o
 *fill*         0x2000004d        0x3 
 .bss.led_blink_time
                0x20000050        0x4 App\app.o
                0x20000050                led_blink_time
 .bss.pc_link_pack_rx
                0x20000054      0x600 App\app.o
 .bss.pc_link_pack_tx
                0x20000654       0x16 App\app.o
 .bss.pc_link_point_rx
                0x2000066a        0x2 App\app.o
 .bss.pc_link_rx_pack_time
                0x2000066c        0x4 App\app.o
 .bss.pc_link_tx_pack_time
                0x20000670        0x4 App\app.o
 .bss.dio_din   0x20000674        0x1 App\dio.o
 *fill*         0x20000675        0x1 
 .bss.dio_filter_st
                0x20000676        0x2 App\dio.o
 .bss.dio_key_tmp
                0x20000678        0x1 App\dio.o
 *fill*         0x20000679        0x3 
 .bss.dio_time  0x2000067c        0x4 App\dio.o
 .bss.data_handle_function
                0x20000680        0x4 App\interfaces\tcp_server.o
 .bss.socket_list
                0x20000684        0x4 App\interfaces\tcp_server.o
 .bss.tcp_socket
                0x20000688        0x4 App\interfaces\tcp_server.o
                0x20000688                tcp_socket
 .bss.tcppcb    0x2000068c        0x4 App\interfaces\tcp_server.o
 .bss.cam_set_out
                0x20000690        0x4 App\raspi_link.o
                0x20000690                cam_set_out
 .bss.cam_st_out
                0x20000694        0x4 App\raspi_link.o
                0x20000694                cam_st_out
 .bss.raspi_id_tx
                0x20000698        0x1 App\raspi_link.o
                0x20000698                raspi_id_tx
 .bss.txBuf     0x20000699       0x32 App\raspi_link.o
 *fill*         0x200006cb        0x1 
 .bss.tx_time   0x200006cc        0x4 App\raspi_link.o
                0x200006cc                tx_time
 .bss.uart      0x200006d0        0x4 App\raspi_link.o
 .bss.arp_table
                0x200006d4       0xf0 Middlewares\Third_Party\LwIP\src\core\ipv4\etharp.o
 .bss.etharp_cached_entry
                0x200007c4        0x1 Middlewares\Third_Party\LwIP\src\core\ipv4\etharp.o
 *fill*         0x200007c5        0x1 
 .bss.ip_id     0x200007c6        0x2 Middlewares\Third_Party\LwIP\src\core\ipv4\ip4.o
 .bss.ip_reass_pbufcount
                0x200007c8        0x2 Middlewares\Third_Party\LwIP\src\core\ipv4\ip4_frag.o
 *fill*         0x200007ca        0x2 
 .bss.reassdatagrams
                0x200007cc        0x4 Middlewares\Third_Party\LwIP\src\core\ipv4\ip4_frag.o
 .bss.lfree     0x200007d0        0x4 Middlewares\Third_Party\LwIP\src\core\mem.o
 .bss.ram       0x200007d4        0x4 Middlewares\Third_Party\LwIP\src\core\mem.o
 .bss.ram_end   0x200007d8        0x4 Middlewares\Third_Party\LwIP\src\core\mem.o
 .bss.memp_tab_FRAG_PBUF
                0x200007dc        0x4 Middlewares\Third_Party\LwIP\src\core\memp.o
 .bss.memp_tab_PBUF
                0x200007e0        0x4 Middlewares\Third_Party\LwIP\src\core\memp.o
 .bss.memp_tab_PBUF_POOL
                0x200007e4        0x4 Middlewares\Third_Party\LwIP\src\core\memp.o
 .bss.memp_tab_REASSDATA
                0x200007e8        0x4 Middlewares\Third_Party\LwIP\src\core\memp.o
 .bss.memp_tab_SYS_TIMEOUT
                0x200007ec        0x4 Middlewares\Third_Party\LwIP\src\core\memp.o
 .bss.memp_tab_TCP_PCB
                0x200007f0        0x4 Middlewares\Third_Party\LwIP\src\core\memp.o
 .bss.memp_tab_TCP_PCB_LISTEN
                0x200007f4        0x4 Middlewares\Third_Party\LwIP\src\core\memp.o
 .bss.memp_tab_TCP_SEG
                0x200007f8        0x4 Middlewares\Third_Party\LwIP\src\core\memp.o
 .bss.memp_tab_UDP_PCB
                0x200007fc        0x4 Middlewares\Third_Party\LwIP\src\core\memp.o
 .bss.netif_num
                0x20000800        0x1 Middlewares\Third_Party\LwIP\src\core\netif.o
 .bss.tcp_timer
                0x20000801        0x1 Middlewares\Third_Party\LwIP\src\core\tcp.o
 .bss.tcp_timer_ctr
                0x20000802        0x1 Middlewares\Third_Party\LwIP\src\core\tcp.o
 *fill*         0x20000803        0x1 
 .bss.ackno     0x20000804        0x4 Middlewares\Third_Party\LwIP\src\core\tcp_in.o
 .bss.flags     0x20000808        0x1 Middlewares\Third_Party\LwIP\src\core\tcp_in.o
 *fill*         0x20000809        0x3 
 .bss.inseg     0x2000080c       0x10 Middlewares\Third_Party\LwIP\src\core\tcp_in.o
 .bss.recv_acked
                0x2000081c        0x2 Middlewares\Third_Party\LwIP\src\core\tcp_in.o
 *fill*         0x2000081e        0x2 
 .bss.recv_data
                0x20000820        0x4 Middlewares\Third_Party\LwIP\src\core\tcp_in.o
 .bss.recv_flags
                0x20000824        0x1 Middlewares\Third_Party\LwIP\src\core\tcp_in.o
 *fill*         0x20000825        0x3 
 .bss.seqno     0x20000828        0x4 Middlewares\Third_Party\LwIP\src\core\tcp_in.o
 .bss.tcp_optidx
                0x2000082c        0x2 Middlewares\Third_Party\LwIP\src\core\tcp_in.o
 *fill*         0x2000082e        0x2 
 .bss.tcphdr    0x20000830        0x4 Middlewares\Third_Party\LwIP\src\core\tcp_in.o
 .bss.tcphdr_opt1len
                0x20000834        0x2 Middlewares\Third_Party\LwIP\src\core\tcp_in.o
 *fill*         0x20000836        0x2 
 .bss.tcphdr_opt2
                0x20000838        0x4 Middlewares\Third_Party\LwIP\src\core\tcp_in.o
 .bss.tcphdr_optlen
                0x2000083c        0x2 Middlewares\Third_Party\LwIP\src\core\tcp_in.o
 .bss.tcplen    0x2000083e        0x2 Middlewares\Third_Party\LwIP\src\core\tcp_in.o
 .bss.next_timeout
                0x20000840        0x4 Middlewares\Third_Party\LwIP\src\core\timeouts.o
 .bss.tcpip_tcp_timer_active
                0x20000844        0x4 Middlewares\Third_Party\LwIP\src\core\timeouts.o
 .bss.timeouts_last_time
                0x20000848        0x4 Middlewares\Third_Party\LwIP\src\core\timeouts.o
 *(COMMON)
 COMMON         0x2000084c       0x30 App\app.o
                0x2000084c                rp_heartbits
 COMMON         0x2000087c        0x4 Drivers\STM32F1xx_HAL_Driver\Src\stm32f1xx_hal.o
                0x2000087c                uwTick
 COMMON         0x20000880       0x18 Middlewares\Third_Party\LwIP\src\core\ip.o
                0x20000880                ip_data
 COMMON         0x20000898      0x653 Middlewares\Third_Party\LwIP\src\core\mem.o
                0x20000898                ram_heap
 COMMON         0x20000eeb     0x2eab Middlewares\Third_Party\LwIP\src\core\memp.o
                0x20000eeb                memp_memory_TCP_SEG_base
                0x20000fee                memp_memory_PBUF_POOL_base
                0x200035f1                memp_memory_FRAG_PBUF_base
                0x2000375c                memp_memory_PBUF_base
                0x2000385f                memp_memory_TCP_PCB_LISTEN_base
                0x20003942                memp_memory_REASSDATA_base
                0x200039e5                memp_memory_UDP_PCB_base
                0x20003a68                memp_memory_TCP_PCB_base
                0x20003d63                memp_memory_SYS_TIMEOUT_base
 *fill*         0x20003d96        0x2 
 COMMON         0x20003d98        0x8 Middlewares\Third_Party\LwIP\src\core\netif.o
                0x20003d98                netif_list
                0x20003d9c                netif_default
 COMMON         0x20003da0        0x1 Middlewares\Third_Party\LwIP\src\core\pbuf.o
                0x20003da0                pbuf_free_ooseq_pending
 *fill*         0x20003da1        0x3 
 COMMON         0x20003da4       0x18 Middlewares\Third_Party\LwIP\src\core\tcp.o
                0x20003da4                tcp_active_pcbs_changed
                0x20003da8                tcp_active_pcbs
                0x20003dac                tcp_ticks
                0x20003db0                tcp_listen_pcbs
                0x20003db4                tcp_bound_pcbs
                0x20003db8                tcp_tw_pcbs
 COMMON         0x20003dbc        0x4 Middlewares\Third_Party\LwIP\src\core\tcp_in.o
                0x20003dbc                tcp_input_pcb
 COMMON         0x20003dc0        0x4 Middlewares\Third_Party\LwIP\src\core\udp.o
                0x20003dc0                udp_pcbs
 COMMON         0x20003dc4     0x4878 Src\ethernetif.o
                0x20003dc4                DMATxDscrTab
                0x20003e04                Rx_Buff
                0x20006da4                DMARxDscrTab
                0x20006e24                heth
                0x20006e6c                Tx_Buff
 COMMON         0x2000863c       0x48 Src\lwip.o
                0x2000863c                GATEWAY_ADDRESS
                0x20008640                gnetif
                0x20008670                ipaddr
                0x20008674                NETMASK_ADDRESS
                0x20008678                IP_ADDRESS
                0x2000867c                netmask
                0x20008680                gw
 COMMON         0x20008684       0x98 Src\main.o
                0x20008684                hiwdg
                0x20008690                hcrc
                0x20008698                hdma_usart1_tx
                0x200086dc                huart1
                0x2000871c                . = ALIGN (0x4)
                0x2000871c                _ebss = .
                0x2000871c                __bss_end__ = _ebss

._user_heap_stack
                0x2000871c      0x600 load address 0x0800f950
                0x2000871c                . = ALIGN (0x4)
                [!provide]                PROVIDE (end, .)
                [!provide]                PROVIDE (_end, .)
                0x2000891c                . = (. + _Min_Heap_Size)
 *fill*         0x2000871c      0x200 
                0x20008d1c                . = (. + _Min_Stack_Size)
 *fill*         0x2000891c      0x400 
                0x20008d1c                . = ALIGN (0x4)

/DISCARD/
 libc.a(*)
 libm.a(*)
 libgcc.a(*)

.ARM.attributes
                0x00000000       0x29
 *(.ARM.attributes)
 .ARM.attributes
                0x00000000       0x1d c:/program files (x86)/atollic/truestudio for stm32 9.3.0/armtools/bin/../lib/gcc/arm-atollic-eabi/6.3.1/armv7-m/crti.o
 .ARM.attributes
                0x0000001d       0x2d c:/program files (x86)/atollic/truestudio for stm32 9.3.0/armtools/bin/../lib/gcc/arm-atollic-eabi/6.3.1/armv7-m/crtbegin.o
 .ARM.attributes
                0x0000004a       0x33 App\app.o
 .ARM.attributes
                0x0000007d       0x33 App\crc.o
 .ARM.attributes
                0x000000b0       0x33 App\dio.o
 .ARM.attributes
                0x000000e3       0x33 App\interfaces\tcp_server.o
 .ARM.attributes
                0x00000116       0x33 App\raspi_link.o
 .ARM.attributes
                0x00000149       0x33 App\timers.o
 .ARM.attributes
                0x0000017c       0x33 Drivers\STM32F1xx_HAL_Driver\Src\stm32f1xx_hal.o
 .ARM.attributes
                0x000001af       0x33 Drivers\STM32F1xx_HAL_Driver\Src\stm32f1xx_hal_cortex.o
 .ARM.attributes
                0x000001e2       0x33 Drivers\STM32F1xx_HAL_Driver\Src\stm32f1xx_hal_crc.o
 .ARM.attributes
                0x00000215       0x33 Drivers\STM32F1xx_HAL_Driver\Src\stm32f1xx_hal_dma.o
 .ARM.attributes
                0x00000248       0x33 Drivers\STM32F1xx_HAL_Driver\Src\stm32f1xx_hal_eth.o
 .ARM.attributes
                0x0000027b       0x33 Drivers\STM32F1xx_HAL_Driver\Src\stm32f1xx_hal_gpio.o
 .ARM.attributes
                0x000002ae       0x33 Drivers\STM32F1xx_HAL_Driver\Src\stm32f1xx_hal_iwdg.o
 .ARM.attributes
                0x000002e1       0x33 Drivers\STM32F1xx_HAL_Driver\Src\stm32f1xx_hal_rcc.o
 .ARM.attributes
                0x00000314       0x33 Drivers\STM32F1xx_HAL_Driver\Src\stm32f1xx_hal_uart.o
 .ARM.attributes
                0x00000347       0x33 Middlewares\Third_Party\LwIP\src\core\def.o
 .ARM.attributes
                0x0000037a       0x33 Middlewares\Third_Party\LwIP\src\core\init.o
 .ARM.attributes
                0x000003ad       0x33 Middlewares\Third_Party\LwIP\src\core\ip.o
 .ARM.attributes
                0x000003e0       0x33 Middlewares\Third_Party\LwIP\src\core\ipv4\etharp.o
 .ARM.attributes
                0x00000413       0x33 Middlewares\Third_Party\LwIP\src\core\ipv4\icmp.o
 .ARM.attributes
                0x00000446       0x33 Middlewares\Third_Party\LwIP\src\core\ipv4\ip4.o
 .ARM.attributes
                0x00000479       0x33 Middlewares\Third_Party\LwIP\src\core\ipv4\ip4_addr.o
 .ARM.attributes
                0x000004ac       0x33 Middlewares\Third_Party\LwIP\src\core\ipv4\ip4_frag.o
 .ARM.attributes
                0x000004df       0x33 Middlewares\Third_Party\LwIP\src\core\mem.o
 .ARM.attributes
                0x00000512       0x33 Middlewares\Third_Party\LwIP\src\core\memp.o
 .ARM.attributes
                0x00000545       0x33 Middlewares\Third_Party\LwIP\src\core\netif.o
 .ARM.attributes
                0x00000578       0x33 Middlewares\Third_Party\LwIP\src\core\pbuf.o
 .ARM.attributes
                0x000005ab       0x33 Middlewares\Third_Party\LwIP\src\core\tcp.o
 .ARM.attributes
                0x000005de       0x33 Middlewares\Third_Party\LwIP\src\core\tcp_in.o
 .ARM.attributes
                0x00000611       0x33 Middlewares\Third_Party\LwIP\src\core\tcp_out.o
 .ARM.attributes
                0x00000644       0x33 Middlewares\Third_Party\LwIP\src\core\timeouts.o
 .ARM.attributes
                0x00000677       0x33 Middlewares\Third_Party\LwIP\src\core\udp.o
 .ARM.attributes
                0x000006aa       0x33 Middlewares\Third_Party\LwIP\src\netif\ethernet.o
 .ARM.attributes
                0x000006dd       0x33 Src\ethernetif.o
 .ARM.attributes
                0x00000710       0x33 Src\lwip.o
 .ARM.attributes
                0x00000743       0x33 Src\main.o
 .ARM.attributes
                0x00000776       0x33 Src\stm32f1xx_hal_msp.o
 .ARM.attributes
                0x000007a9       0x33 Src\stm32f1xx_it.o
 .ARM.attributes
                0x000007dc       0x33 Src\system_stm32f1xx.o
 .ARM.attributes
                0x0000080f       0x21 startup\startup_stm32f107xc.o
 .ARM.attributes
                0x00000830       0x2d c:/program files (x86)/atollic/truestudio for stm32 9.3.0/armtools/bin/../lib/gcc/arm-atollic-eabi/6.3.1/../../../../arm-atollic-eabi/lib/armv7-m\libc_nano.a(lib_a-init.o)
 .ARM.attributes
                0x0000085d       0x2d c:/program files (x86)/atollic/truestudio for stm32 9.3.0/armtools/bin/../lib/gcc/arm-atollic-eabi/6.3.1/../../../../arm-atollic-eabi/lib/armv7-m\libc_nano.a(lib_a-memcmp.o)
 .ARM.attributes
                0x0000088a       0x2d c:/program files (x86)/atollic/truestudio for stm32 9.3.0/armtools/bin/../lib/gcc/arm-atollic-eabi/6.3.1/../../../../arm-atollic-eabi/lib/armv7-m\libc_nano.a(lib_a-memcpy-stub.o)
 .ARM.attributes
                0x000008b7       0x2d c:/program files (x86)/atollic/truestudio for stm32 9.3.0/armtools/bin/../lib/gcc/arm-atollic-eabi/6.3.1/../../../../arm-atollic-eabi/lib/armv7-m\libc_nano.a(lib_a-memmove.o)
 .ARM.attributes
                0x000008e4       0x2d c:/program files (x86)/atollic/truestudio for stm32 9.3.0/armtools/bin/../lib/gcc/arm-atollic-eabi/6.3.1/../../../../arm-atollic-eabi/lib/armv7-m\libc_nano.a(lib_a-memset.o)
 .ARM.attributes
                0x00000911       0x1d c:/program files (x86)/atollic/truestudio for stm32 9.3.0/armtools/bin/../lib/gcc/arm-atollic-eabi/6.3.1/armv7-m\libgcc.a(_aeabi_uldivmod.o)
 .ARM.attributes
                0x0000092e       0x2d c:/program files (x86)/atollic/truestudio for stm32 9.3.0/armtools/bin/../lib/gcc/arm-atollic-eabi/6.3.1/armv7-m\libgcc.a(_udivmoddi4.o)
 .ARM.attributes
                0x0000095b       0x1d c:/program files (x86)/atollic/truestudio for stm32 9.3.0/armtools/bin/../lib/gcc/arm-atollic-eabi/6.3.1/armv7-m\libgcc.a(_dvmd_tls.o)
 .ARM.attributes
                0x00000978       0x1d c:/program files (x86)/atollic/truestudio for stm32 9.3.0/armtools/bin/../lib/gcc/arm-atollic-eabi/6.3.1/armv7-m/crtn.o
OUTPUT(video_hub.elf elf32-littlearm)

.comment        0x00000000       0x7c
 .comment       0x00000000       0x7c App\app.o
                                 0x7d (size before relaxing)
 .comment       0x0000007c       0x7d App\crc.o
 .comment       0x0000007c       0x7d App\dio.o
 .comment       0x0000007c       0x7d App\interfaces\tcp_server.o
 .comment       0x0000007c       0x7d App\raspi_link.o
 .comment       0x0000007c       0x7d App\timers.o
 .comment       0x0000007c       0x7d Drivers\STM32F1xx_HAL_Driver\Src\stm32f1xx_hal.o
 .comment       0x0000007c       0x7d Drivers\STM32F1xx_HAL_Driver\Src\stm32f1xx_hal_cortex.o
 .comment       0x0000007c       0x7d Drivers\STM32F1xx_HAL_Driver\Src\stm32f1xx_hal_crc.o
 .comment       0x0000007c       0x7d Drivers\STM32F1xx_HAL_Driver\Src\stm32f1xx_hal_dma.o
 .comment       0x0000007c       0x7d Drivers\STM32F1xx_HAL_Driver\Src\stm32f1xx_hal_eth.o
 .comment       0x0000007c       0x7d Drivers\STM32F1xx_HAL_Driver\Src\stm32f1xx_hal_gpio.o
 .comment       0x0000007c       0x7d Drivers\STM32F1xx_HAL_Driver\Src\stm32f1xx_hal_iwdg.o
 .comment       0x0000007c       0x7d Drivers\STM32F1xx_HAL_Driver\Src\stm32f1xx_hal_rcc.o
 .comment       0x0000007c       0x7d Drivers\STM32F1xx_HAL_Driver\Src\stm32f1xx_hal_uart.o
 .comment       0x0000007c       0x7d Middlewares\Third_Party\LwIP\src\core\def.o
 .comment       0x0000007c       0x7d Middlewares\Third_Party\LwIP\src\core\init.o
 .comment       0x0000007c       0x7d Middlewares\Third_Party\LwIP\src\core\ip.o
 .comment       0x0000007c       0x7d Middlewares\Third_Party\LwIP\src\core\ipv4\etharp.o
 .comment       0x0000007c       0x7d Middlewares\Third_Party\LwIP\src\core\ipv4\icmp.o
 .comment       0x0000007c       0x7d Middlewares\Third_Party\LwIP\src\core\ipv4\ip4.o
 .comment       0x0000007c       0x7d Middlewares\Third_Party\LwIP\src\core\ipv4\ip4_addr.o
 .comment       0x0000007c       0x7d Middlewares\Third_Party\LwIP\src\core\ipv4\ip4_frag.o
 .comment       0x0000007c       0x7d Middlewares\Third_Party\LwIP\src\core\mem.o
 .comment       0x0000007c       0x7d Middlewares\Third_Party\LwIP\src\core\memp.o
 .comment       0x0000007c       0x7d Middlewares\Third_Party\LwIP\src\core\netif.o
 .comment       0x0000007c       0x7d Middlewares\Third_Party\LwIP\src\core\pbuf.o
 .comment       0x0000007c       0x7d Middlewares\Third_Party\LwIP\src\core\tcp.o
 .comment       0x0000007c       0x7d Middlewares\Third_Party\LwIP\src\core\tcp_in.o
 .comment       0x0000007c       0x7d Middlewares\Third_Party\LwIP\src\core\tcp_out.o
 .comment       0x0000007c       0x7d Middlewares\Third_Party\LwIP\src\core\timeouts.o
 .comment       0x0000007c       0x7d Middlewares\Third_Party\LwIP\src\core\udp.o
 .comment       0x0000007c       0x7d Middlewares\Third_Party\LwIP\src\netif\ethernet.o
 .comment       0x0000007c       0x7d Src\ethernetif.o
 .comment       0x0000007c       0x7d Src\lwip.o
 .comment       0x0000007c       0x7d Src\main.o
 .comment       0x0000007c       0x7d Src\stm32f1xx_hal_msp.o
 .comment       0x0000007c       0x7d Src\stm32f1xx_it.o
 .comment       0x0000007c       0x7d Src\system_stm32f1xx.o

.debug_frame    0x00000000      0x124
 .debug_frame   0x00000000       0x2c c:/program files (x86)/atollic/truestudio for stm32 9.3.0/armtools/bin/../lib/gcc/arm-atollic-eabi/6.3.1/../../../../arm-atollic-eabi/lib/armv7-m\libc_nano.a(lib_a-init.o)
 .debug_frame   0x0000002c       0x28 c:/program files (x86)/atollic/truestudio for stm32 9.3.0/armtools/bin/../lib/gcc/arm-atollic-eabi/6.3.1/../../../../arm-atollic-eabi/lib/armv7-m\libc_nano.a(lib_a-memcmp.o)
 .debug_frame   0x00000054       0x28 c:/program files (x86)/atollic/truestudio for stm32 9.3.0/armtools/bin/../lib/gcc/arm-atollic-eabi/6.3.1/../../../../arm-atollic-eabi/lib/armv7-m\libc_nano.a(lib_a-memcpy-stub.o)
 .debug_frame   0x0000007c       0x28 c:/program files (x86)/atollic/truestudio for stm32 9.3.0/armtools/bin/../lib/gcc/arm-atollic-eabi/6.3.1/../../../../arm-atollic-eabi/lib/armv7-m\libc_nano.a(lib_a-memmove.o)
 .debug_frame   0x000000a4       0x20 c:/program files (x86)/atollic/truestudio for stm32 9.3.0/armtools/bin/../lib/gcc/arm-atollic-eabi/6.3.1/../../../../arm-atollic-eabi/lib/armv7-m\libc_nano.a(lib_a-memset.o)
 .debug_frame   0x000000c4       0x2c c:/program files (x86)/atollic/truestudio for stm32 9.3.0/armtools/bin/../lib/gcc/arm-atollic-eabi/6.3.1/armv7-m\libgcc.a(_aeabi_uldivmod.o)
 .debug_frame   0x000000f0       0x34 c:/program files (x86)/atollic/truestudio for stm32 9.3.0/armtools/bin/../lib/gcc/arm-atollic-eabi/6.3.1/armv7-m\libgcc.a(_udivmoddi4.o)
