Archive member included to satisfy reference by file (symbol)

c:/program files (x86)/atollic/truestudio for stm32 9.3.0/armtools/bin/../lib/gcc/arm-atollic-eabi/6.3.1/../../../../arm-atollic-eabi/lib/armv7-m\libc_nano.a(lib_a-init.o)
                              startup\startup_stm32f107xc.o (__libc_init_array)
c:/program files (x86)/atollic/truestudio for stm32 9.3.0/armtools/bin/../lib/gcc/arm-atollic-eabi/6.3.1/../../../../arm-atollic-eabi/lib/armv7-m\libc_nano.a(lib_a-memcmp.o)
                              Middlewares\Third_Party\LwIP\src\netif\ethernet.o (memcmp)
c:/program files (x86)/atollic/truestudio for stm32 9.3.0/armtools/bin/../lib/gcc/arm-atollic-eabi/6.3.1/../../../../arm-atollic-eabi/lib/armv7-m\libc_nano.a(lib_a-memcpy-stub.o)
                              App\app.o (memcpy)
c:/program files (x86)/atollic/truestudio for stm32 9.3.0/armtools/bin/../lib/gcc/arm-atollic-eabi/6.3.1/../../../../arm-atollic-eabi/lib/armv7-m\libc_nano.a(lib_a-memmove.o)
                              App\app.o (memmove)
c:/program files (x86)/atollic/truestudio for stm32 9.3.0/armtools/bin/../lib/gcc/arm-atollic-eabi/6.3.1/../../../../arm-atollic-eabi/lib/armv7-m\libc_nano.a(lib_a-memset.o)
                              App\interfaces\tcp_server.o (memset)
c:/program files (x86)/atollic/truestudio for stm32 9.3.0/armtools/bin/../lib/gcc/arm-atollic-eabi/6.3.1/../../../../arm-atollic-eabi/lib/armv7-m\libc_nano.a(lib_a-strlen.o)
                              Middlewares\Third_Party\LwIP\src\core\def.o (strlen)
c:/program files (x86)/atollic/truestudio for stm32 9.3.0/armtools/bin/../lib/gcc/arm-atollic-eabi/6.3.1/../../../../arm-atollic-eabi/lib/armv7-m\libc_nano.a(lib_a-strncmp.o)
                              Middlewares\Third_Party\LwIP\src\core\def.o (strncmp)
c:/program files (x86)/atollic/truestudio for stm32 9.3.0/armtools/bin/../lib/gcc/arm-atollic-eabi/6.3.1/armv7-m\libgcc.a(_aeabi_uldivmod.o)
                              Drivers\STM32F1xx_HAL_Driver\Src\stm32f1xx_hal_rcc.o (__aeabi_uldivmod)
c:/program files (x86)/atollic/truestudio for stm32 9.3.0/armtools/bin/../lib/gcc/arm-atollic-eabi/6.3.1/armv7-m\libgcc.a(_udivmoddi4.o)
                              c:/program files (x86)/atollic/truestudio for stm32 9.3.0/armtools/bin/../lib/gcc/arm-atollic-eabi/6.3.1/armv7-m\libgcc.a(_aeabi_uldivmod.o) (__udivmoddi4)
c:/program files (x86)/atollic/truestudio for stm32 9.3.0/armtools/bin/../lib/gcc/arm-atollic-eabi/6.3.1/armv7-m\libgcc.a(_dvmd_tls.o)
                              c:/program files (x86)/atollic/truestudio for stm32 9.3.0/armtools/bin/../lib/gcc/arm-atollic-eabi/6.3.1/armv7-m\libgcc.a(_aeabi_uldivmod.o) (__aeabi_ldiv0)

Allocating common symbols
Common symbol       size              file

netif_list          0x4               Middlewares\Third_Party\LwIP\src\core\netif.o
ip_data             0x18              Middlewares\Third_Party\LwIP\src\core\ip.o
GATEWAY_ADDRESS     0x4               Src\lwip.o
tcp_active_pcbs_changed
                    0x1               Middlewares\Third_Party\LwIP\src\core\tcp.o
tcp_active_pcbs     0x4               Middlewares\Third_Party\LwIP\src\core\tcp.o
udp_pcbs            0x4               Middlewares\Third_Party\LwIP\src\core\udp.o
hiwdg               0xc               Src\main.o
tcp_ticks           0x4               Middlewares\Third_Party\LwIP\src\core\tcp.o
tcp_listen_pcbs     0x4               Middlewares\Third_Party\LwIP\src\core\tcp.o
hcrc                0x8               Src\main.o
memp_memory_TCP_SEG_base
                    0x103             Middlewares\Third_Party\LwIP\src\core\memp.o
gnetif              0x30              Src\lwip.o
ipaddr              0x4               Src\lwip.o
uwTick              0x4               Drivers\STM32F1xx_HAL_Driver\Src\stm32f1xx_hal.o
memp_memory_PBUF_POOL_base
                    0x2603            Middlewares\Third_Party\LwIP\src\core\memp.o
pFlash              0x20              Drivers\STM32F1xx_HAL_Driver\Src\stm32f1xx_hal_flash.o
NETMASK_ADDRESS     0x4               Src\lwip.o
memp_memory_FRAG_PBUF_base
                    0x16b             Middlewares\Third_Party\LwIP\src\core\memp.o
IP_ADDRESS          0x4               Src\lwip.o
hdma_usart1_tx      0x44              Src\main.o
tcp_input_pcb       0x4               Middlewares\Third_Party\LwIP\src\core\tcp_in.o
netmask             0x4               Src\lwip.o
DMATxDscrTab        0x40              Src\ethernetif.o
huart1              0x40              Src\main.o
Rx_Buff             0x2fa0            Src\ethernetif.o
memp_memory_PBUF_base
                    0x103             Middlewares\Third_Party\LwIP\src\core\memp.o
tcp_bound_pcbs      0x4               Middlewares\Third_Party\LwIP\src\core\tcp.o
memp_memory_TCP_PCB_LISTEN_base
                    0xe3              Middlewares\Third_Party\LwIP\src\core\memp.o
memp_memory_REASSDATA_base
[...]
Memory Configuration

Name             Origin             Length             Attributes
RAM              0x20000000         0x00010000         xrw
FLASH            0x08000000         0x00020000         xr
*default*        0x00000000         0xffffffff

Linker script and memory map

LOAD c:/program files (x86)/atollic/truestudio for stm32 9.3.0/armtools/bin/../lib/gcc/arm-atollic-eabi/6.3.1/armv7-m/crti.o
LOAD c:/program files (x86)/atollic/truestudio for stm32 9.3.0/armtools/bin/../lib/gcc/arm-atollic-eabi/6.3.1/armv7-m/crtbegin.o
LOAD App\app.o
LOAD App\crc.o
LOAD App\dio.o
LOAD App\interfaces\tcp_server.o
LOAD App\raspi_link.o
LOAD App\timers.o
LOAD Drivers\STM32F1xx_HAL_Driver\Src\stm32f1xx_hal.o
LOAD Drivers\STM32F1xx_HAL_Driver\Src\stm32f1xx_hal_cortex.o
LOAD Drivers\STM32F1xx_HAL_Driver\Src\stm32f1xx_hal_crc.o
LOAD Drivers\STM32F1xx_HAL_Driver\Src\stm32f1xx_hal_dma.o
LOAD Drivers\STM32F1xx_HAL_Driver\Src\stm32f1xx_hal_eth.o
LOAD Drivers\STM32F1xx_HAL_Driver\Src\stm32f1xx_hal_flash.o
LOAD Drivers\STM32F1xx_HAL_Driver\Src\stm32f1xx_hal_flash_ex.o
LOAD Drivers\STM32F1xx_HAL_Driver\Src\stm32f1xx_hal_gpio.o
LOAD Drivers\STM32F1xx_HAL_Driver\Src\stm32f1xx_hal_gpio_ex.o
LOAD Drivers\STM32F1xx_HAL_Driver\Src\stm32f1xx_hal_iwdg.o
LOAD Drivers\STM32F1xx_HAL_Driver\Src\stm32f1xx_hal_pwr.o
LOAD Drivers\STM32F1xx_HAL_Driver\Src\stm32f1xx_hal_rcc.o
LOAD Drivers\STM32F1xx_HAL_Driver\Src\stm32f1xx_hal_rcc_ex.o
LOAD Drivers\STM32F1xx_HAL_Driver\Src\stm32f1xx_hal_tim.o
LOAD Drivers\STM32F1xx_HAL_Driver\Src\stm32f1xx_hal_tim_ex.o
LOAD Drivers\STM32F1xx_HAL_Driver\Src\stm32f1xx_hal_uart.o
LOAD Middlewares\Third_Party\LwIP\src\api\api_lib.o
LOAD Middlewares\Third_Party\LwIP\src\api\api_msg.o
LOAD Middlewares\Third_Party\LwIP\src\api\err.o
LOAD Middlewares\Third_Party\LwIP\src\api\netbuf.o
LOAD Middlewares\Third_Party\LwIP\src\api\netdb.o
LOAD Middlewares\Third_Party\LwIP\src\api\netifapi.o
LOAD Middlewares\Third_Party\LwIP\src\api\sockets.o
LOAD Middlewares\Third_Party\LwIP\src\api\tcpip.o
LOAD Middlewares\Third_Party\LwIP\src\core\def.o
LOAD Middlewares\Third_Party\LwIP\src\core\dns.o
LOAD Middlewares\Third_Party\LwIP\src\core\inet_chksum.o
LOAD Middlewares\Third_Party\LwIP\src\core\init.o
LOAD Middlewares\Third_Party\LwIP\src\core\ip.o
LOAD Middlewares\Third_Party\LwIP\src\core\ipv4\autoip.o
LOAD Middlewares\Third_Party\LwIP\src\core\ipv4\dhcp.o
LOAD Middlewares\Third_Party\LwIP\src\core\ipv4\etharp.o
LOAD Middlewares\Third_Party\LwIP\src\core\ipv4\icmp.o
LOAD Middlewares\Third_Party\LwIP\src\core\ipv4\igmp.o
LOAD Middlewares\Third_Party\LwIP\src\core\ipv4\ip4.o
LOAD Middlewares\Third_Party\LwIP\src\core\ipv4\ip4_addr.o
LOAD Middlewares\Third_Party\LwIP\src\core\ipv4\ip4_frag.o
LOAD Middlewares\Third_Party\LwIP\src\core\ipv6\dhcp6.o
LOAD Middlewares\Third_Party\LwIP\src\core\ipv6\ethip6.o
LOAD Middlewares\Third_Party\LwIP\src\core\ipv6\icmp6.o
LOAD Middlewares\Third_Party\LwIP\src\core\ipv6\inet6.o
LOAD Middlewares\Third_Party\LwIP\src\core\ipv6\ip6.o
LOAD Middlewares\Third_Party\LwIP\src\core\ipv6\ip6_addr.o
LOAD Middlewares\Third_Party\LwIP\src\core\ipv6\ip6_frag.o
LOAD Middlewares\Third_Party\LwIP\src\core\ipv6\mld6.o
LOAD Middlewares\Third_Party\LwIP\src\core\ipv6\nd6.o
LOAD Middlewares\Third_Party\LwIP\src\core\mem.o
LOAD Middlewares\Third_Party\LwIP\src\core\memp.o
LOAD Middlewares\Third_Party\LwIP\src\core\netif.o
LOAD Middlewares\Third_Party\LwIP\src\core\pbuf.o
LOAD Middlewares\Third_Party\LwIP\src\core\raw.o
LOAD Middlewares\Third_Party\LwIP\src\core\stats.o
LOAD Middlewares\Third_Party\LwIP\src\core\sys.o
LOAD Middlewares\Third_Party\LwIP\src\core\tcp.o
LOAD Middlewares\Third_Party\LwIP\src\core\tcp_in.o
LOAD Middlewares\Third_Party\LwIP\src\core\tcp_out.o
LOAD Middlewares\Third_Party\LwIP\src\core\timeouts.o
LOAD Middlewares\Third_Party\LwIP\src\core\udp.o
LOAD Middlewares\Third_Party\LwIP\src\netif\ethernet.o
LOAD Middlewares\Third_Party\LwIP\src\netif\lowpan6.o
LOAD Middlewares\Third_Party\LwIP\src\netif\ppp\auth.o
LOAD Middlewares\Third_Party\LwIP\src\netif\ppp\ccp.o
LOAD Middlewares\Third_Party\LwIP\src\netif\ppp\chap-md5.o
LOAD Middlewares\Third_Party\LwIP\src\netif\ppp\chap-new.o
LOAD Middlewares\Third_Party\LwIP\src\netif\ppp\chap_ms.o
LOAD Middlewares\Third_Party\LwIP\src\netif\ppp\demand.o
LOAD Middlewares\Third_Party\LwIP\src\netif\ppp\eap.o
LOAD Middlewares\Third_Party\LwIP\src\netif\ppp\ecp.o
LOAD Middlewares\Third_Party\LwIP\src\netif\ppp\eui64.o
LOAD Middlewares\Third_Party\LwIP\src\netif\ppp\fsm.o
LOAD Middlewares\Third_Party\LwIP\src\netif\ppp\ipcp.o
LOAD Middlewares\Third_Party\LwIP\src\netif\ppp\ipv6cp.o
LOAD Middlewares\Third_Party\LwIP\src\netif\ppp\lcp.o
LOAD Middlewares\Third_Party\LwIP\src\netif\ppp\magic.o
LOAD Middlewares\Third_Party\LwIP\src\netif\ppp\mppe.o
LOAD Middlewares\Third_Party\LwIP\src\netif\ppp\multilink.o
LOAD Middlewares\Third_Party\LwIP\src\netif\ppp\ppp.o
LOAD Middlewares\Third_Party\LwIP\src\netif\ppp\pppapi.o
LOAD Middlewares\Third_Party\LwIP\src\netif\ppp\pppcrypt.o
LOAD Middlewares\Third_Party\LwIP\src\netif\ppp\pppoe.o
LOAD Middlewares\Third_Party\LwIP\src\netif\ppp\pppol2tp.o
LOAD Middlewares\Third_Party\LwIP\src\netif\ppp\pppos.o
LOAD Middlewares\Third_Party\LwIP\src\netif\ppp\upap.o
LOAD Middlewares\Third_Party\LwIP\src\netif\ppp\utils.o
LOAD Middlewares\Third_Party\LwIP\src\netif\ppp\vj.o
LOAD Middlewares\Third_Party\LwIP\src\netif\slipif.o
LOAD Src\ethernetif.o
LOAD Src\lwip.o
LOAD Src\main.o
LOAD Src\stm32f1xx_hal_msp.o
LOAD Src\stm32f1xx_it.o
LOAD Src\system_stm32f1xx.o
LOAD startup\startup_stm32f107xc.o
                0x00000080                malloc_getpagesize_P = 0x80
START GROUP
LOAD c:/program files (x86)/atollic/truestudio for stm32 9.3.0/armtools/bin/../lib/gcc/arm-atollic-eabi/6.3.1/../../../../arm-atollic-eabi/lib/armv7-m\libc_nano.a
LOAD c:/program files (x86)/atollic/truestudio for stm32 9.3.0/armtools/bin/../lib/gcc/arm-atollic-eabi/6.3.1/../../../../arm-atollic-eabi/lib/armv7-m\libm.a
END GROUP
START GROUP
LOAD c:/program files (x86)/atollic/truestudio for stm32 9.3.0/armtools/bin/../lib/gcc/arm-atollic-eabi/6.3.1/armv7-m\libgcc.a
LOAD c:/program files (x86)/atollic/truestudio for stm32 9.3.0/armtools/bin/../lib/gcc/arm-atollic-eabi/6.3.1/../../../../arm-atollic-eabi/lib/armv7-m\libc_nano.a
END GROUP
START GROUP
LOAD c:/program files (x86)/atollic/truestudio for stm32 9.3.0/armtools/bin/../lib/gcc/arm-atollic-eabi/6.3.1/armv7-m\libgcc.a
LOAD c:/program files (x86)/atollic/truestudio for stm32 9.3.0/armtools/bin/../lib/gcc/arm-atollic-eabi/6.3.1/../../../../arm-atollic-eabi/lib/armv7-m\libc_nano.a
LOAD c:/program files (x86)/atollic/truestudio for stm32 9.3.0/armtools/bin/../lib/gcc/arm-atollic-eabi/6.3.1/../../../../arm-atollic-eabi/lib/armv7-m\libnosys.a
END GROUP
START GROUP
LOAD c:/program files (x86)/atollic/truestudio for stm32 9.3.0/armtools/bin/../lib/gcc/arm-atollic-eabi/6.3.1/armv7-m\libgcc.a
LOAD c:/program files (x86)/atollic/truestudio for stm32 9.3.0/armtools/bin/../lib/gcc/arm-atollic-eabi/6.3.1/../../../../arm-atollic-eabi/lib/armv7-m\libc_nano.a
LOAD c:/program files (x86)/atollic/truestudio for stm32 9.3.0/armtools/bin/../lib/gcc/arm-atollic-eabi/6.3.1/../../../../arm-atollic-eabi/lib/armv7-m\libnosys.a
END GROUP
LOAD c:/program files (x86)/atollic/truestudio for stm32 9.3.0/armtools/bin/../lib/gcc/arm-atollic-eabi/6.3.1/armv7-m/crtend.o
LOAD c:/program files (x86)/atollic/truestudio for stm32 9.3.0/armtools/bin/../lib/gcc/arm-atollic-eabi/6.3.1/armv7-m/crtn.o
                0x20010000                _estack = 0x20010000
                0x00000200                _Min_Heap_Size = 0x200
                0x00000400                _Min_Stack_Size = 0x400

.isr_vector     0x08000000      0x1e4
                0x08000000                . = ALIGN (0x4)
 *(.isr_vector)
 .isr_vector    0x08000000      0x1e4 startup\startup_stm32f107xc.o
                0x08000000                g_pfnVectors
                0x080001e4                . = ALIGN (0x4)

.text           0x080001e4     0xd6f0
                0x080001e4                . = ALIGN (0x4)
 *(.text)
 .text          0x080001e4       0x40 c:/program files (x86)/atollic/truestudio for stm32 9.3.0/armtools/bin/../lib/gcc/arm-atollic-eabi/6.3.1/armv7-m/crtbegin.o
 .text          0x08000224       0x30 c:/program files (x86)/atollic/truestudio for stm32 9.3.0/armtools/bin/../lib/gcc/arm-atollic-eabi/6.3.1/armv7-m\libgcc.a(_aeabi_uldivmod.o)
                0x08000224                __aeabi_uldivmod
 .text          0x08000254      0x2dc c:/program files (x86)/atollic/truestudio for stm32 9.3.0/armtools/bin/../lib/gcc/arm-atollic-eabi/6.3.1/armv7-m\libgcc.a(_udivmoddi4.o)
                0x08000254                __udivmoddi4
 .text          0x08000530        0x4 c:/program files (x86)/atollic/truestudio for stm32 9.3.0/armtools/bin/../lib/gcc/arm-atollic-eabi/6.3.1/armv7-m\libgcc.a(_dvmd_tls.o)
                0x08000530                __aeabi_idiv0
                0x08000530                __aeabi_ldiv0
 *(.text*)
 .text.NVIC_SystemReset
                0x08000534       0x28 App\app.o
 .text.pc_link_pack_transmit
                0x0800055c      0x194 App\app.o
 .text.pc_link_pack_process
                0x080006f0      0x1d4 App\app.o
 .text.__tcp_rx_data_add
                0x080008c4       0x64 App\app.o
                0x080008c4                __tcp_rx_data_add
 .text.__tcp_rx_sync_kadr
                0x08000928       0x54 App\app.o
                0x08000928                __tcp_rx_sync_kadr
 .text.tcp_handle_kadrs
                0x0800097c       0xc0 App\app.o
                0x0800097c                tcp_handle_kadrs
 .text.tcp_handle_data
                0x08000a3c       0x6c App\app.o
                0x08000a3c                tcp_handle_data
 .text.raspi_check_st
                0x08000aa8      0x144 App\app.o
                0x08000aa8                raspi_check_st
 .text.but_rst_ctrl
                0x08000bec       0xb4 App\app.o
                0x08000bec                but_rst_ctrl
 .text.app_init
                0x08000ca0       0xc8 App\app.o
                0x08000ca0                app_init
 .text.app_step
                0x08000d68      0x170 App\app.o
                0x08000d68                app_step
 .text.HAL_GPIO_EXTI_Callback
                0x08000ed8       0x1c App\app.o
                0x08000ed8                HAL_GPIO_EXTI_Callback
 .text.reverse_32
                0x08000ef4       0x4e App\crc.o
                0x08000ef4                reverse_32
 *fill*         0x08000f42        0x2 
 .text.crc32    0x08000f44       0x24 App\crc.o
                0x08000f44                crc32
 .text.crc32_ether
                0x08000f68      0x114 App\crc.o
                0x08000f68                crc32_ether
 .text.dio_out_bit_read
                0x0800107c       0x3c App\dio.o
                0x0800107c                dio_out_bit_read
 .text.dio_out_write
                0x080010b8       0x50 App\dio.o
                0x080010b8                dio_out_write
 .text.dio_out_bit_write
                0x08001108       0x3c App\dio.o
                0x08001108                dio_out_bit_write
 .text.dio_in_read
                0x08001144       0x8c App\dio.o
                0x08001144                dio_in_read
 .text.dio_in_filter
                0x080011d0       0x7c App\dio.o
                0x080011d0                dio_in_filter
 .text.dio_key_press
                0x0800124c       0x38 App\dio.o
                0x0800124c                dio_key_press
 .text.dio_key_reset
                0x08001284       0x18 App\dio.o
                0x08001284                dio_key_reset
 .text.tcp_server_init
                0x0800129c       0xcc App\interfaces\tcp_server.o
                0x0800129c                tcp_server_init
 .text.tcp_server_send_data
                0x08001368       0x82 App\interfaces\tcp_server.o
                0x08001368                tcp_server_send_data
 .text.tcp_server_connection_close
                0x080013ea       0x1c App\interfaces\tcp_server.o
                0x080013ea                tcp_server_connection_close
 *fill*         0x08001406        0x2 
 .text.tsp_server_close_all_connections
                0x08001408       0x20 App\interfaces\tcp_server.o
                0x08001408                tsp_server_close_all_connections
 .text.tcp_server_accept
                0x08001428       0x8c App\interfaces\tcp_server.o
                0x08001428                tcp_server_accept
 .text.tcp_server_recv
                0x080014b4       0x9c App\interfaces\tcp_server.o
                0x080014b4                tcp_server_recv
 .text.tcp_server_error
                0x08001550       0x20 App\interfaces\tcp_server.o
                0x08001550                tcp_server_error
 .text.tcp_server_poll
                0x08001570       0x20 App\interfaces\tcp_server.o
                0x08001570                tcp_server_poll
 .text.tcp_server_send_tss
                0x08001590       0xa2 App\interfaces\tcp_server.o
                0x08001590                tcp_server_send_tss
 *fill*         0x08001632        0x2 
 .text.socket_allock
                0x08001634       0x3c App\interfaces\tcp_server.o
                0x08001634                socket_allock
 .text.socket_free
                0x08001670       0x74 App\interfaces\tcp_server.o
                0x08001670                socket_free
 .text.ethernet_get_link
                0x080016e4       0x9c App\interfaces\tcp_server.o
                0x080016e4                ethernet_get_link
 .text.tcp_server_svc
                0x08001780       0x44 App\interfaces\tcp_server.o
                0x08001780                tcp_server_svc
 .text.raspi_link_init
                0x080017c4       0x2c App\raspi_link.o
                0x080017c4                raspi_link_init
 .text.raspi_link_swith_cam
                0x080017f0       0x6c App\raspi_link.o
                0x080017f0                raspi_link_swith_cam
 .text.raspi_link_set_time
                0x0800185c       0xb4 App\raspi_link.o
                0x0800185c                raspi_link_set_time
 .text.raspi_link_set_cam
                0x08001910       0x70 App\raspi_link.o
                0x08001910                raspi_link_set_cam
 .text.raspi_link_step
                0x08001980       0xc8 App\raspi_link.o
                0x08001980                raspi_link_step
 .text.timers_get_finish_time
                0x08001a48       0x1a App\timers.o
                0x08001a48                timers_get_finish_time
 .text.timers_get_time_left
                0x08001a62       0x28 App\timers.o
                0x08001a62                timers_get_time_left
 *fill*         0x08001a8a        0x2 
 .text.HAL_Init
                0x08001a8c       0x2c Drivers\STM32F1xx_HAL_Driver\Src\stm32f1xx_hal.o
                0x08001a8c                HAL_Init
 .text.HAL_InitTick
                0x08001ab8       0x60 Drivers\STM32F1xx_HAL_Driver\Src\stm32f1xx_hal.o
                0x08001ab8                HAL_InitTick
 .text.HAL_IncTick
                0x08001b18       0x24 Drivers\STM32F1xx_HAL_Driver\Src\stm32f1xx_hal.o
                0x08001b18                HAL_IncTick
 .text.HAL_GetTick
                0x08001b3c       0x14 Drivers\STM32F1xx_HAL_Driver\Src\stm32f1xx_hal.o
                0x08001b3c                HAL_GetTick
 .text.HAL_Delay
                0x08001b50       0x44 Drivers\STM32F1xx_HAL_Driver\Src\stm32f1xx_hal.o
                0x08001b50                HAL_Delay
 .text.NVIC_SetPriorityGrouping
                0x08001b94       0x48 Drivers\STM32F1xx_HAL_Driver\Src\stm32f1xx_hal_cortex.o
 .text.NVIC_GetPriorityGrouping
                0x08001bdc       0x1c Drivers\STM32F1xx_HAL_Driver\Src\stm32f1xx_hal_cortex.o
 .text.NVIC_EnableIRQ
                0x08001bf8       0x30 Drivers\STM32F1xx_HAL_Driver\Src\stm32f1xx_hal_cortex.o
 .text.NVIC_SetPriority
                0x08001c28       0x54 Drivers\STM32F1xx_HAL_Driver\Src\stm32f1xx_hal_cortex.o
 .text.NVIC_EncodePriority
                0x08001c7c       0x60 Drivers\STM32F1xx_HAL_Driver\Src\stm32f1xx_hal_cortex.o
 .text.SysTick_Config
                0x08001cdc       0x44 Drivers\STM32F1xx_HAL_Driver\Src\stm32f1xx_hal_cortex.o
 .text.HAL_NVIC_SetPriorityGrouping
                0x08001d20       0x16 Drivers\STM32F1xx_HAL_Driver\Src\stm32f1xx_hal_cortex.o
                0x08001d20                HAL_NVIC_SetPriorityGrouping
 .text.HAL_NVIC_SetPriority
                0x08001d36       0x38 Drivers\STM32F1xx_HAL_Driver\Src\stm32f1xx_hal_cortex.o
                0x08001d36                HAL_NVIC_SetPriority
 .text.HAL_NVIC_EnableIRQ
                0x08001d6e       0x1c Drivers\STM32F1xx_HAL_Driver\Src\stm32f1xx_hal_cortex.o
                0x08001d6e                HAL_NVIC_EnableIRQ
 .text.HAL_SYSTICK_Config
                0x08001d8a       0x18 Drivers\STM32F1xx_HAL_Driver\Src\stm32f1xx_hal_cortex.o
                0x08001d8a                HAL_SYSTICK_Config
 *fill*         0x08001da2        0x2 
 .text.HAL_SYSTICK_CLKSourceConfig
                0x08001da4       0x38 Drivers\STM32F1xx_HAL_Driver\Src\stm32f1xx_hal_cortex.o
                0x08001da4                HAL_SYSTICK_CLKSourceConfig
 .text.HAL_SYSTICK_IRQHandler
                0x08001ddc        0xc Drivers\STM32F1xx_HAL_Driver\Src\stm32f1xx_hal_cortex.o
                0x08001ddc                HAL_SYSTICK_IRQHandler
 .text.HAL_SYSTICK_Callback
                0x08001de8        0xc Drivers\STM32F1xx_HAL_Driver\Src\stm32f1xx_hal_cortex.o
                0x08001de8                HAL_SYSTICK_Callback
 .text.HAL_CRC_Init
                0x08001df4       0x38 Drivers\STM32F1xx_HAL_Driver\Src\stm32f1xx_hal_crc.o
                0x08001df4                HAL_CRC_Init
 .text.HAL_DMA_Init
                0x08001e2c      0x104 Drivers\STM32F1xx_HAL_Driver\Src\stm32f1xx_hal_dma.o
                0x08001e2c                HAL_DMA_Init
 .text.HAL_DMA_Start_IT
                0x08001f30       0xbe Drivers\STM32F1xx_HAL_Driver\Src\stm32f1xx_hal_dma.o
                0x08001f30                HAL_DMA_Start_IT
 *fill*         0x08001fee        0x2 
 .text.HAL_DMA_Abort_IT
                0x08001ff0      0x23c Drivers\STM32F1xx_HAL_Driver\Src\stm32f1xx_hal_dma.o
                0x08001ff0                HAL_DMA_Abort_IT
 .text.HAL_DMA_IRQHandler
                0x0800222c      0x4d0 Drivers\STM32F1xx_HAL_Driver\Src\stm32f1xx_hal_dma.o
                0x0800222c                HAL_DMA_IRQHandler
 .text.DMA_SetConfig
                0x080026fc       0x5a Drivers\STM32F1xx_HAL_Driver\Src\stm32f1xx_hal_dma.o
 *fill*         0x08002756        0x2 
 .text.HAL_ETH_Init
                0x08002758      0x2d8 Drivers\STM32F1xx_HAL_Driver\Src\stm32f1xx_hal_eth.o
                0x08002758                HAL_ETH_Init
 .text.HAL_ETH_DMATxDescListInit
                0x08002a30       0xd0 Drivers\STM32F1xx_HAL_Driver\Src\stm32f1xx_hal_eth.o
                0x08002a30                HAL_ETH_DMATxDescListInit
 .text.HAL_ETH_DMARxDescListInit
                0x08002b00       0xd8 Drivers\STM32F1xx_HAL_Driver\Src\stm32f1xx_hal_eth.o
                0x08002b00                HAL_ETH_DMARxDescListInit
 .text.HAL_ETH_TransmitFrame
                0x08002bd8      0x1d4 Drivers\STM32F1xx_HAL_Driver\Src\stm32f1xx_hal_eth.o
                0x08002bd8                HAL_ETH_TransmitFrame
 .text.HAL_ETH_GetReceivedFrame
                0x08002dac      0x106 Drivers\STM32F1xx_HAL_Driver\Src\stm32f1xx_hal_eth.o
                0x08002dac                HAL_ETH_GetReceivedFrame
 .text.HAL_ETH_ReadPHYRegister
                0x08002eb2       0xd0 Drivers\STM32F1xx_HAL_Driver\Src\stm32f1xx_hal_eth.o
                0x08002eb2                HAL_ETH_ReadPHYRegister
 .text.HAL_ETH_WritePHYRegister
                0x08002f82       0xcc Drivers\STM32F1xx_HAL_Driver\Src\stm32f1xx_hal_eth.o
                0x08002f82                HAL_ETH_WritePHYRegister
 .text.HAL_ETH_Start
                0x0800304e       0x5e Drivers\STM32F1xx_HAL_Driver\Src\stm32f1xx_hal_eth.o
                0x0800304e                HAL_ETH_Start
 .text.ETH_MACDMAConfig
                0x080030ac      0x388 Drivers\STM32F1xx_HAL_Driver\Src\stm32f1xx_hal_eth.o
 .text.ETH_MACAddressConfig
                0x08003434       0x6c Drivers\STM32F1xx_HAL_Driver\Src\stm32f1xx_hal_eth.o
 .text.ETH_MACTransmissionEnable
                0x080034a0       0x3a Drivers\STM32F1xx_HAL_Driver\Src\stm32f1xx_hal_eth.o
 .text.ETH_MACReceptionEnable
                0x080034da       0x3a Drivers\STM32F1xx_HAL_Driver\Src\stm32f1xx_hal_eth.o
 .text.ETH_DMATransmissionEnable
                0x08003514       0x2e Drivers\STM32F1xx_HAL_Driver\Src\stm32f1xx_hal_eth.o
 .text.ETH_DMAReceptionEnable
                0x08003542       0x2e Drivers\STM32F1xx_HAL_Driver\Src\stm32f1xx_hal_eth.o
 .text.ETH_FlushTransmitFIFO
                0x08003570       0x52 Drivers\STM32F1xx_HAL_Driver\Src\stm32f1xx_hal_eth.o
 *fill*         0x080035c2        0x2 
 .text.ETH_Delay
                0x080035c4       0x3c Drivers\STM32F1xx_HAL_Driver\Src\stm32f1xx_hal_eth.o
 .text.HAL_GPIO_Init
                0x08003600      0x2bc Drivers\STM32F1xx_HAL_Driver\Src\stm32f1xx_hal_gpio.o
                0x08003600                HAL_GPIO_Init
 .text.HAL_GPIO_ReadPin
                0x080038bc       0x2e Drivers\STM32F1xx_HAL_Driver\Src\stm32f1xx_hal_gpio.o
                0x080038bc                HAL_GPIO_ReadPin
 .text.HAL_GPIO_WritePin
                0x080038ea       0x30 Drivers\STM32F1xx_HAL_Driver\Src\stm32f1xx_hal_gpio.o
                0x080038ea                HAL_GPIO_WritePin
 .text.HAL_GPIO_TogglePin
                0x0800391a       0x22 Drivers\STM32F1xx_HAL_Driver\Src\stm32f1xx_hal_gpio.o
                0x0800391a                HAL_GPIO_TogglePin
 .text.HAL_GPIO_EXTI_IRQHandler
                0x0800393c       0x30 Drivers\STM32F1xx_HAL_Driver\Src\stm32f1xx_hal_gpio.o
                0x0800393c                HAL_GPIO_EXTI_IRQHandler
 .text.HAL_RCC_OscConfig
                0x0800396c      0x5f4 Drivers\STM32F1xx_HAL_Driver\Src\stm32f1xx_hal_rcc.o
                0x0800396c                HAL_RCC_OscConfig
 .text.HAL_RCC_ClockConfig
                0x08003f60      0x1e8 Drivers\STM32F1xx_HAL_Driver\Src\stm32f1xx_hal_rcc.o
                0x08003f60                HAL_RCC_ClockConfig
 .text.HAL_RCC_GetSysClockFreq
                0x08004148      0x178 Drivers\STM32F1xx_HAL_Driver\Src\stm32f1xx_hal_rcc.o
                0x08004148                HAL_RCC_GetSysClockFreq
 .text.HAL_RCC_GetHCLKFreq
                0x080042c0       0x14 Drivers\STM32F1xx_HAL_Driver\Src\stm32f1xx_hal_rcc.o
                0x080042c0                HAL_RCC_GetHCLKFreq
 .text.HAL_RCC_GetPCLK1Freq
                0x080042d4       0x28 Drivers\STM32F1xx_HAL_Driver\Src\stm32f1xx_hal_rcc.o
                0x080042d4                HAL_RCC_GetPCLK1Freq
 .text.HAL_RCC_GetPCLK2Freq
                0x080042fc       0x28 Drivers\STM32F1xx_HAL_Driver\Src\stm32f1xx_hal_rcc.o
                0x080042fc                HAL_RCC_GetPCLK2Freq
 .text.RCC_Delay
                0x08004324       0x3c Drivers\STM32F1xx_HAL_Driver\Src\stm32f1xx_hal_rcc.o
 .text.HAL_UART_Init
                0x08004360       0x9a Drivers\STM32F1xx_HAL_Driver\Src\stm32f1xx_hal_uart.o
                0x08004360                HAL_UART_Init
 *fill*         0x080043fa        0x2 
 .text.HAL_UART_Transmit_DMA
                0x080043fc       0xd8 Drivers\STM32F1xx_HAL_Driver\Src\stm32f1xx_hal_uart.o
                0x080043fc                HAL_UART_Transmit_DMA
 .text.HAL_UART_IRQHandler
                0x080044d4      0x1f8 Drivers\STM32F1xx_HAL_Driver\Src\stm32f1xx_hal_uart.o
                0x080044d4                HAL_UART_IRQHandler
 .text.HAL_UART_TxCpltCallback
                0x080046cc       0x12 Drivers\STM32F1xx_HAL_Driver\Src\stm32f1xx_hal_uart.o
                0x080046cc                HAL_UART_TxCpltCallback
 .text.HAL_UART_TxHalfCpltCallback
                0x080046de       0x12 Drivers\STM32F1xx_HAL_Driver\Src\stm32f1xx_hal_uart.o
                0x080046de                HAL_UART_TxHalfCpltCallback
 .text.HAL_UART_RxCpltCallback
                0x080046f0       0x12 Drivers\STM32F1xx_HAL_Driver\Src\stm32f1xx_hal_uart.o
                0x080046f0                HAL_UART_RxCpltCallback
 .text.HAL_UART_ErrorCallback
                0x08004702       0x12 Drivers\STM32F1xx_HAL_Driver\Src\stm32f1xx_hal_uart.o
                0x08004702                HAL_UART_ErrorCallback
 .text.UART_DMATransmitCplt
                0x08004714       0x52 Drivers\STM32F1xx_HAL_Driver\Src\stm32f1xx_hal_uart.o
 .text.UART_DMATxHalfCplt
                0x08004766       0x1c Drivers\STM32F1xx_HAL_Driver\Src\stm32f1xx_hal_uart.o
 .text.UART_DMAError
                0x08004782       0x94 Drivers\STM32F1xx_HAL_Driver\Src\stm32f1xx_hal_uart.o
 .text.UART_EndTxTransfer
                0x08004816       0x2a Drivers\STM32F1xx_HAL_Driver\Src\stm32f1xx_hal_uart.o
 .text.UART_EndRxTransfer
                0x08004840       0x3a Drivers\STM32F1xx_HAL_Driver\Src\stm32f1xx_hal_uart.o
 .text.UART_DMAAbortOnError
                0x0800487a       0x28 Drivers\STM32F1xx_HAL_Driver\Src\stm32f1xx_hal_uart.o
 .text.UART_Transmit_IT
                0x080048a2       0xa8 Drivers\STM32F1xx_HAL_Driver\Src\stm32f1xx_hal_uart.o
 .text.UART_EndTransmit_IT
                0x0800494a       0x30 Drivers\STM32F1xx_HAL_Driver\Src\stm32f1xx_hal_uart.o
 .text.UART_Receive_IT
                0x0800497a      0x102 Drivers\STM32F1xx_HAL_Driver\Src\stm32f1xx_hal_uart.o
 .text.UART_SetConfig
                0x08004a7c      0x230 Drivers\STM32F1xx_HAL_Driver\Src\stm32f1xx_hal_uart.o
 .text.lwip_htons
                0x08004cac       0x28 Middlewares\Third_Party\LwIP\src\core\def.o
                0x08004cac                lwip_htons
 .text.lwip_htonl
                0x08004cd4       0x30 Middlewares\Third_Party\LwIP\src\core\def.o
                0x08004cd4                lwip_htonl
 .text.lwip_init
                0x08004d04       0x20 Middlewares\Third_Party\LwIP\src\core\init.o
                0x08004d04                lwip_init
 .text.etharp_free_entry
                0x08004d24       0x64 Middlewares\Third_Party\LwIP\src\core\ipv4\etharp.o
 .text.etharp_tmr
                0x08004d88      0x150 Middlewares\Third_Party\LwIP\src\core\ipv4\etharp.o
                0x08004d88                etharp_tmr
 .text.etharp_find_entry
                0x08004ed8      0x208 Middlewares\Third_Party\LwIP\src\core\ipv4\etharp.o
 .text.etharp_update_arp_entry
                0x080050e0      0x128 Middlewares\Third_Party\LwIP\src\core\ipv4\etharp.o
 .text.etharp_cleanup_netif
                0x08005208       0x60 Middlewares\Third_Party\LwIP\src\core\ipv4\etharp.o
                0x08005208                etharp_cleanup_netif
 .text.etharp_input
                0x08005268      0x12e Middlewares\Third_Party\LwIP\src\core\ipv4\etharp.o
                0x08005268                etharp_input
 *fill*         0x08005396        0x2 
 .text.etharp_output_to_arp_index
                0x08005398      0x110 Middlewares\Third_Party\LwIP\src\core\ipv4\etharp.o
 .text.etharp_output
                0x080054a8      0x18c Middlewares\Third_Party\LwIP\src\core\ipv4\etharp.o
                0x080054a8                etharp_output
 .text.etharp_query
                0x08005634      0x238 Middlewares\Third_Party\LwIP\src\core\ipv4\etharp.o
                0x08005634                etharp_query
 .text.etharp_raw
                0x0800586c       0xc0 Middlewares\Third_Party\LwIP\src\core\ipv4\etharp.o
 .text.etharp_request_dst
                0x0800592c       0x44 Middlewares\Third_Party\LwIP\src\core\ipv4\etharp.o
 .text.etharp_request
                0x08005970       0x24 Middlewares\Third_Party\LwIP\src\core\ipv4\etharp.o
                0x08005970                etharp_request
 .text.icmp_input
                0x08005994      0x1ec Middlewares\Third_Party\LwIP\src\core\ipv4\icmp.o
                0x08005994                icmp_input
 .text.icmp_dest_unreach
                0x08005b80       0x20 Middlewares\Third_Party\LwIP\src\core\ipv4\icmp.o
                0x08005b80                icmp_dest_unreach
 .text.icmp_time_exceeded
                0x08005ba0       0x20 Middlewares\Third_Party\LwIP\src\core\ipv4\icmp.o
                0x08005ba0                icmp_time_exceeded
 .text.icmp_send_response
                0x08005bc0       0xae Middlewares\Third_Party\LwIP\src\core\ipv4\icmp.o
 *fill*         0x08005c6e        0x2 
 .text.ip4_route
                0x08005c70       0xcc Middlewares\Third_Party\LwIP\src\core\ipv4\ip4.o
                0x08005c70                ip4_route
 .text.ip4_input
                0x08005d3c      0x268 Middlewares\Third_Party\LwIP\src\core\ipv4\ip4.o
                0x08005d3c                ip4_input
 .text.ip4_output_if
                0x08005fa4       0x54 Middlewares\Third_Party\LwIP\src\core\ipv4\ip4.o
                0x08005fa4                ip4_output_if
 .text.ip4_output_if_src
                0x08005ff8      0x114 Middlewares\Third_Party\LwIP\src\core\ipv4\ip4.o
                0x08005ff8                ip4_output_if_src
 .text.ip4_addr_isbroadcast_u32
                0x0800610c       0x80 Middlewares\Third_Party\LwIP\src\core\ipv4\ip4_addr.o
                0x0800610c                ip4_addr_isbroadcast_u32
 .text.ip_reass_tmr
                0x0800618c       0x58 Middlewares\Third_Party\LwIP\src\core\ipv4\ip4_frag.o
                0x0800618c                ip_reass_tmr
 .text.ip_reass_free_complete_datagram
                0x080061e4       0xbc Middlewares\Third_Party\LwIP\src\core\ipv4\ip4_frag.o
 .text.ip_reass_remove_oldest_datagram
                0x080062a0       0xc4 Middlewares\Third_Party\LwIP\src\core\ipv4\ip4_frag.o
 .text.ip_reass_enqueue_new_datagram
                0x08006364       0x74 Middlewares\Third_Party\LwIP\src\core\ipv4\ip4_frag.o
 .text.ip_reass_dequeue_datagram
                0x080063d8       0x3c Middlewares\Third_Party\LwIP\src\core\ipv4\ip4_frag.o
 .text.ip_reass_chain_frag_into_datagram_and_validate
                0x08006414      0x204 Middlewares\Third_Party\LwIP\src\core\ipv4\ip4_frag.o
 .text.ip4_reass
                0x08006618      0x258 Middlewares\Third_Party\LwIP\src\core\ipv4\ip4_frag.o
                0x08006618                ip4_reass
 .text.ip_frag_alloc_pbuf_custom_ref
                0x08006870       0x10 Middlewares\Third_Party\LwIP\src\core\ipv4\ip4_frag.o
 .text.ip_frag_free_pbuf_custom_ref
                0x08006880       0x18 Middlewares\Third_Party\LwIP\src\core\ipv4\ip4_frag.o
 .text.ipfrag_free_pbuf_custom
                0x08006898       0x2c Middlewares\Third_Party\LwIP\src\core\ipv4\ip4_frag.o
 .text.ip4_frag
                0x080068c4      0x1f8 Middlewares\Third_Party\LwIP\src\core\ipv4\ip4_frag.o
                0x080068c4                ip4_frag
 .text.plug_holes
                0x08006abc       0xbc Middlewares\Third_Party\LwIP\src\core\mem.o
 .text.mem_init
                0x08006b78       0x78 Middlewares\Third_Party\LwIP\src\core\mem.o
                0x08006b78                mem_init
 .text.mem_free
                0x08006bf0       0x68 Middlewares\Third_Party\LwIP\src\core\mem.o
                0x08006bf0                mem_free
 .text.mem_trim
                0x08006c58      0x178 Middlewares\Third_Party\LwIP\src\core\mem.o
                0x08006c58                mem_trim
 .text.mem_malloc
                0x08006dd0      0x150 Middlewares\Third_Party\LwIP\src\core\mem.o
                0x08006dd0                mem_malloc
 .text.memp_init_pool
                0x08006f20       0x5c Middlewares\Third_Party\LwIP\src\core\memp.o
                0x08006f20                memp_init_pool
 .text.memp_init
                0x08006f7c       0x34 Middlewares\Third_Party\LwIP\src\core\memp.o
                0x08006f7c                memp_init
 .text.do_memp_malloc_pool
                0x08006fb0       0x30 Middlewares\Third_Party\LwIP\src\core\memp.o
 .text.memp_malloc
                0x08006fe0       0x34 Middlewares\Third_Party\LwIP\src\core\memp.o
                0x08006fe0                memp_malloc
 .text.do_memp_free_pool
                0x08007014       0x2a Middlewares\Third_Party\LwIP\src\core\memp.o
 *fill*         0x0800703e        0x2 
 .text.memp_free
                0x08007040       0x3c Middlewares\Third_Party\LwIP\src\core\memp.o
                0x08007040                memp_free
 .text.netif_init
                0x0800707c        0xc Middlewares\Third_Party\LwIP\src\core\netif.o
                0x0800707c                netif_init
 .text.netif_add
                0x08007088       0x8c Middlewares\Third_Party\LwIP\src\core\netif.o
                0x08007088                netif_add
 .text.netif_set_addr
                0x08007114       0x56 Middlewares\Third_Party\LwIP\src\core\netif.o
                0x08007114                netif_set_addr
 *fill*         0x0800716a        0x2 
 .text.netif_set_ipaddr
                0x0800716c       0x70 Middlewares\Third_Party\LwIP\src\core\netif.o
                0x0800716c                netif_set_ipaddr
 .text.netif_set_gw
                0x080071dc       0x26 Middlewares\Third_Party\LwIP\src\core\netif.o
                0x080071dc                netif_set_gw
 .text.netif_set_netmask
                0x08007202       0x26 Middlewares\Third_Party\LwIP\src\core\netif.o
                0x08007202                netif_set_netmask
 .text.netif_set_default
                0x08007228       0x1c Middlewares\Third_Party\LwIP\src\core\netif.o
                0x08007228                netif_set_default
 .text.netif_set_up
                0x08007244       0x46 Middlewares\Third_Party\LwIP\src\core\netif.o
                0x08007244                netif_set_up
 .text.netif_issue_reports
                0x0800728a       0x42 Middlewares\Third_Party\LwIP\src\core\netif.o
 .text.netif_set_down
                0x080072cc       0x44 Middlewares\Third_Party\LwIP\src\core\netif.o
                0x080072cc                netif_set_down
 .text.netif_set_link_up
                0x08007310       0x46 Middlewares\Third_Party\LwIP\src\core\netif.o
                0x08007310                netif_set_link_up
 .text.netif_set_link_down
                0x08007356       0x32 Middlewares\Third_Party\LwIP\src\core\netif.o
                0x08007356                netif_set_link_down
 .text.pbuf_free_ooseq
                0x08007388       0x48 Middlewares\Third_Party\LwIP\src\core\pbuf.o
                0x08007388                pbuf_free_ooseq
 .text.pbuf_pool_is_empty
                0x080073d0       0x18 Middlewares\Third_Party\LwIP\src\core\pbuf.o
 .text.pbuf_alloc
                0x080073e8      0x204 Middlewares\Third_Party\LwIP\src\core\pbuf.o
                0x080073e8                pbuf_alloc
 .text.pbuf_alloced_custom
                0x080075ec       0xbc Middlewares\Third_Party\LwIP\src\core\pbuf.o
                0x080075ec                pbuf_alloced_custom
 .text.pbuf_realloc
                0x080076a8       0xd4 Middlewares\Third_Party\LwIP\src\core\pbuf.o
                0x080076a8                pbuf_realloc
 .text.pbuf_header_impl
                0x0800777c      0x102 Middlewares\Third_Party\LwIP\src\core\pbuf.o
 .text.pbuf_header
                0x0800787e       0x24 Middlewares\Third_Party\LwIP\src\core\pbuf.o
                0x0800787e                pbuf_header
 .text.pbuf_header_force
                0x080078a2       0x24 Middlewares\Third_Party\LwIP\src\core\pbuf.o
                0x080078a2                pbuf_header_force
 .text.pbuf_free
                0x080078c6       0xb8 Middlewares\Third_Party\LwIP\src\core\pbuf.o
                0x080078c6                pbuf_free
 .text.pbuf_clen
                0x0800797e       0x2c Middlewares\Third_Party\LwIP\src\core\pbuf.o
                0x0800797e                pbuf_clen
 .text.pbuf_ref
                0x080079aa       0x24 Middlewares\Third_Party\LwIP\src\core\pbuf.o
                0x080079aa                pbuf_ref
 .text.pbuf_cat
                0x080079ce       0x5c Middlewares\Third_Party\LwIP\src\core\pbuf.o
                0x080079ce                pbuf_cat
 .text.pbuf_copy
                0x08007a2a      0x110 Middlewares\Third_Party\LwIP\src\core\pbuf.o
                0x08007a2a                pbuf_copy
 .text.pbuf_copy_partial
                0x08007b3a       0xc8 Middlewares\Third_Party\LwIP\src\core\pbuf.o
                0x08007b3a                pbuf_copy_partial
 .text.tcp_init
                0x08007c02        0xc Middlewares\Third_Party\LwIP\src\core\tcp.o
                0x08007c02                tcp_init
 *fill*         0x08007c0e        0x2 
 .text.tcp_tmr  0x08007c10       0x2c Middlewares\Third_Party\LwIP\src\core\tcp.o
                0x08007c10                tcp_tmr
 .text.tcp_remove_listener
                0x08007c3c       0x36 Middlewares\Third_Party\LwIP\src\core\tcp.o
 *fill*         0x08007c72        0x2 
 .text.tcp_listen_closed
                0x08007c74       0x38 Middlewares\Third_Party\LwIP\src\core\tcp.o
 .text.tcp_close_shutdown
                0x08007cac      0x24c Middlewares\Third_Party\LwIP\src\core\tcp.o
 .text.tcp_close
                0x08007ef8       0x30 Middlewares\Third_Party\LwIP\src\core\tcp.o
                0x08007ef8                tcp_close
 .text.tcp_abandon
                0x08007f28      0x13c Middlewares\Third_Party\LwIP\src\core\tcp.o
                0x08007f28                tcp_abandon
 .text.tcp_abort
                0x08008064       0x18 Middlewares\Third_Party\LwIP\src\core\tcp.o
                0x08008064                tcp_abort
 .text.tcp_bind
                0x0800807c      0x10c Middlewares\Third_Party\LwIP\src\core\tcp.o
                0x0800807c                tcp_bind
 .text.tcp_accept_null
                0x08008188       0x20 Middlewares\Third_Party\LwIP\src\core\tcp.o
 .text.tcp_listen_with_backlog
                0x080081a8       0xf8 Middlewares\Third_Party\LwIP\src\core\tcp.o
                0x080081a8                tcp_listen_with_backlog
 .text.tcp_update_rcv_ann_wnd
                0x080082a0       0x7e Middlewares\Third_Party\LwIP\src\core\tcp.o
                0x080082a0                tcp_update_rcv_ann_wnd
 .text.tcp_recved
                0x0800831e       0x7c Middlewares\Third_Party\LwIP\src\core\tcp.o
                0x0800831e                tcp_recved
 *fill*         0x0800839a        0x2 
 .text.tcp_new_port
                0x0800839c       0x88 Middlewares\Third_Party\LwIP\src\core\tcp.o
 .text.tcp_slowtmr
                0x08008424      0x480 Middlewares\Third_Party\LwIP\src\core\tcp.o
                0x08008424                tcp_slowtmr
 .text.tcp_fasttmr
                0x080088a4       0xa8 Middlewares\Third_Party\LwIP\src\core\tcp.o
                0x080088a4                tcp_fasttmr
 .text.tcp_process_refused_data
                0x0800894c       0xd2 Middlewares\Third_Party\LwIP\src\core\tcp.o
                0x0800894c                tcp_process_refused_data
 .text.tcp_segs_free
                0x08008a1e       0x28 Middlewares\Third_Party\LwIP\src\core\tcp.o
                0x08008a1e                tcp_segs_free
 .text.tcp_seg_free
                0x08008a46       0x30 Middlewares\Third_Party\LwIP\src\core\tcp.o
                0x08008a46                tcp_seg_free
 .text.tcp_setprio
                0x08008a76       0x1c Middlewares\Third_Party\LwIP\src\core\tcp.o
                0x08008a76                tcp_setprio
 .text.tcp_seg_copy
                0x08008a92       0x38 Middlewares\Third_Party\LwIP\src\core\tcp.o
                0x08008a92                tcp_seg_copy
 .text.tcp_recv_null
                0x08008aca       0x44 Middlewares\Third_Party\LwIP\src\core\tcp.o
                0x08008aca                tcp_recv_null
 *fill*         0x08008b0e        0x2 
 .text.tcp_kill_prio
                0x08008b10       0x84 Middlewares\Third_Party\LwIP\src\core\tcp.o
 .text.tcp_kill_state
                0x08008b94       0x70 Middlewares\Third_Party\LwIP\src\core\tcp.o
 .text.tcp_kill_timewait
                0x08008c04       0x60 Middlewares\Third_Party\LwIP\src\core\tcp.o
 .text.tcp_alloc
                0x08008c64      0x118 Middlewares\Third_Party\LwIP\src\core\tcp.o
                0x08008c64                tcp_alloc
 .text.tcp_arg  0x08008d7c       0x20 Middlewares\Third_Party\LwIP\src\core\tcp.o
                0x08008d7c                tcp_arg
 .text.tcp_recv
                0x08008d9c       0x22 Middlewares\Third_Party\LwIP\src\core\tcp.o
                0x08008d9c                tcp_recv
 .text.tcp_err  0x08008dbe       0x22 Middlewares\Third_Party\LwIP\src\core\tcp.o
                0x08008dbe                tcp_err
 .text.tcp_accept
                0x08008de0       0x2c Middlewares\Third_Party\LwIP\src\core\tcp.o
                0x08008de0                tcp_accept
 .text.tcp_poll
                0x08008e0c       0x26 Middlewares\Third_Party\LwIP\src\core\tcp.o
                0x08008e0c                tcp_poll
 .text.tcp_pcb_purge
                0x08008e32       0x82 Middlewares\Third_Party\LwIP\src\core\tcp.o
                0x08008e32                tcp_pcb_purge
 .text.tcp_pcb_remove
                0x08008eb4       0x9e Middlewares\Third_Party\LwIP\src\core\tcp.o
                0x08008eb4                tcp_pcb_remove
 *fill*         0x08008f52        0x2 
 .text.tcp_next_iss
                0x08008f54       0x28 Middlewares\Third_Party\LwIP\src\core\tcp.o
                0x08008f54                tcp_next_iss
 .text.tcp_eff_send_mss_impl
                0x08008f7c       0x48 Middlewares\Third_Party\LwIP\src\core\tcp.o
                0x08008f7c                tcp_eff_send_mss_impl
 .text.tcp_netif_ip_addr_changed_pcblist
                0x08008fc4       0x42 Middlewares\Third_Party\LwIP\src\core\tcp.o
 *fill*         0x08009006        0x2 
 .text.tcp_netif_ip_addr_changed
                0x08009008       0x80 Middlewares\Third_Party\LwIP\src\core\tcp.o
                0x08009008                tcp_netif_ip_addr_changed
 .text.tcp_input
                0x08009088      0x678 Middlewares\Third_Party\LwIP\src\core\tcp_in.o
                0x08009088                tcp_input
 .text.tcp_listen_input
                0x08009700      0x1b4 Middlewares\Third_Party\LwIP\src\core\tcp_in.o
 .text.tcp_timewait_input
                0x080098b4       0xd0 Middlewares\Third_Party\LwIP\src\core\tcp_in.o
 .text.tcp_process
                0x08009984      0x710 Middlewares\Third_Party\LwIP\src\core\tcp_in.o
 .text.tcp_oos_insert_segment
                0x0800a094       0xec Middlewares\Third_Party\LwIP\src\core\tcp_in.o
 .text.tcp_receive
                0x0800a180      0xddc Middlewares\Third_Party\LwIP\src\core\tcp_in.o
 .text.tcp_getoptbyte
                0x0800af5c       0x74 Middlewares\Third_Party\LwIP\src\core\tcp_in.o
 .text.tcp_parseopt
                0x0800afd0       0xc8 Middlewares\Third_Party\LwIP\src\core\tcp_in.o
 .text.tcp_trigger_input_pcb_close
                0x0800b098       0x20 Middlewares\Third_Party\LwIP\src\core\tcp_in.o
                0x0800b098                tcp_trigger_input_pcb_close
 .text.tcp_output_alloc_header
                0x0800b0b8       0xd0 Middlewares\Third_Party\LwIP\src\core\tcp_out.o
 .text.tcp_send_fin
                0x0800b188       0x7c Middlewares\Third_Party\LwIP\src\core\tcp_out.o
                0x0800b188                tcp_send_fin
 .text.tcp_create_segment
                0x0800b204       0xee Middlewares\Third_Party\LwIP\src\core\tcp_out.o
 .text.tcp_pbuf_prealloc
                0x0800b2f2       0xa2 Middlewares\Third_Party\LwIP\src\core\tcp_out.o
 .text.tcp_write_checks
                0x0800b394       0xac Middlewares\Third_Party\LwIP\src\core\tcp_out.o
 .text.tcp_write
                0x0800b440      0x468 Middlewares\Third_Party\LwIP\src\core\tcp_out.o
                0x0800b440                tcp_write
 .text.tcp_enqueue_flags
                0x0800b8a8      0x166 Middlewares\Third_Party\LwIP\src\core\tcp_out.o
                0x0800b8a8                tcp_enqueue_flags
 .text.tcp_send_empty_ack
                0x0800ba0e       0xb8 Middlewares\Third_Party\LwIP\src\core\tcp_out.o
                0x0800ba0e                tcp_send_empty_ack
 *fill*         0x0800bac6        0x2 
 .text.tcp_output
                0x0800bac8      0x328 Middlewares\Third_Party\LwIP\src\core\tcp_out.o
                0x0800bac8                tcp_output
 .text.tcp_output_segment
                0x0800bdf0      0x140 Middlewares\Third_Party\LwIP\src\core\tcp_out.o
 .text.tcp_rst  0x0800bf30       0xca Middlewares\Third_Party\LwIP\src\core\tcp_out.o
                0x0800bf30                tcp_rst
 .text.tcp_rexmit_rto
                0x0800bffa       0x62 Middlewares\Third_Party\LwIP\src\core\tcp_out.o
                0x0800bffa                tcp_rexmit_rto
 .text.tcp_rexmit
                0x0800c05c       0x96 Middlewares\Third_Party\LwIP\src\core\tcp_out.o
                0x0800c05c                tcp_rexmit
 .text.tcp_rexmit_fast
                0x0800c0f2       0xac Middlewares\Third_Party\LwIP\src\core\tcp_out.o
                0x0800c0f2                tcp_rexmit_fast
 .text.tcp_keepalive
                0x0800c19e       0x7a Middlewares\Third_Party\LwIP\src\core\tcp_out.o
                0x0800c19e                tcp_keepalive
 .text.tcp_zero_window_probe
                0x0800c218      0x138 Middlewares\Third_Party\LwIP\src\core\tcp_out.o
                0x0800c218                tcp_zero_window_probe
 .text.tcpip_tcp_timer
                0x0800c350       0x48 Middlewares\Third_Party\LwIP\src\core\timeouts.o
 .text.tcp_timer_needed
                0x0800c398       0x40 Middlewares\Third_Party\LwIP\src\core\timeouts.o
                0x0800c398                tcp_timer_needed
 .text.cyclic_timer
                0x0800c3d8       0x2c Middlewares\Third_Party\LwIP\src\core\timeouts.o
 .text.sys_timeouts_init
                0x0800c404       0x50 Middlewares\Third_Party\LwIP\src\core\timeouts.o
                0x0800c404                sys_timeouts_init
 .text.sys_timeout
                0x0800c454      0x124 Middlewares\Third_Party\LwIP\src\core\timeouts.o
                0x0800c454                sys_timeout
 .text.sys_check_timeouts
                0x0800c578       0xa4 Middlewares\Third_Party\LwIP\src\core\timeouts.o
                0x0800c578                sys_check_timeouts
 .text.udp_init
                0x0800c61c        0xc Middlewares\Third_Party\LwIP\src\core\udp.o
                0x0800c61c                udp_init
 .text.udp_input_local_match
                0x0800c628       0x74 Middlewares\Third_Party\LwIP\src\core\udp.o
 .text.udp_input
                0x0800c69c      0x1b4 Middlewares\Third_Party\LwIP\src\core\udp.o
                0x0800c69c                udp_input
 .text.udp_netif_ip_addr_changed
                0x0800c850       0x5c Middlewares\Third_Party\LwIP\src\core\udp.o
                0x0800c850                udp_netif_ip_addr_changed
 .text.ethernet_input
                0x0800c8ac      0x124 Middlewares\Third_Party\LwIP\src\netif\ethernet.o
                0x0800c8ac                ethernet_input
 .text.ethernet_output
                0x0800c9d0       0x6a Middlewares\Third_Party\LwIP\src\netif\ethernet.o
                0x0800c9d0                ethernet_output
 *fill*         0x0800ca3a        0x2 
 .text.HAL_ETH_MspInit
                0x0800ca3c      0x108 Src\ethernetif.o
                0x0800ca3c                HAL_ETH_MspInit
 .text.low_level_init
                0x0800cb44      0x160 Src\ethernetif.o
 .text.low_level_output
                0x0800cca4      0x13c Src\ethernetif.o
 .text.low_level_input
                0x0800cde0      0x164 Src\ethernetif.o
 .text.ethernetif_input
                0x0800cf44       0x40 Src\ethernetif.o
                0x0800cf44                ethernetif_input
 .text.ethernetif_init
                0x0800cf84       0x3c Src\ethernetif.o
                0x0800cf84                ethernetif_init
 .text.sys_now  0x0800cfc0        0xe Src\ethernetif.o
                0x0800cfc0                sys_now
 *fill*         0x0800cfce        0x2 
 .text.MX_LWIP_Init
                0x0800cfd0      0x118 Src\lwip.o
                0x0800cfd0                MX_LWIP_Init
 .text.MX_LWIP_Process
                0x0800d0e8       0x18 Src\lwip.o
                0x0800d0e8                MX_LWIP_Process
 .text.main     0x0800d100       0x26 Src\main.o
                0x0800d100                main
 *fill*         0x0800d126        0x2 
 .text.SystemClock_Config
                0x0800d128       0xc8 Src\main.o
                0x0800d128                SystemClock_Config
 .text.MX_CRC_Init
                0x0800d1f0       0x30 Src\main.o
 .text.MX_USART1_UART_Init
                0x0800d220       0x5c Src\main.o
 .text.MX_DMA_Init
                0x0800d27c       0x3c Src\main.o
 .text.MX_GPIO_Init
                0x0800d2b8      0x1a0 Src\main.o
 .text._Error_Handler
                0x0800d458        0xc Src\main.o
                0x0800d458                _Error_Handler
 .text.HAL_MspInit
                0x0800d464       0xbc Src\stm32f1xx_hal_msp.o
                0x0800d464                HAL_MspInit
 .text.HAL_CRC_MspInit
                0x0800d520       0x3c Src\stm32f1xx_hal_msp.o
                0x0800d520                HAL_CRC_MspInit
 .text.HAL_UART_MspInit
                0x0800d55c       0xe0 Src\stm32f1xx_hal_msp.o
                0x0800d55c                HAL_UART_MspInit
 .text.NMI_Handler
                0x0800d63c        0xc Src\stm32f1xx_it.o
                0x0800d63c                NMI_Handler
 .text.HardFault_Handler
                0x0800d648       0x20 Src\stm32f1xx_it.o
                0x0800d648                HardFault_Handler
 .text.MemManage_Handler
                0x0800d668       0x20 Src\stm32f1xx_it.o
                0x0800d668                MemManage_Handler
 .text.BusFault_Handler
                0x0800d688       0x20 Src\stm32f1xx_it.o
                0x0800d688                BusFault_Handler
 .text.UsageFault_Handler
                0x0800d6a8       0x20 Src\stm32f1xx_it.o
                0x0800d6a8                UsageFault_Handler
 .text.SVC_Handler
                0x0800d6c8        0xc Src\stm32f1xx_it.o
                0x0800d6c8                SVC_Handler
 .text.DebugMon_Handler
                0x0800d6d4        0xc Src\stm32f1xx_it.o
                0x0800d6d4                DebugMon_Handler
 .text.PendSV_Handler
                0x0800d6e0        0xc Src\stm32f1xx_it.o
                0x0800d6e0                PendSV_Handler
 .text.SysTick_Handler
                0x0800d6ec       0x10 Src\stm32f1xx_it.o
                0x0800d6ec                SysTick_Handler
 .text.DMA1_Channel4_IRQHandler
                0x0800d6fc       0x14 Src\stm32f1xx_it.o
                0x0800d6fc                DMA1_Channel4_IRQHandler
 .text.EXTI9_5_IRQHandler
                0x0800d710        0xe Src\stm32f1xx_it.o
                0x0800d710                EXTI9_5_IRQHandler
 *fill*         0x0800d71e        0x2 
 .text.USART1_IRQHandler
                0x0800d720       0x14 Src\stm32f1xx_it.o
                0x0800d720                USART1_IRQHandler
 .text.SystemInit
                0x0800d734       0x7c Src\system_stm32f1xx.o
                0x0800d734                SystemInit
 .text.Reset_Handler
                0x0800d7b0       0x48 startup\startup_stm32f107xc.o
                0x0800d7b0                Reset_Handler
 .text.Default_Handler
                0x0800d7f8        0x2 startup\startup_stm32f107xc.o
                0x0800d7f8                RTC_Alarm_IRQHandler
                0x0800d7f8                EXTI2_IRQHandler
                0x0800d7f8                TIM1_CC_IRQHandler
                0x0800d7f8                TIM6_IRQHandler
                0x0800d7f8                PVD_IRQHandler
                0x0800d7f8                CAN2_RX1_IRQHandler
                0x0800d7f8                EXTI3_IRQHandler
                0x0800d7f8                EXTI0_IRQHandler
                0x0800d7f8                I2C2_EV_IRQHandler
                0x0800d7f8                CAN1_RX0_IRQHandler
                0x0800d7f8                CAN2_SCE_IRQHandler
                0x0800d7f8                ADC1_2_IRQHandler
                0x0800d7f8                SPI1_IRQHandler
                0x0800d7f8                TAMPER_IRQHandler
                0x0800d7f8                CAN2_RX0_IRQHandler
                0x0800d7f8                DMA2_Channel2_IRQHandler
                0x0800d7f8                USART3_IRQHandler
                0x0800d7f8                RTC_IRQHandler
                0x0800d7f8                DMA1_Channel7_IRQHandler
                0x0800d7f8                CAN1_RX1_IRQHandler
                0x0800d7f8                UART5_IRQHandler
                0x0800d7f8                TIM4_IRQHandler
                0x0800d7f8                DMA2_Channel1_IRQHandler
                0x0800d7f8                I2C1_EV_IRQHandler
                0x0800d7f8                DMA1_Channel6_IRQHandler
                0x0800d7f8                UART4_IRQHandler
                0x0800d7f8                DMA2_Channel4_IRQHandler
                0x0800d7f8                TIM3_IRQHandler
                0x0800d7f8                RCC_IRQHandler
                0x0800d7f8                TIM1_TRG_COM_IRQHandler
                0x0800d7f8                DMA1_Channel1_IRQHandler
                0x0800d7f8                Default_Handler
                0x0800d7f8                EXTI15_10_IRQHandler
                0x0800d7f8                TIM7_IRQHandler
                0x0800d7f8                CAN2_TX_IRQHandler
                0x0800d7f8                TIM5_IRQHandler
                0x0800d7f8                ETH_WKUP_IRQHandler
                0x0800d7f8                SPI2_IRQHandler
                0x0800d7f8                CAN1_TX_IRQHandler
                0x0800d7f8                DMA2_Channel5_IRQHandler
                0x0800d7f8                DMA1_Channel5_IRQHandler
                0x0800d7f8                EXTI4_IRQHandler
                0x0800d7f8                DMA1_Channel3_IRQHandler
                0x0800d7f8                ETH_IRQHandler
                0x0800d7f8                TIM1_UP_IRQHandler
                0x0800d7f8                WWDG_IRQHandler
                0x0800d7f8                TIM2_IRQHandler
                0x0800d7f8                OTG_FS_WKUP_IRQHandler
                0x0800d7f8                TIM1_BRK_IRQHandler
                0x0800d7f8                EXTI1_IRQHandler
                0x0800d7f8                USART2_IRQHandler
                0x0800d7f8                I2C2_ER_IRQHandler
                0x0800d7f8                DMA1_Channel2_IRQHandler
                0x0800d7f8                CAN1_SCE_IRQHandler
                0x0800d7f8                FLASH_IRQHandler
                0x0800d7f8                OTG_FS_IRQHandler
                0x0800d7f8                SPI3_IRQHandler
                0x0800d7f8                I2C1_ER_IRQHandler
                0x0800d7f8                DMA2_Channel3_IRQHandler
 *fill*         0x0800d7fa        0x2 
 .text.__libc_init_array
                0x0800d7fc       0x48 c:/program files (x86)/atollic/truestudio for stm32 9.3.0/armtools/bin/../lib/gcc/arm-atollic-eabi/6.3.1/../../../../arm-atollic-eabi/lib/armv7-m\libc_nano.a(lib_a-init.o)
                0x0800d7fc                __libc_init_array
 .text.memcmp   0x0800d844       0x1e c:/program files (x86)/atollic/truestudio for stm32 9.3.0/armtools/bin/../lib/gcc/arm-atollic-eabi/6.3.1/../../../../arm-atollic-eabi/lib/armv7-m\libc_nano.a(lib_a-memcmp.o)
                0x0800d844                memcmp
 .text.memcpy   0x0800d862       0x16 c:/program files (x86)/atollic/truestudio for stm32 9.3.0/armtools/bin/../lib/gcc/arm-atollic-eabi/6.3.1/../../../../arm-atollic-eabi/lib/armv7-m\libc_nano.a(lib_a-memcpy-stub.o)
                0x0800d862                memcpy
 .text.memmove  0x0800d878       0x34 c:/program files (x86)/atollic/truestudio for stm32 9.3.0/armtools/bin/../lib/gcc/arm-atollic-eabi/6.3.1/../../../../arm-atollic-eabi/lib/armv7-m\libc_nano.a(lib_a-memmove.o)
                0x0800d878                memmove
 .text.memset   0x0800d8ac       0x10 c:/program files (x86)/atollic/truestudio for stm32 9.3.0/armtools/bin/../lib/gcc/arm-atollic-eabi/6.3.1/../../../../arm-atollic-eabi/lib/armv7-m\libc_nano.a(lib_a-memset.o)
                0x0800d8ac                memset
 *(.glue_7)
 .glue_7        0x0800d8bc        0x0 linker stubs
 *(.glue_7t)
 .glue_7t       0x0800d8bc        0x0 linker stubs
 *(.eh_frame)
 .eh_frame      0x0800d8bc        0x0 c:/program files (x86)/atollic/truestudio for stm32 9.3.0/armtools/bin/../lib/gcc/arm-atollic-eabi/6.3.1/armv7-m/crtbegin.o
 *(.init)
 .init          0x0800d8bc        0x4 c:/program files (x86)/atollic/truestudio for stm32 9.3.0/armtools/bin/../lib/gcc/arm-atollic-eabi/6.3.1/armv7-m/crti.o
                0x0800d8bc                _init
 .init          0x0800d8c0        0x8 c:/program files (x86)/atollic/truestudio for stm32 9.3.0/armtools/bin/../lib/gcc/arm-atollic-eabi/6.3.1/armv7-m/crtn.o
 *(.fini)
 .fini          0x0800d8c8        0x4 c:/program files (x86)/atollic/truestudio for stm32 9.3.0/armtools/bin/../lib/gcc/arm-atollic-eabi/6.3.1/armv7-m/crti.o
                0x0800d8c8                _fini
 .fini          0x0800d8cc        0x8 c:/program files (x86)/atollic/truestudio for stm32 9.3.0/armtools/bin/../lib/gcc/arm-atollic-eabi/6.3.1/armv7-m/crtn.o
                0x0800d8d4                . = ALIGN (0x4)
                0x0800d8d4                _etext = .

.vfp11_veneer   0x0800d8d4        0x0
 .vfp11_veneer  0x0800d8d4        0x0 linker stubs

.v4_bx          0x0800d8d4        0x0
 .v4_bx         0x0800d8d4        0x0 linker stubs

.iplt           0x0800d8d4        0x0
 .iplt          0x0800d8d4        0x0 c:/program files (x86)/atollic/truestudio for stm32 9.3.0/armtools/bin/../lib/gcc/arm-atollic-eabi/6.3.1/armv7-m/crtbegin.o

.rodata         0x0800d8d4      0x158
                0x0800d8d4                . = ALIGN (0x4)
 *(.rodata)
 .rodata        0x0800d8d4       0x20 Drivers\STM32F1xx_HAL_Driver\Src\stm32f1xx_hal_rcc.o
 .rodata        0x0800d8f4        0xe Src\main.o
 *fill*         0x0800d902        0x2 
 .rodata        0x0800d904       0x1b Src\stm32f1xx_hal_msp.o
 *(.rodata*)
 *fill*         0x0800d91f        0x1 
 .rodata.dev_info
                0x0800d920        0xe App\app.o
 *fill*         0x0800d92e        0x2 
 .rodata.ip_addr_any
                0x0800d930        0x4 Middlewares\Third_Party\LwIP\src\core\ipv4\ip4_addr.o
                0x0800d930                ip_addr_any
 .rodata.memp_UDP_PCB
                0x0800d934        0xc Middlewares\Third_Party\LwIP\src\core\memp.o
                0x0800d934                memp_UDP_PCB
 .rodata.memp_TCP_PCB
                0x0800d940        0xc Middlewares\Third_Party\LwIP\src\core\memp.o
                0x0800d940                memp_TCP_PCB
 .rodata.memp_TCP_PCB_LISTEN
                0x0800d94c        0xc Middlewares\Third_Party\LwIP\src\core\memp.o
                0x0800d94c                memp_TCP_PCB_LISTEN
 .rodata.memp_TCP_SEG
                0x0800d958        0xc Middlewares\Third_Party\LwIP\src\core\memp.o
                0x0800d958                memp_TCP_SEG
 .rodata.memp_REASSDATA
                0x0800d964        0xc Middlewares\Third_Party\LwIP\src\core\memp.o
                0x0800d964                memp_REASSDATA
 .rodata.memp_FRAG_PBUF
                0x0800d970        0xc Middlewares\Third_Party\LwIP\src\core\memp.o
                0x0800d970                memp_FRAG_PBUF
 .rodata.memp_SYS_TIMEOUT
                0x0800d97c        0xc Middlewares\Third_Party\LwIP\src\core\memp.o
                0x0800d97c                memp_SYS_TIMEOUT
 .rodata.memp_PBUF
                0x0800d988        0xc Middlewares\Third_Party\LwIP\src\core\memp.o
                0x0800d988                memp_PBUF
 .rodata.memp_PBUF_POOL
                0x0800d994        0xc Middlewares\Third_Party\LwIP\src\core\memp.o
                0x0800d994                memp_PBUF_POOL
 .rodata.memp_pools
                0x0800d9a0       0x24 Middlewares\Third_Party\LwIP\src\core\memp.o
                0x0800d9a0                memp_pools
 .rodata.tcp_backoff
                0x0800d9c4        0xd Middlewares\Third_Party\LwIP\src\core\tcp.o
 *fill*         0x0800d9d1        0x3 
 .rodata.tcp_persist_backoff
                0x0800d9d4        0x7 Middlewares\Third_Party\LwIP\src\core\tcp.o
 *fill*         0x0800d9db        0x1 
 .rodata.tcp_pcb_lists
                0x0800d9dc       0x10 Middlewares\Third_Party\LwIP\src\core\tcp.o
                0x0800d9dc                tcp_pcb_lists
 .rodata.lwip_cyclic_timers
                0x0800d9ec       0x18 Middlewares\Third_Party\LwIP\src\core\timeouts.o
                0x0800d9ec                lwip_cyclic_timers
 .rodata.ethbroadcast
                0x0800da04        0x6 Middlewares\Third_Party\LwIP\src\netif\ethernet.o
                0x0800da04                ethbroadcast
 *fill*         0x0800da0a        0x2 
 .rodata.ethzero
                0x0800da0c        0x6 Middlewares\Third_Party\LwIP\src\netif\ethernet.o
                0x0800da0c                ethzero
 *fill*         0x0800da12        0x2 
 .rodata.AHBPrescTable
                0x0800da14       0x10 Src\system_stm32f1xx.o
                0x0800da14                AHBPrescTable
 .rodata.APBPrescTable
                0x0800da24        0x8 Src\system_stm32f1xx.o
                0x0800da24                APBPrescTable
                0x0800da2c                . = ALIGN (0x4)

.ARM.extab
 *(.ARM.extab* .gnu.linkonce.armextab.*)

.ARM            0x0800da2c        0x8
                0x0800da2c                __exidx_start = .
 *(.ARM.exidx*)
 .ARM.exidx     0x0800da2c        0x8 c:/program files (x86)/atollic/truestudio for stm32 9.3.0/armtools/bin/../lib/gcc/arm-atollic-eabi/6.3.1/armv7-m\libgcc.a(_udivmoddi4.o)
                0x0800da34                __exidx_end = .

.rel.dyn        0x0800da34        0x0
 .rel.iplt      0x0800da34        0x0 c:/program files (x86)/atollic/truestudio for stm32 9.3.0/armtools/bin/../lib/gcc/arm-atollic-eabi/6.3.1/armv7-m/crtbegin.o

.preinit_array  0x0800da34        0x0
                0x0800da34                PROVIDE (__preinit_array_start, .)
 *(.preinit_array*)
                0x0800da34                PROVIDE (__preinit_array_end, .)

.init_array     0x0800da34        0x4
                0x0800da34                PROVIDE (__init_array_start, .)
 *(SORT(.init_array.*))
 *(.init_array*)
 .init_array    0x0800da34        0x4 c:/program files (x86)/atollic/truestudio for stm32 9.3.0/armtools/bin/../lib/gcc/arm-atollic-eabi/6.3.1/armv7-m/crtbegin.o
                0x0800da38                PROVIDE (__init_array_end, .)

.fini_array     0x0800da38        0x4
                [!provide]                PROVIDE (__fini_array_start, .)
 *(SORT(.fini_array.*))
 *(.fini_array*)
 .fini_array    0x0800da38        0x4 c:/program files (x86)/atollic/truestudio for stm32 9.3.0/armtools/bin/../lib/gcc/arm-atollic-eabi/6.3.1/armv7-m/crtbegin.o
                [!provide]                PROVIDE (__fini_array_end, .)
                0x0800da3c                _sidata = LOADADDR (.data)

.data           0x20000000       0x40 load address 0x0800da3c
                0x20000000                . = ALIGN (0x4)
                0x20000000                _sdata = .
 *(.data)
 *(.data*)
 .data.prev_reset_btn
                0x20000000        0x1 App\app.o
                0x20000000                prev_reset_btn
 *fill*         0x20000001        0x1 
 .data.dio_filter_set
                0x20000002        0x2 App\dio.o
 .data.dio_outs_pins
                0x20000004       0x28 App\dio.o
 .data.def_prio
                0x2000002c        0x1 App\interfaces\tcp_server.o
 .data.eth_link
                0x2000002d        0x1 App\interfaces\tcp_server.o
 *fill*         0x2000002e        0x2 
 .data.uwTickPrio
                0x20000030        0x4 Drivers\STM32F1xx_HAL_Driver\Src\stm32f1xx_hal.o
                0x20000030                uwTickPrio
 .data.uwTickFreq
                0x20000034        0x1 Drivers\STM32F1xx_HAL_Driver\Src\stm32f1xx_hal.o
                0x20000034                uwTickFreq
 *fill*         0x20000035        0x1 
 .data.tcp_port
                0x20000036        0x2 Middlewares\Third_Party\LwIP\src\core\tcp.o
 .data.iss.8417
                0x20000038        0x4 Middlewares\Third_Party\LwIP\src\core\tcp.o
 .data.SystemCoreClock
                0x2000003c        0x4 Src\system_stm32f1xx.o
                0x2000003c                SystemCoreClock
                0x20000040                . = ALIGN (0x4)
                0x20000040                _edata = .

.igot.plt       0x20000040        0x0 load address 0x0800da7c
 .igot.plt      0x20000040        0x0 c:/program files (x86)/atollic/truestudio for stm32 9.3.0/armtools/bin/../lib/gcc/arm-atollic-eabi/6.3.1/armv7-m/crtbegin.o
                0x20000040                . = ALIGN (0x4)

.bss            0x20000040     0x86f4 load address 0x0800da7c
                0x20000040                _sbss = .
                0x20000040                __bss_start__ = _sbss
 *(.bss)
 .bss           0x20000040       0x1c c:/program files (x86)/atollic/truestudio for stm32 9.3.0/armtools/bin/../lib/gcc/arm-atollic-eabi/6.3.1/armv7-m/crtbegin.o
 *(.bss*)
 .bss.led_blink_time
                0x2000005c        0x4 App\app.o
                0x2000005c                led_blink_time
 .bss.blink_cnt
                0x20000060        0x1 App\app.o
                0x20000060                blink_cnt
 .bss.blink_found
                0x20000061        0x1 App\app.o
                0x20000061                blink_found
 *fill*         0x20000062        0x2 
 .bss.cam_switch_time
                0x20000064        0x4 App\app.o
                0x20000064                cam_switch_time
 .bss.pc_link_pack_rx
                0x20000068      0x600 App\app.o
 .bss.pc_link_pack_tx
                0x20000668       0x16 App\app.o
 .bss.pc_link_point_rx
                0x2000067e        0x2 App\app.o
 .bss.pc_link_rx_pack_time
                0x20000680        0x4 App\app.o
 .bss.pc_link_tx_pack_time
                0x20000684        0x4 App\app.o
 .bss.channel   0x20000688        0x1 App\app.o
 .bss.dio_din   0x20000689        0x1 App\dio.o
 .bss.dio_key   0x2000068a        0x1 App\dio.o
 .bss.dio_key_tmp
                0x2000068b        0x1 App\dio.o
 .bss.dio_filter_st
                0x2000068c        0x2 App\dio.o
 *fill*         0x2000068e        0x2 
 .bss.dio_time  0x20000690        0x4 App\dio.o
 .bss.tcppcb    0x20000694        0x4 App\interfaces\tcp_server.o
 .bss.data_handle_function
                0x20000698        0x4 App\interfaces\tcp_server.o
 .bss.socket_list
                0x2000069c        0x4 App\interfaces\tcp_server.o
 .bss.tcp_socket
                0x200006a0        0x4 App\interfaces\tcp_server.o
                0x200006a0                tcp_socket
 .bss.txBuf     0x200006a4       0x32 App\raspi_link.o
 *fill*         0x200006d6        0x2 
 .bss.uart      0x200006d8        0x4 App\raspi_link.o
 .bss.tx_time   0x200006dc        0x4 App\raspi_link.o
                0x200006dc                tx_time
 .bss.raspi_id_tx
                0x200006e0        0x1 App\raspi_link.o
                0x200006e0                raspi_id_tx
 *fill*         0x200006e1        0x3 
 .bss.cam_st_out
                0x200006e4        0x4 App\raspi_link.o
                0x200006e4                cam_st_out
 .bss.cam_set_out
                0x200006e8        0x4 App\raspi_link.o
                0x200006e8                cam_set_out
 .bss.arp_table
                0x200006ec       0xf0 Middlewares\Third_Party\LwIP\src\core\ipv4\etharp.o
 .bss.etharp_cached_entry
                0x200007dc        0x1 Middlewares\Third_Party\LwIP\src\core\ipv4\etharp.o
 *fill*         0x200007dd        0x1 
 .bss.ip_id     0x200007de        0x2 Middlewares\Third_Party\LwIP\src\core\ipv4\ip4.o
 .bss.reassdatagrams
                0x200007e0        0x4 Middlewares\Third_Party\LwIP\src\core\ipv4\ip4_frag.o
 .bss.ip_reass_pbufcount
                0x200007e4        0x2 Middlewares\Third_Party\LwIP\src\core\ipv4\ip4_frag.o
 *fill*         0x200007e6        0x2 
 .bss.ram       0x200007e8        0x4 Middlewares\Third_Party\LwIP\src\core\mem.o
 .bss.ram_end   0x200007ec        0x4 Middlewares\Third_Party\LwIP\src\core\mem.o
 .bss.lfree     0x200007f0        0x4 Middlewares\Third_Party\LwIP\src\core\mem.o
 .bss.memp_tab_UDP_PCB
                0x200007f4        0x4 Middlewares\Third_Party\LwIP\src\core\memp.o
 .bss.memp_tab_TCP_PCB
                0x200007f8        0x4 Middlewares\Third_Party\LwIP\src\core\memp.o
 .bss.memp_tab_TCP_PCB_LISTEN
                0x200007fc        0x4 Middlewares\Third_Party\LwIP\src\core\memp.o
 .bss.memp_tab_TCP_SEG
                0x20000800        0x4 Middlewares\Third_Party\LwIP\src\core\memp.o
 .bss.memp_tab_REASSDATA
                0x20000804        0x4 Middlewares\Third_Party\LwIP\src\core\memp.o
 .bss.memp_tab_FRAG_PBUF
                0x20000808        0x4 Middlewares\Third_Party\LwIP\src\core\memp.o
 .bss.memp_tab_SYS_TIMEOUT
                0x2000080c        0x4 Middlewares\Third_Party\LwIP\src\core\memp.o
 .bss.memp_tab_PBUF
                0x20000810        0x4 Middlewares\Third_Party\LwIP\src\core\memp.o
 .bss.memp_tab_PBUF_POOL
                0x20000814        0x4 Middlewares\Third_Party\LwIP\src\core\memp.o
 .bss.netif_num
                0x20000818        0x1 Middlewares\Third_Party\LwIP\src\core\netif.o
 .bss.tcp_timer
                0x20000819        0x1 Middlewares\Third_Party\LwIP\src\core\tcp.o
 .bss.tcp_timer_ctr
                0x2000081a        0x1 Middlewares\Third_Party\LwIP\src\core\tcp.o
 *fill*         0x2000081b        0x1 
 .bss.inseg     0x2000081c       0x10 Middlewares\Third_Party\LwIP\src\core\tcp_in.o
 .bss.tcphdr    0x2000082c        0x4 Middlewares\Third_Party\LwIP\src\core\tcp_in.o
 .bss.tcphdr_optlen
                0x20000830        0x2 Middlewares\Third_Party\LwIP\src\core\tcp_in.o
 .bss.tcphdr_opt1len
                0x20000832        0x2 Middlewares\Third_Party\LwIP\src\core\tcp_in.o
 .bss.tcphdr_opt2
                0x20000834        0x4 Middlewares\Third_Party\LwIP\src\core\tcp_in.o
 .bss.tcp_optidx
                0x20000838        0x2 Middlewares\Third_Party\LwIP\src\core\tcp_in.o
 *fill*         0x2000083a        0x2 
 .bss.seqno     0x2000083c        0x4 Middlewares\Third_Party\LwIP\src\core\tcp_in.o
 .bss.ackno     0x20000840        0x4 Middlewares\Third_Party\LwIP\src\core\tcp_in.o
 .bss.recv_acked
                0x20000844        0x2 Middlewares\Third_Party\LwIP\src\core\tcp_in.o
 .bss.tcplen    0x20000846        0x2 Middlewares\Third_Party\LwIP\src\core\tcp_in.o
 .bss.flags     0x20000848        0x1 Middlewares\Third_Party\LwIP\src\core\tcp_in.o
 .bss.recv_flags
                0x20000849        0x1 Middlewares\Third_Party\LwIP\src\core\tcp_in.o
 *fill*         0x2000084a        0x2 
 .bss.recv_data
                0x2000084c        0x4 Middlewares\Third_Party\LwIP\src\core\tcp_in.o
 .bss.next_timeout
                0x20000850        0x4 Middlewares\Third_Party\LwIP\src\core\timeouts.o
 .bss.timeouts_last_time
                0x20000854        0x4 Middlewares\Third_Party\LwIP\src\core\timeouts.o
 .bss.tcpip_tcp_timer_active
                0x20000858        0x4 Middlewares\Third_Party\LwIP\src\core\timeouts.o
 *(COMMON)
 COMMON         0x2000085c       0x30 App\app.o
                0x2000085c                rp_heartbits
 COMMON         0x2000088c        0x4 Drivers\STM32F1xx_HAL_Driver\Src\stm32f1xx_hal.o
                0x2000088c                uwTick
 COMMON         0x20000890       0x18 Middlewares\Third_Party\LwIP\src\core\ip.o
                0x20000890                ip_data
 COMMON         0x200008a8      0x653 Middlewares\Third_Party\LwIP\src\core\mem.o
                0x200008a8                ram_heap
 *fill*         0x20000efb        0x1 
 COMMON         0x20000efc     0x2eb3 Middlewares\Third_Party\LwIP\src\core\memp.o
                0x20000efc                memp_memory_TCP_SEG_base
                0x20001000                memp_memory_PBUF_POOL_base
                0x20003604                memp_memory_FRAG_PBUF_base
                0x20003770                memp_memory_PBUF_base
                0x20003874                memp_memory_TCP_PCB_LISTEN_base
                0x20003958                memp_memory_REASSDATA_base
                0x200039fc                memp_memory_UDP_PCB_base
                0x20003a80                memp_memory_TCP_PCB_base
                0x20003d7c                memp_memory_SYS_TIMEOUT_base
 *fill*         0x20003daf        0x1 
 COMMON         0x20003db0        0x8 Middlewares\Third_Party\LwIP\src\core\netif.o
                0x20003db0                netif_list
                0x20003db4                netif_default
 COMMON         0x20003db8        0x1 Middlewares\Third_Party\LwIP\src\core\pbuf.o
                0x20003db8                pbuf_free_ooseq_pending
 *fill*         0x20003db9        0x3 
 COMMON         0x20003dbc       0x18 Middlewares\Third_Party\LwIP\src\core\tcp.o
                0x20003dbc                tcp_active_pcbs_changed
                0x20003dc0                tcp_active_pcbs
                0x20003dc4                tcp_ticks
                0x20003dc8                tcp_listen_pcbs
                0x20003dcc                tcp_bound_pcbs
                0x20003dd0                tcp_tw_pcbs
 COMMON         0x20003dd4        0x4 Middlewares\Third_Party\LwIP\src\core\tcp_in.o
                0x20003dd4                tcp_input_pcb
 COMMON         0x20003dd8        0x4 Middlewares\Third_Party\LwIP\src\core\udp.o
                0x20003dd8                udp_pcbs
 COMMON         0x20003ddc     0x4878 Src\ethernetif.o
                0x20003ddc                DMATxDscrTab
                0x20003e1c                Rx_Buff
                0x20006dbc                DMARxDscrTab
                0x20006e3c                heth
                0x20006e84                Tx_Buff
 COMMON         0x20008654       0x48 Src\lwip.o
                0x20008654                GATEWAY_ADDRESS
                0x20008658                gnetif
                0x20008688                ipaddr
                0x2000868c                NETMASK_ADDRESS
                0x20008690                IP_ADDRESS
                0x20008694                netmask
                0x20008698                gw
 COMMON         0x2000869c       0x98 Src\main.o
                0x2000869c                hiwdg
                0x200086a8                hcrc
                0x200086b0                hdma_usart1_tx
                0x200086f4                huart1
                0x20008734                . = ALIGN (0x4)
                0x20008734                _ebss = .
                0x20008734                __bss_end__ = _ebss

._user_heap_stack
                0x20008734      0x600 load address 0x0800da7c
                0x20008734                . = ALIGN (0x4)
                [!provide]                PROVIDE (end, .)
                [!provide]                PROVIDE (_end, .)
                0x20008934                . = (. + _Min_Heap_Size)
 *fill*         0x20008734      0x200 
                0x20008d34                . = (. + _Min_Stack_Size)
 *fill*         0x20008934      0x400 
                0x20008d34                . = ALIGN (0x4)

/DISCARD/
 libc.a(*)
 libm.a(*)
 libgcc.a(*)

.ARM.attributes
                0x00000000       0x29
 *(.ARM.attributes)
 .ARM.attributes
                0x00000000       0x1d c:/program files (x86)/atollic/truestudio for stm32 9.3.0/armtools/bin/../lib/gcc/arm-atollic-eabi/6.3.1/armv7-m/crti.o
 .ARM.attributes
                0x0000001d       0x2d c:/program files (x86)/atollic/truestudio for stm32 9.3.0/armtools/bin/../lib/gcc/arm-atollic-eabi/6.3.1/armv7-m/crtbegin.o
 .ARM.attributes
                0x0000004a       0x33 App\app.o
 .ARM.attributes
                0x0000007d       0x33 App\crc.o
 .ARM.attributes
                0x000000b0       0x33 App\dio.o
 .ARM.attributes
                0x000000e3       0x33 App\interfaces\tcp_server.o
 .ARM.attributes
                0x00000116       0x33 App\raspi_link.o
 .ARM.attributes
                0x00000149       0x33 App\timers.o
 .ARM.attributes
                0x0000017c       0x33 Drivers\STM32F1xx_HAL_Driver\Src\stm32f1xx_hal.o
 .ARM.attributes
                0x000001af       0x33 Drivers\STM32F1xx_HAL_Driver\Src\stm32f1xx_hal_cortex.o
 .ARM.attributes
                0x000001e2       0x33 Drivers\STM32F1xx_HAL_Driver\Src\stm32f1xx_hal_crc.o
 .ARM.attributes
                0x00000215       0x33 Drivers\STM32F1xx_HAL_Driver\Src\stm32f1xx_hal_dma.o
 .ARM.attributes
                0x00000248       0x33 Drivers\STM32F1xx_HAL_Driver\Src\stm32f1xx_hal_eth.o
 .ARM.attributes
                0x0000027b       0x33 Drivers\STM32F1xx_HAL_Driver\Src\stm32f1xx_hal_gpio.o
 .ARM.attributes
                0x000002ae       0x33 Drivers\STM32F1xx_HAL_Driver\Src\stm32f1xx_hal_rcc.o
 .ARM.attributes
                0x000002e1       0x33 Drivers\STM32F1xx_HAL_Driver\Src\stm32f1xx_hal_uart.o
 .ARM.attributes
                0x00000314       0x33 Middlewares\Third_Party\LwIP\src\core\def.o
 .ARM.attributes
                0x00000347       0x33 Middlewares\Third_Party\LwIP\src\core\init.o
 .ARM.attributes
                0x0000037a       0x33 Middlewares\Third_Party\LwIP\src\core\ip.o
 .ARM.attributes
                0x000003ad       0x33 Middlewares\Third_Party\LwIP\src\core\ipv4\etharp.o
 .ARM.attributes
                0x000003e0       0x33 Middlewares\Third_Party\LwIP\src\core\ipv4\icmp.o
 .ARM.attributes
                0x00000413       0x33 Middlewares\Third_Party\LwIP\src\core\ipv4\ip4.o
 .ARM.attributes
                0x00000446       0x33 Middlewares\Third_Party\LwIP\src\core\ipv4\ip4_addr.o
 .ARM.attributes
                0x00000479       0x33 Middlewares\Third_Party\LwIP\src\core\ipv4\ip4_frag.o
 .ARM.attributes
                0x000004ac       0x33 Middlewares\Third_Party\LwIP\src\core\mem.o
 .ARM.attributes
                0x000004df       0x33 Middlewares\Third_Party\LwIP\src\core\memp.o
 .ARM.attributes
                0x00000512       0x33 Middlewares\Third_Party\LwIP\src\core\netif.o
 .ARM.attributes
                0x00000545       0x33 Middlewares\Third_Party\LwIP\src\core\pbuf.o
 .ARM.attributes
                0x00000578       0x33 Middlewares\Third_Party\LwIP\src\core\tcp.o
 .ARM.attributes
                0x000005ab       0x33 Middlewares\Third_Party\LwIP\src\core\tcp_in.o
 .ARM.attributes
                0x000005de       0x33 Middlewares\Third_Party\LwIP\src\core\tcp_out.o
 .ARM.attributes
                0x00000611       0x33 Middlewares\Third_Party\LwIP\src\core\timeouts.o
 .ARM.attributes
                0x00000644       0x33 Middlewares\Third_Party\LwIP\src\core\udp.o
 .ARM.attributes
                0x00000677       0x33 Middlewares\Third_Party\LwIP\src\netif\ethernet.o
 .ARM.attributes
                0x000006aa       0x33 Src\ethernetif.o
 .ARM.attributes
                0x000006dd       0x33 Src\lwip.o
 .ARM.attributes
                0x00000710       0x33 Src\main.o
 .ARM.attributes
                0x00000743       0x33 Src\stm32f1xx_hal_msp.o
 .ARM.attributes
                0x00000776       0x33 Src\stm32f1xx_it.o
 .ARM.attributes
                0x000007a9       0x33 Src\system_stm32f1xx.o
 .ARM.attributes
                0x000007dc       0x21 startup\startup_stm32f107xc.o
 .ARM.attributes
                0x000007fd       0x2d c:/program files (x86)/atollic/truestudio for stm32 9.3.0/armtools/bin/../lib/gcc/arm-atollic-eabi/6.3.1/../../../../arm-atollic-eabi/lib/armv7-m\libc_nano.a(lib_a-init.o)
 .ARM.attributes
                0x0000082a       0x2d c:/program files (x86)/atollic/truestudio for stm32 9.3.0/armtools/bin/../lib/gcc/arm-atollic-eabi/6.3.1/../../../../arm-atollic-eabi/lib/armv7-m\libc_nano.a(lib_a-memcmp.o)
 .ARM.attributes
                0x00000857       0x2d c:/program files (x86)/atollic/truestudio for stm32 9.3.0/armtools/bin/../lib/gcc/arm-atollic-eabi/6.3.1/../../../../arm-atollic-eabi/lib/armv7-m\libc_nano.a(lib_a-memcpy-stub.o)
 .ARM.attributes
                0x00000884       0x2d c:/program files (x86)/atollic/truestudio for stm32 9.3.0/armtools/bin/../lib/gcc/arm-atollic-eabi/6.3.1/../../../../arm-atollic-eabi/lib/armv7-m\libc_nano.a(lib_a-memmove.o)
 .ARM.attributes
                0x000008b1       0x2d c:/program files (x86)/atollic/truestudio for stm32 9.3.0/armtools/bin/../lib/gcc/arm-atollic-eabi/6.3.1/../../../../arm-atollic-eabi/lib/armv7-m\libc_nano.a(lib_a-memset.o)
 .ARM.attributes
                0x000008de       0x1d c:/program files (x86)/atollic/truestudio for stm32 9.3.0/armtools/bin/../lib/gcc/arm-atollic-eabi/6.3.1/armv7-m\libgcc.a(_aeabi_uldivmod.o)
 .ARM.attributes
                0x000008fb       0x2d c:/program files (x86)/atollic/truestudio for stm32 9.3.0/armtools/bin/../lib/gcc/arm-atollic-eabi/6.3.1/armv7-m\libgcc.a(_udivmoddi4.o)
 .ARM.attributes
                0x00000928       0x1d c:/program files (x86)/atollic/truestudio for stm32 9.3.0/armtools/bin/../lib/gcc/arm-atollic-eabi/6.3.1/armv7-m\libgcc.a(_dvmd_tls.o)
 .ARM.attributes
                0x00000945       0x1d c:/program files (x86)/atollic/truestudio for stm32 9.3.0/armtools/bin/../lib/gcc/arm-atollic-eabi/6.3.1/armv7-m/crtn.o
OUTPUT(video_hub.elf elf32-littlearm)

.debug_info     0x00000000    0x32a0c
 .debug_info    0x00000000     0x28e6 App\app.o
 .debug_info    0x000028e6      0xcab App\crc.o
 .debug_info    0x00003591     0x19dd App\dio.o
 .debug_info    0x00004f6e     0x247d App\interfaces\tcp_server.o
 .debug_info    0x000073eb     0x1a5a App\raspi_link.o
 .debug_info    0x00008e45      0x9bd App\timers.o
 .debug_info    0x00009802      0xf72 Drivers\STM32F1xx_HAL_Driver\Src\stm32f1xx_hal.o
 .debug_info    0x0000a774     0x136f Drivers\STM32F1xx_HAL_Driver\Src\stm32f1xx_hal_cortex.o
 .debug_info    0x0000bae3      0xbe4 Drivers\STM32F1xx_HAL_Driver\Src\stm32f1xx_hal_crc.o
 .debug_info    0x0000c6c7      0xf6c Drivers\STM32F1xx_HAL_Driver\Src\stm32f1xx_hal_dma.o
 .debug_info    0x0000d633     0x1a5b Drivers\STM32F1xx_HAL_Driver\Src\stm32f1xx_hal_eth.o
 .debug_info    0x0000f08e      0xe80 Drivers\STM32F1xx_HAL_Driver\Src\stm32f1xx_hal_gpio.o
 .debug_info    0x0000ff0e     0x1083 Drivers\STM32F1xx_HAL_Driver\Src\stm32f1xx_hal_rcc.o
 .debug_info    0x00010f91     0x1997 Drivers\STM32F1xx_HAL_Driver\Src\stm32f1xx_hal_uart.o
 .debug_info    0x00012928      0xbae Middlewares\Third_Party\LwIP\src\core\def.o
 .debug_info    0x000134d6     0x14e1 Middlewares\Third_Party\LwIP\src\core\init.o
 .debug_info    0x000149b7      0xdda Middlewares\Third_Party\LwIP\src\core\ip.o
 .debug_info    0x00015791     0x15c8 Middlewares\Third_Party\LwIP\src\core\ipv4\etharp.o
 .debug_info    0x00016d59     0x10d2 Middlewares\Third_Party\LwIP\src\core\ipv4\icmp.o
 .debug_info    0x00017e2b     0x180b Middlewares\Third_Party\LwIP\src\core\ipv4\ip4.o
 .debug_info    0x00019636      0xf52 Middlewares\Third_Party\LwIP\src\core\ipv4\ip4_addr.o
 .debug_info    0x0001a588     0x14cc Middlewares\Third_Party\LwIP\src\core\ipv4\ip4_frag.o
 .debug_info    0x0001ba54      0xd82 Middlewares\Third_Party\LwIP\src\core\mem.o
 .debug_info    0x0001c7d6     0x1948 Middlewares\Third_Party\LwIP\src\core\memp.o
 .debug_info    0x0001e11e     0x18f3 Middlewares\Third_Party\LwIP\src\core\netif.o
 .debug_info    0x0001fa11     0x1f03 Middlewares\Third_Party\LwIP\src\core\pbuf.o
 .debug_info    0x00021914     0x226b Middlewares\Third_Party\LwIP\src\core\tcp.o
 .debug_info    0x00023b7f     0x1929 Middlewares\Third_Party\LwIP\src\core\tcp_in.o
 .debug_info    0x000254a8     0x1d78 Middlewares\Third_Party\LwIP\src\core\tcp_out.o
 .debug_info    0x00027220     0x16f1 Middlewares\Third_Party\LwIP\src\core\timeouts.o
 .debug_info    0x00028911     0x153b Middlewares\Third_Party\LwIP\src\core\udp.o
 .debug_info    0x00029e4c     0x1068 Middlewares\Third_Party\LwIP\src\netif\ethernet.o
 .debug_info    0x0002aeb4     0x1993 Src\ethernetif.o
 .debug_info    0x0002c847     0x1424 Src\lwip.o
 .debug_info    0x0002dc6b     0x1f44 Src\main.o
 .debug_info    0x0002fbaf     0x1304 Src\stm32f1xx_hal_msp.o
 .debug_info    0x00030eb3      0xeae Src\stm32f1xx_it.o
 .debug_info    0x00031d61      0xc41 Src\system_stm32f1xx.o
 .debug_info    0x000329a2       0x6a startup\startup_stm32f107xc.o

.debug_abbrev   0x00000000     0x61a3
 .debug_abbrev  0x00000000      0x3a5 App\app.o
 .debug_abbrev  0x000003a5      0x274 App\crc.o
 .debug_abbrev  0x00000619      0x287 App\dio.o
 .debug_abbrev  0x000008a0      0x384 App\interfaces\tcp_server.o
 .debug_abbrev  0x00000c24      0x26d App\raspi_link.o
 .debug_abbrev  0x00000e91      0x1df App\timers.o
 .debug_abbrev  0x00001070      0x2ab Drivers\STM32F1xx_HAL_Driver\Src\stm32f1xx_hal.o
 .debug_abbrev  0x0000131b      0x368 Drivers\STM32F1xx_HAL_Driver\Src\stm32f1xx_hal_cortex.o
 .debug_abbrev  0x00001683      0x249 Drivers\STM32F1xx_HAL_Driver\Src\stm32f1xx_hal_crc.o
 .debug_abbrev  0x000018cc      0x26a Drivers\STM32F1xx_HAL_Driver\Src\stm32f1xx_hal_dma.o
 .debug_abbrev  0x00001b36      0x301 Drivers\STM32F1xx_HAL_Driver\Src\stm32f1xx_hal_eth.o
 .debug_abbrev  0x00001e37      0x24c Drivers\STM32F1xx_HAL_Driver\Src\stm32f1xx_hal_gpio.o
 .debug_abbrev  0x00002083      0x2ca Drivers\STM32F1xx_HAL_Driver\Src\stm32f1xx_hal_rcc.o
 .debug_abbrev  0x0000234d      0x2ae Drivers\STM32F1xx_HAL_Driver\Src\stm32f1xx_hal_uart.o
 .debug_abbrev  0x000025fb      0x211 Middlewares\Third_Party\LwIP\src\core\def.o
 .debug_abbrev  0x0000280c      0x1b3 Middlewares\Third_Party\LwIP\src\core\init.o
 .debug_abbrev  0x000029bf      0x181 Middlewares\Third_Party\LwIP\src\core\ip.o
 .debug_abbrev  0x00002b40      0x2d2 Middlewares\Third_Party\LwIP\src\core\ipv4\etharp.o
 .debug_abbrev  0x00002e12      0x266 Middlewares\Third_Party\LwIP\src\core\ipv4\icmp.o
 .debug_abbrev  0x00003078      0x238 Middlewares\Third_Party\LwIP\src\core\ipv4\ip4.o
 .debug_abbrev  0x000032b0      0x26d Middlewares\Third_Party\LwIP\src\core\ipv4\ip4_addr.o
 .debug_abbrev  0x0000351d      0x2b8 Middlewares\Third_Party\LwIP\src\core\ipv4\ip4_frag.o
 .debug_abbrev  0x000037d5      0x271 Middlewares\Third_Party\LwIP\src\core\mem.o
 .debug_abbrev  0x00003a46      0x2ba Middlewares\Third_Party\LwIP\src\core\memp.o
 .debug_abbrev  0x00003d00      0x2c9 Middlewares\Third_Party\LwIP\src\core\netif.o
 .debug_abbrev  0x00003fc9      0x302 Middlewares\Third_Party\LwIP\src\core\pbuf.o
 .debug_abbrev  0x000042cb      0x386 Middlewares\Third_Party\LwIP\src\core\tcp.o
 .debug_abbrev  0x00004651      0x2d1 Middlewares\Third_Party\LwIP\src\core\tcp_in.o
 .debug_abbrev  0x00004922      0x314 Middlewares\Third_Party\LwIP\src\core\tcp_out.o
 .debug_abbrev  0x00004c36      0x2e6 Middlewares\Third_Party\LwIP\src\core\timeouts.o
 .debug_abbrev  0x00004f1c      0x2d6 Middlewares\Third_Party\LwIP\src\core\udp.o
 .debug_abbrev  0x000051f2      0x252 Middlewares\Third_Party\LwIP\src\netif\ethernet.o
 .debug_abbrev  0x00005444      0x310 Src\ethernetif.o
 .debug_abbrev  0x00005754      0x1f8 Src\lwip.o
 .debug_abbrev  0x0000594c      0x2ba Src\main.o
 .debug_abbrev  0x00005c06      0x20c Src\stm32f1xx_hal_msp.o
 .debug_abbrev  0x00005e12      0x1b5 Src\stm32f1xx_it.o
 .debug_abbrev  0x00005fc7      0x1ca Src\system_stm32f1xx.o
 .debug_abbrev  0x00006191       0x12 startup\startup_stm32f107xc.o

.debug_aranges  0x00000000     0x1260
 .debug_aranges
                0x00000000       0x78 App\app.o
 .debug_aranges
                0x00000078       0x48 App\crc.o
 .debug_aranges
                0x000000c0       0x60 App\dio.o
 .debug_aranges
                0x00000120       0x90 App\interfaces\tcp_server.o
 .debug_aranges
                0x000001b0       0x40 App\raspi_link.o
 .debug_aranges
                0x000001f0       0x30 App\timers.o
 .debug_aranges
                0x00000220       0xd0 Drivers\STM32F1xx_HAL_Driver\Src\stm32f1xx_hal.o
 .debug_aranges
                0x000002f0      0x100 Drivers\STM32F1xx_HAL_Driver\Src\stm32f1xx_hal_cortex.o
 .debug_aranges
                0x000003f0       0x50 Drivers\STM32F1xx_HAL_Driver\Src\stm32f1xx_hal_crc.o
 .debug_aranges
                0x00000440       0x80 Drivers\STM32F1xx_HAL_Driver\Src\stm32f1xx_hal_dma.o
 .debug_aranges
                0x000004c0      0x118 Drivers\STM32F1xx_HAL_Driver\Src\stm32f1xx_hal_eth.o
 .debug_aranges
                0x000005d8       0x58 Drivers\STM32F1xx_HAL_Driver\Src\stm32f1xx_hal_gpio.o
 .debug_aranges
                0x00000630       0x90 Drivers\STM32F1xx_HAL_Driver\Src\stm32f1xx_hal_rcc.o
 .debug_aranges
                0x000006c0      0x1d0 Drivers\STM32F1xx_HAL_Driver\Src\stm32f1xx_hal_uart.o
 .debug_aranges
                0x00000890       0x48 Middlewares\Third_Party\LwIP\src\core\def.o
 .debug_aranges
                0x000008d8       0x20 Middlewares\Third_Party\LwIP\src\core\init.o
 .debug_aranges
                0x000008f8       0x18 Middlewares\Third_Party\LwIP\src\core\ip.o
 .debug_aranges
                0x00000910       0x88 Middlewares\Third_Party\LwIP\src\core\ipv4\etharp.o
 .debug_aranges
                0x00000998       0x38 Middlewares\Third_Party\LwIP\src\core\ipv4\icmp.o
 .debug_aranges
                0x000009d0       0x40 Middlewares\Third_Party\LwIP\src\core\ipv4\ip4.o
 .debug_aranges
                0x00000a10       0x48 Middlewares\Third_Party\LwIP\src\core\ipv4\ip4_addr.o
 .debug_aranges
                0x00000a58       0x70 Middlewares\Third_Party\LwIP\src\core\ipv4\ip4_frag.o
 .debug_aranges
                0x00000ac8       0x48 Middlewares\Third_Party\LwIP\src\core\mem.o
 .debug_aranges
                0x00000b10       0x58 Middlewares\Third_Party\LwIP\src\core\memp.o
 .debug_aranges
                0x00000b68       0x90 Middlewares\Third_Party\LwIP\src\core\netif.o
 .debug_aranges
                0x00000bf8       0xf0 Middlewares\Third_Party\LwIP\src\core\pbuf.o
 .debug_aranges
                0x00000ce8      0x178 Middlewares\Third_Party\LwIP\src\core\tcp.o
 .debug_aranges
                0x00000e60       0x60 Middlewares\Third_Party\LwIP\src\core\tcp_in.o
 .debug_aranges
                0x00000ec0       0x98 Middlewares\Third_Party\LwIP\src\core\tcp_out.o
 .debug_aranges
                0x00000f58       0x60 Middlewares\Third_Party\LwIP\src\core\timeouts.o
 .debug_aranges
                0x00000fb8       0x98 Middlewares\Third_Party\LwIP\src\core\udp.o
 .debug_aranges
                0x00001050       0x28 Middlewares\Third_Party\LwIP\src\netif\ethernet.o
 .debug_aranges
                0x00001078       0x60 Src\ethernetif.o
 .debug_aranges
                0x000010d8       0x28 Src\lwip.o
 .debug_aranges
                0x00001100       0x58 Src\main.o
 .debug_aranges
                0x00001158       0x40 Src\stm32f1xx_hal_msp.o
 .debug_aranges
                0x00001198       0x78 Src\stm32f1xx_it.o
 .debug_aranges
                0x00001210       0x28 Src\system_stm32f1xx.o
 .debug_aranges
                0x00001238       0x28 startup\startup_stm32f107xc.o

.debug_ranges   0x00000000     0x10b0
 .debug_ranges  0x00000000       0x68 App\app.o
 .debug_ranges  0x00000068       0x38 App\crc.o
 .debug_ranges  0x000000a0       0x50 App\dio.o
 .debug_ranges  0x000000f0       0x80 App\interfaces\tcp_server.o
 .debug_ranges  0x00000170       0x30 App\raspi_link.o
 .debug_ranges  0x000001a0       0x20 App\timers.o
 .debug_ranges  0x000001c0       0xc0 Drivers\STM32F1xx_HAL_Driver\Src\stm32f1xx_hal.o
 .debug_ranges  0x00000280       0xf0 Drivers\STM32F1xx_HAL_Driver\Src\stm32f1xx_hal_cortex.o
 .debug_ranges  0x00000370       0x40 Drivers\STM32F1xx_HAL_Driver\Src\stm32f1xx_hal_crc.o
 .debug_ranges  0x000003b0       0x70 Drivers\STM32F1xx_HAL_Driver\Src\stm32f1xx_hal_dma.o
 .debug_ranges  0x00000420      0x108 Drivers\STM32F1xx_HAL_Driver\Src\stm32f1xx_hal_eth.o
 .debug_ranges  0x00000528       0x48 Drivers\STM32F1xx_HAL_Driver\Src\stm32f1xx_hal_gpio.o
 .debug_ranges  0x00000570       0x80 Drivers\STM32F1xx_HAL_Driver\Src\stm32f1xx_hal_rcc.o
 .debug_ranges  0x000005f0      0x1c0 Drivers\STM32F1xx_HAL_Driver\Src\stm32f1xx_hal_uart.o
 .debug_ranges  0x000007b0       0x38 Middlewares\Third_Party\LwIP\src\core\def.o
 .debug_ranges  0x000007e8       0x10 Middlewares\Third_Party\LwIP\src\core\init.o
 .debug_ranges  0x000007f8       0x78 Middlewares\Third_Party\LwIP\src\core\ipv4\etharp.o
 .debug_ranges  0x00000870       0x40 Middlewares\Third_Party\LwIP\src\core\ipv4\icmp.o
 .debug_ranges  0x000008b0       0x30 Middlewares\Third_Party\LwIP\src\core\ipv4\ip4.o
 .debug_ranges  0x000008e0       0x38 Middlewares\Third_Party\LwIP\src\core\ipv4\ip4_addr.o