stm32f1xx_hal_eth.c:176:19:HAL_ETH_Init	40	static
stm32f1xx_hal_eth.c:437:19:HAL_ETH_DeInit	16	static
stm32f1xx_hal_eth.c:464:19:HAL_ETH_DMATxDescListInit	32	static
stm32f1xx_hal_eth.c:531:19:HAL_ETH_DMARxDescListInit	32	static
stm32f1xx_hal_eth.c:598:13:HAL_ETH_MspInit	16	static
stm32f1xx_hal_eth.c:613:13:HAL_ETH_MspDeInit	16	static
stm32f1xx_hal_eth.c:656:19:HAL_ETH_TransmitFrame	32	static
stm32f1xx_hal_eth.c:769:19:HAL_ETH_GetReceivedFrame	24	static
stm32f1xx_hal_eth.c:849:19:HAL_ETH_GetReceivedFrame_IT	24	static
stm32f1xx_hal_eth.c:934:6:HAL_ETH_IRQHandler	16	static
stm32f1xx_hal_eth.c:994:13:HAL_ETH_TxCpltCallback	16	static
stm32f1xx_hal_eth.c:1009:13:HAL_ETH_RxCpltCallback	16	static
stm32f1xx_hal_eth.c:1024:13:HAL_ETH_ErrorCallback	16	static
stm32f1xx_hal_eth.c:1045:19:HAL_ETH_ReadPHYRegister	32	static
stm32f1xx_hal_eth.c:1117:19:HAL_ETH_WritePHYRegister	32	static
stm32f1xx_hal_eth.c:1209:19:HAL_ETH_Start	16	static
stm32f1xx_hal_eth.c:1248:19:HAL_ETH_Stop	16	static
stm32f1xx_hal_eth.c:1288:19:HAL_ETH_ConfigMAC	24	static
stm32f1xx_hal_eth.c:1455:19:HAL_ETH_ConfigDMA	24	static
stm32f1xx_hal_eth.c:1560:22:HAL_ETH_GetState	16	static
stm32f1xx_hal_eth.c:1585:13:ETH_MACDMAConfig	200	static
stm32f1xx_hal_eth.c:1845:13:ETH_MACAddressConfig	32	static
stm32f1xx_hal_eth.c:1872:13:ETH_MACTransmissionEnable	24	static
stm32f1xx_hal_eth.c:1892:13:ETH_MACTransmissionDisable	24	static
stm32f1xx_hal_eth.c:1912:13:ETH_MACReceptionEnable	24	static
stm32f1xx_hal_eth.c:1932:13:ETH_MACReceptionDisable	24	static
stm32f1xx_hal_eth.c:1952:13:ETH_DMATransmissionEnable	16	static
stm32f1xx_hal_eth.c:1964:13:ETH_DMATransmissionDisable	16	static
stm32f1xx_hal_eth.c:1976:13:ETH_DMAReceptionEnable	16	static
stm32f1xx_hal_eth.c:1988:13:ETH_DMAReceptionDisable	16	static
stm32f1xx_hal_eth.c:2000:13:ETH_FlushTransmitFIFO	24	static
stm32f1xx_hal_eth.c:2019:13:ETH_Delay	24	static
