stm32f1xx_hal_eth.c:2019:13:ETH_Delay.constprop	8	static
stm32f1xx_hal_eth.c:2000:13:ETH_FlushTransmitFIFO	16	static
stm32f1xx_hal_eth.c:1585:13:ETH_MACDMAConfig	16	static
stm32f1xx_hal_eth.c:464:19:HAL_ETH_DMATxDescListInit	20	static
stm32f1xx_hal_eth.c:531:19:HAL_ETH_DMARxDescListInit	24	static
stm32f1xx_hal_eth.c:598:13:HAL_ETH_MspInit	0	static
stm32f1xx_hal_eth.c:613:13:HAL_ETH_MspDeInit	0	static
stm32f1xx_hal_eth.c:437:19:HAL_ETH_DeInit	8	static
stm32f1xx_hal_eth.c:656:19:HAL_ETH_TransmitFrame	20	static
stm32f1xx_hal_eth.c:769:19:HAL_ETH_GetReceivedFrame	12	static
stm32f1xx_hal_eth.c:849:19:HAL_ETH_GetReceivedFrame_IT	12	static
stm32f1xx_hal_eth.c:994:13:HAL_ETH_TxCpltCallback	0	static
stm32f1xx_hal_eth.c:1009:13:HAL_ETH_RxCpltCallback	0	static
stm32f1xx_hal_eth.c:1024:13:HAL_ETH_ErrorCallback	0	static
stm32f1xx_hal_eth.c:934:6:HAL_ETH_IRQHandler	16	static
stm32f1xx_hal_eth.c:1045:19:HAL_ETH_ReadPHYRegister	24	static
stm32f1xx_hal_eth.c:1117:19:HAL_ETH_WritePHYRegister	16	static
stm32f1xx_hal_eth.c:176:19:HAL_ETH_Init	32	static
stm32f1xx_hal_eth.c:1209:19:HAL_ETH_Start	24	static
stm32f1xx_hal_eth.c:1248:19:HAL_ETH_Stop	24	static
stm32f1xx_hal_eth.c:1288:19:HAL_ETH_ConfigMAC	24	static
stm32f1xx_hal_eth.c:1455:19:HAL_ETH_ConfigDMA	24	static
stm32f1xx_hal_eth.c:1560:22:HAL_ETH_GetState	0	static
